Archive member included to satisfy reference by file (symbol)

C:/msys64/opt/devkitpro/libctru/lib\libctru.a(console.o)
                              main.o (consoleInit)
C:/msys64/opt/devkitpro/libctru/lib\libctru.a(gfx.o)
                              C:/msys64/opt/devkitpro/libctru/lib\libctru.a(console.o) (gfxSetScreenFormat)
C:/msys64/opt/devkitpro/libctru/lib\libctru.a(gx.o)
                              C:/msys64/opt/devkitpro/libctru/lib\libctru.a(gfx.o) (gxCmdBuf)
C:/msys64/opt/devkitpro/libctru/lib\libctru.a(gspgpu.o)
                              C:/msys64/opt/devkitpro/libctru/lib\libctru.a(gfx.o) (gspInit)
C:/msys64/opt/devkitpro/libctru/lib\libctru.a(apt.o)
                              main.o (aptMainLoop)
C:/msys64/opt/devkitpro/libctru/lib\libctru.a(hid.o)
                              main.o (hidScanInput)
C:/msys64/opt/devkitpro/libctru/lib\libctru.a(initSystem.o)
                              C:/msys64/opt/devkitpro/libctru/lib\libctru.a(apt.o) (__system_retAddr)
C:/msys64/opt/devkitpro/libctru/lib\libctru.a(syscalls.o)
                              C:/msys64/opt/devkitpro/libctru/lib\libctru.a(initSystem.o) (__system_initSyscalls)
C:/msys64/opt/devkitpro/libctru/lib\libctru.a(allocateHeaps.o)
                              C:/msys64/opt/devkitpro/libctru/lib\libctru.a(initSystem.o) (__system_allocateHeaps)
C:/msys64/opt/devkitpro/libctru/lib\libctru.a(initArgv.o)
                              C:/msys64/opt/devkitpro/libctru/lib\libctru.a(initSystem.o) (__system_initArgv)
C:/msys64/opt/devkitpro/libctru/lib\libctru.a(svc.o)
                              C:/msys64/opt/devkitpro/libctru/lib\libctru.a(allocateHeaps.o) (svcControlMemory)
C:/msys64/opt/devkitpro/libctru/lib\libctru.a(stack_adjust.o)
                              c:/msys64/opt/devkitpro/devkitarm/bin/../lib/gcc/arm-none-eabi/9.1.0/../../../../arm-none-eabi/lib/armv6k/fpu/3dsx_crt0.o (initSystem)
C:/msys64/opt/devkitpro/libctru/lib\libctru.a(default_font.bin.o)
                              C:/msys64/opt/devkitpro/libctru/lib\libctru.a(console.o) (default_font_bin)
C:/msys64/opt/devkitpro/libctru/lib\libctru.a(vram.o)
                              C:/msys64/opt/devkitpro/libctru/lib\libctru.a(gfx.o) (vramAlloc)
C:/msys64/opt/devkitpro/libctru/lib\libctru.a(mappable.o)
                              C:/msys64/opt/devkitpro/libctru/lib\libctru.a(gfx.o) (mappableAlloc)
C:/msys64/opt/devkitpro/libctru/lib\libctru.a(linear.o)
                              C:/msys64/opt/devkitpro/libctru/lib\libctru.a(gfx.o) (linearAlloc)
C:/msys64/opt/devkitpro/libctru/lib\libctru.a(mem_pool.o)
                              C:/msys64/opt/devkitpro/libctru/lib\libctru.a(vram.o) (MemPool::Allocate(MemChunk&, unsigned long, int))
C:/msys64/opt/devkitpro/libctru/lib\libctru.a(synchronization.o)
                              C:/msys64/opt/devkitpro/libctru/lib\libctru.a(initSystem.o) (__sync_init)
C:/msys64/opt/devkitpro/libctru/lib\libctru.a(os.o)
                              C:/msys64/opt/devkitpro/libctru/lib\libctru.a(allocateHeaps.o) (osGetMemRegionUsed)
C:/msys64/opt/devkitpro/libctru/lib\libctru.a(srv.o)
                              C:/msys64/opt/devkitpro/libctru/lib\libctru.a(apt.o) (srvInit)
C:/msys64/opt/devkitpro/libctru/lib\libctru.a(thread.o)
                              C:/msys64/opt/devkitpro/libctru/lib\libctru.a(gspgpu.o) (threadCreate)
C:/msys64/opt/devkitpro/libctru/lib\libctru.a(irrst.o)
                              C:/msys64/opt/devkitpro/libctru/lib\libctru.a(hid.o) (irrstScanInput)
C:/msys64/opt/devkitpro/libctru/lib\libctru.a(srvpm.o)
                              C:/msys64/opt/devkitpro/libctru/lib\libctru.a(srv.o) (srvPmGetSessionHandle)
C:/msys64/opt/devkitpro/libctru/lib\libctru.a(ptmsysm.o)
                              C:/msys64/opt/devkitpro/libctru/lib\libctru.a(os.o) (ptmSysmInit)
C:/msys64/opt/devkitpro/libctru/lib\libctru.a(rbtree_init.o)
                              C:/msys64/opt/devkitpro/libctru/lib\libctru.a(vram.o) (rbtree_init)
C:/msys64/opt/devkitpro/libctru/lib\libctru.a(rbtree_insert.o)
                              C:/msys64/opt/devkitpro/libctru/lib\libctru.a(vram.o) (rbtree_insert)
C:/msys64/opt/devkitpro/libctru/lib\libctru.a(rbtree_rotate.o)
                              C:/msys64/opt/devkitpro/libctru/lib\libctru.a(rbtree_insert.o) (rbtree_rotate)
C:/msys64/opt/devkitpro/libctru/lib\libctru.a(rbtree_remove.o)
                              C:/msys64/opt/devkitpro/libctru/lib\libctru.a(vram.o) (rbtree_remove)
C:/msys64/opt/devkitpro/libctru/lib\libctru.a(rbtree_find.o)
                              C:/msys64/opt/devkitpro/libctru/lib\libctru.a(vram.o) (rbtree_find)
C:/msys64/opt/devkitpro/libctru/lib\libctru.a(appInit.o)
                              C:/msys64/opt/devkitpro/libctru/lib\libctru.a(stack_adjust.o) (__appInit)
C:/msys64/opt/devkitpro/libctru/lib\libctru.a(appExit.o)
[...]
Memory Configuration

Name             Origin             Length             Attributes
*default*        0x0000000000000000 0xffffffffffffffff

Linker script and memory map

                0x0000000000100000                PROVIDE (__start__ = 0x100000)
                0x0000000000100000                . = __start__

.text           0x0000000000100000    0x1bce0
 *(.crt0)
 .crt0          0x0000000000100000       0x94 c:/msys64/opt/devkitpro/devkitarm/bin/../lib/gcc/arm-none-eabi/9.1.0/../../../../arm-none-eabi/lib/armv6k/fpu/3dsx_crt0.o
                0x0000000000100000                _start
                0x0000000000100008                __service_ptr
                0x000000000010000c                __apt_appid
                0x0000000000100010                __heap_size
                0x0000000000100014                __linear_heap_size
                0x0000000000100018                __system_arglist
                0x000000000010001c                __system_runflags
 *(.init)
 .init          0x0000000000100094        0xc c:/msys64/opt/devkitpro/devkitarm/bin/../lib/gcc/arm-none-eabi/9.1.0/armv6k/fpu/crti.o
                0x0000000000100094                _init
 .init          0x00000000001000a0        0xc c:/msys64/opt/devkitpro/devkitarm/bin/../lib/gcc/arm-none-eabi/9.1.0/armv6k/fpu/crtn.o
                0x00000000001000ac                . = ALIGN (0x4)
 *(.text)
 .text          0x00000000001000ac       0x64 C:/msys64/opt/devkitpro/libctru/lib\libctru.a(stack_adjust.o)
                0x00000000001000ac                initSystem
                0x00000000001000f0                __ctru_exit
 .text          0x0000000000100110      0x240 c:/msys64/opt/devkitpro/devkitarm/bin/../lib/gcc/arm-none-eabi/9.1.0/armv6k/fpu\libgcc.a(_divsi3.o)
                0x0000000000100110                __divsi3
                0x0000000000100110                __aeabi_idiv
                0x0000000000100330                __aeabi_idivmod
 .text          0x0000000000100350        0x4 c:/msys64/opt/devkitpro/devkitarm/bin/../lib/gcc/arm-none-eabi/9.1.0/armv6k/fpu\libgcc.a(_dvmd_tls.o)
                0x0000000000100350                __aeabi_idiv0
                0x0000000000100350                __aeabi_ldiv0
 .text          0x0000000000100354       0x3c c:/msys64/opt/devkitpro/devkitarm/bin/../lib/gcc/arm-none-eabi/9.1.0/armv6k/fpu\libgcc.a(_aeabi_uldivmod.o)
                0x0000000000100354                __aeabi_uldivmod
 .text          0x0000000000100390      0x1a8 c:/msys64/opt/devkitpro/devkitarm/bin/../lib/gcc/arm-none-eabi/9.1.0/armv6k/fpu\libgcc.a(libunwind.o)
                0x0000000000100390                __restore_core_regs
                0x0000000000100390                restore_core_regs
                0x00000000001003a4                __gnu_Unwind_Restore_VFP
                0x00000000001003ac                __gnu_Unwind_Save_VFP
                0x00000000001003b4                __gnu_Unwind_Restore_VFP_D
                0x00000000001003bc                __gnu_Unwind_Save_VFP_D
                0x00000000001003c4                __gnu_Unwind_Restore_VFP_D_16_to_31
                0x00000000001003cc                __gnu_Unwind_Save_VFP_D_16_to_31
                0x00000000001003d4                __gnu_Unwind_Restore_WMMXD
                0x0000000000100418                __gnu_Unwind_Save_WMMXD
                0x000000000010045c                __gnu_Unwind_Restore_WMMXC
                0x0000000000100470                __gnu_Unwind_Save_WMMXC
                0x0000000000100484                ___Unwind_RaiseException
                0x0000000000100484                _Unwind_RaiseException
                0x00000000001004a8                _Unwind_Resume
                0x00000000001004a8                ___Unwind_Resume
                0x00000000001004cc                _Unwind_Resume_or_Rethrow
                0x00000000001004cc                ___Unwind_Resume_or_Rethrow
                0x00000000001004f0                _Unwind_ForcedUnwind
                0x00000000001004f0                ___Unwind_ForcedUnwind
                0x0000000000100514                ___Unwind_Backtrace
                0x0000000000100514                _Unwind_Backtrace
 *fill*         0x0000000000100538        0x8 
 .text          0x0000000000100540      0x390 c:/msys64/opt/devkitpro/devkitarm/bin/../lib/gcc/arm-none-eabi/9.1.0/../../../../arm-none-eabi/lib/armv6k/fpu\libg.a(lib_a-strcmp.o)
                0x0000000000100548                strcmp
 .text          0x00000000001008d0      0x20c c:/msys64/opt/devkitpro/devkitarm/bin/../lib/gcc/arm-none-eabi/9.1.0/armv6k/fpu\libgcc.a(_udivsi3.o)
                0x00000000001008d0                __aeabi_uidiv
                0x00000000001008d0                __udivsi3
                0x0000000000100abc                __aeabi_uidivmod
 .text          0x0000000000100adc      0x3c0 c:/msys64/opt/devkitpro/devkitarm/bin/../lib/gcc/arm-none-eabi/9.1.0/armv6k/fpu\libgcc.a(_arm_addsubdf3.o)
                0x0000000000100adc                __aeabi_drsub
                0x0000000000100ae4                __aeabi_dsub
                0x0000000000100ae4                __subdf3
                0x0000000000100ae8                __aeabi_dadd
                0x0000000000100ae8                __adddf3
                0x0000000000100d94                __floatunsidf
                0x0000000000100d94                __aeabi_ui2d
                0x0000000000100db8                __floatsidf
                0x0000000000100db8                __aeabi_i2d
                0x0000000000100de0                __aeabi_f2d
                0x0000000000100de0                __extendsfdf2
                0x0000000000100e28                __floatundidf
                0x0000000000100e28                __aeabi_ul2d
                0x0000000000100e3c                __floatdidf
                0x0000000000100e3c                __aeabi_l2d
 *(.text.*)
 .text.deregister_tm_clones
                0x0000000000100e9c       0x2c c:/msys64/opt/devkitpro/devkitarm/bin/../lib/gcc/arm-none-eabi/9.1.0/armv6k/fpu/crtbegin.o
 .text.register_tm_clones
                0x0000000000100ec8       0x38 c:/msys64/opt/devkitpro/devkitarm/bin/../lib/gcc/arm-none-eabi/9.1.0/armv6k/fpu/crtbegin.o
 .text.__do_global_dtors_aux
                0x0000000000100f00       0x44 c:/msys64/opt/devkitpro/devkitarm/bin/../lib/gcc/arm-none-eabi/9.1.0/armv6k/fpu/crtbegin.o
 .text.frame_dummy
                0x0000000000100f44       0x34 c:/msys64/opt/devkitpro/devkitarm/bin/../lib/gcc/arm-none-eabi/9.1.0/armv6k/fpu/crtbegin.o
 .text.startup.main
                0x0000000000100f78       0x88 main.o
                0x0000000000100f78                main
 .text._ZNSt17_Function_handlerIFSt10unique_ptrIN7Daycare4SaveESt14default_deleteIS2_EEPKcEPFS0_INS1_10GenOneSaveES3_IS9_EEOS7_EE9_M_invokeERKSt9_Any_dataSC_
                0x0000000000101000       0x30 save.o
                0x0000000000101000                std::_Function_handler<std::unique_ptr<Daycare::Save, std::default_delete<Daycare::Save> > (char const*), std::unique_ptr<Daycare::GenOneSave, std::default_delete<Daycare::GenOneSave> > (*)(char const*&&)>::_M_invoke(std::_Any_data const&, char const*&&)
 .text._ZNSt14_Function_base13_Base_managerIPFSt10unique_ptrIN7Daycare10GenOneSaveESt14default_deleteIS3_EEOPKcEE10_M_managerERSt9_Any_dataRKSD_St18_Manager_operation
                0x0000000000101030       0x20 save.o
                0x0000000000101030                std::_Function_base::_Base_manager<std::unique_ptr<Daycare::GenOneSave, std::default_delete<Daycare::GenOneSave> > (*)(char const*&&)>::_M_manager(std::_Any_data&, std::_Any_data const&, std::_Manager_operation)
 .text._ZNSt17_Function_handlerIFSt10unique_ptrIN7Daycare4SaveESt14default_deleteIS2_EEPKcEPFS0_INS1_10GenTwoSaveES3_IS9_EEOS7_EE9_M_invokeERKSt9_Any_dataSC_
                0x0000000000101050       0x30 save.o
                0x0000000000101050                std::_Function_handler<std::unique_ptr<Daycare::Save, std::default_delete<Daycare::Save> > (char const*), std::unique_ptr<Daycare::GenTwoSave, std::default_delete<Daycare::GenTwoSave> > (*)(char const*&&)>::_M_invoke(std::_Any_data const&, char const*&&)
 .text._ZNSt14_Function_base13_Base_managerIPFSt10unique_ptrIN7Daycare10GenTwoSaveESt14default_deleteIS3_EEOPKcEE10_M_managerERSt9_Any_dataRKSD_St18_Manager_operation
                0x0000000000101080       0x20 save.o
                0x0000000000101080                std::_Function_base::_Base_manager<std::unique_ptr<Daycare::GenTwoSave, std::default_delete<Daycare::GenTwoSave> > (*)(char const*&&)>::_M_manager(std::_Any_data&, std::_Any_data const&, std::_Manager_operation)
 .text._ZN7Daycare10GenOneSaveD2Ev
                0x00000000001010a0        0x4 save.o
                0x00000000001010a0                Daycare::GenOneSave::~GenOneSave()
                0x00000000001010a0                Daycare::GenOneSave::~GenOneSave()
 .text._ZN7Daycare10GenTwoSaveD2Ev
                0x00000000001010a4        0x4 save.o
                0x00000000001010a4                Daycare::GenTwoSave::~GenTwoSave()
                0x00000000001010a4                Daycare::GenTwoSave::~GenTwoSave()
 .text._ZNSt5arrayISt8functionIFSt10unique_ptrIN7Daycare4SaveESt14default_deleteIS3_EEPKcEELj2EED2Ev
                0x00000000001010a8       0x48 save.o
                0x00000000001010a8                std::array<std::function<std::unique_ptr<Daycare::Save, std::default_delete<Daycare::Save> > (char const*)>, 2u>::~array()
                0x00000000001010a8                std::array<std::function<std::unique_ptr<Daycare::Save, std::default_delete<Daycare::Save> > (char const*)>, 2u>::~array()
 .text._ZSt11make_uniqueIN7Daycare10GenOneSaveEJPKcEENSt9_MakeUniqIT_E15__single_objectEDpOT0_
                0x00000000001010f0       0x34 save.o
                0x00000000001010f0                std::_MakeUniq<Daycare::GenOneSave>::__single_object std::make_unique<Daycare::GenOneSave, char const*>(char const*&&)
 .text._ZSt11make_uniqueIN7Daycare10GenTwoSaveEJPKcEENSt9_MakeUniqIT_E15__single_objectEDpOT0_
                0x0000000000101124       0x34 save.o
                0x0000000000101124                std::_MakeUniq<Daycare::GenTwoSave>::__single_object std::make_unique<Daycare::GenTwoSave, char const*>(char const*&&)
 .text._ZN7Daycare10GenTwoSaveD0Ev
                0x0000000000101158       0x18 save.o
                0x0000000000101158                Daycare::GenTwoSave::~GenTwoSave()
 .text._ZN7Daycare10GenOneSaveD0Ev
                0x0000000000101170       0x18 save.o
                0x0000000000101170                Daycare::GenOneSave::~GenOneSave()
 .text.startup._GLOBAL__sub_I__ZN7Daycare5savesE
                0x0000000000101188       0x6c save.o
 .text.consoleDrawChar
                0x00000000001011f4      0x1b8 C:/msys64/opt/devkitpro/libctru/lib\libctru.a(console.o)
                0x00000000001011f4                consoleDrawChar
 .text.consolePrintChar
                0x00000000001013ac      0x124 C:/msys64/opt/devkitpro/libctru/lib\libctru.a(console.o)
                0x00000000001013ac                consolePrintChar
 .text.consoleCls
                0x00000000001014d0      0x15c C:/msys64/opt/devkitpro/libctru/lib\libctru.a(console.o)
 .text.consoleInit
                0x000000000010162c      0x104 C:/msys64/opt/devkitpro/libctru/lib\libctru.a(console.o)
                0x000000000010162c                consoleInit
 .text.consoleClearLine
                0x0000000000101730      0x10c C:/msys64/opt/devkitpro/libctru/lib\libctru.a(console.o)
 .text.newRow   0x000000000010183c       0xc4 C:/msys64/opt/devkitpro/libctru/lib\libctru.a(console.o)
 .text.con_write
                0x0000000000101900      0x7cc C:/msys64/opt/devkitpro/libctru/lib\libctru.a(console.o)
                0x0000000000101900                con_write
 .text.gfxSetFramebufferInfo.part.0
                0x00000000001020cc       0x8c C:/msys64/opt/devkitpro/libctru/lib\libctru.a(gfx.o)
 .text.gfxSetFramebufferInfo
                0x0000000000102158       0x6c C:/msys64/opt/devkitpro/libctru/lib\libctru.a(gfx.o)
 .text.gfxGetFramebuffer.part.0
                0x00000000001021c4       0x58 C:/msys64/opt/devkitpro/libctru/lib\libctru.a(gfx.o)
 .text.__get_bytes_per_pixel
                0x000000000010221c       0x18 C:/msys64/opt/devkitpro/libctru/lib\libctru.a(gfx.o)
                0x000000000010221c                __get_bytes_per_pixel
 .text.gfxSetScreenFormat
                0x0000000000102234      0x184 C:/msys64/opt/devkitpro/libctru/lib\libctru.a(gfx.o)
                0x0000000000102234                gfxSetScreenFormat
 .text.gfxSetDoubleBuffering
                0x00000000001023b8       0x10 C:/msys64/opt/devkitpro/libctru/lib\libctru.a(gfx.o)
                0x00000000001023b8                gfxSetDoubleBuffering
 .text.gfxInit  0x00000000001023c8      0x214 C:/msys64/opt/devkitpro/libctru/lib\libctru.a(gfx.o)
                0x00000000001023c8                gfxInit
 .text.gfxInitDefault
                0x00000000001025dc       0x10 C:/msys64/opt/devkitpro/libctru/lib\libctru.a(gfx.o)
                0x00000000001025dc                gfxInitDefault
 .text.gfxExit  0x00000000001025ec       0xe0 C:/msys64/opt/devkitpro/libctru/lib\libctru.a(gfx.o)
                0x00000000001025ec                gfxExit
 .text.gfxGetFramebuffer
                0x00000000001026cc       0x64 C:/msys64/opt/devkitpro/libctru/lib\libctru.a(gfx.o)
                0x00000000001026cc                gfxGetFramebuffer
 .text.gfxFlushBuffers
                0x0000000000102730       0xcc C:/msys64/opt/devkitpro/libctru/lib\libctru.a(gfx.o)
                0x0000000000102730                gfxFlushBuffers
 .text.gfxConfigScreen
                0x00000000001027fc       0xf4 C:/msys64/opt/devkitpro/libctru/lib\libctru.a(gfx.o)
                0x00000000001027fc                gfxConfigScreen
 .text.gfxSwapBuffers
                0x00000000001028f0       0x20 C:/msys64/opt/devkitpro/libctru/lib\libctru.a(gfx.o)
                0x00000000001028f0                gfxSwapBuffers
 .text.gfxSwapBuffersGpu
                0x0000000000102910       0x20 C:/msys64/opt/devkitpro/libctru/lib\libctru.a(gfx.o)
                0x0000000000102910                gfxSwapBuffersGpu
 .text.gspInit  0x0000000000102930       0x74 C:/msys64/opt/devkitpro/libctru/lib\libctru.a(gspgpu.o)
                0x0000000000102930                gspInit
 .text.gspExit  0x00000000001029a4       0x3c C:/msys64/opt/devkitpro/libctru/lib\libctru.a(gspgpu.o)
                0x00000000001029a4                gspExit
 .text.gspInitEventHandler
                0x00000000001029e0       0xa4 C:/msys64/opt/devkitpro/libctru/lib\libctru.a(gspgpu.o)
                0x00000000001029e0                gspInitEventHandler
 .text.gspExitEventHandler
                0x0000000000102a84       0x40 C:/msys64/opt/devkitpro/libctru/lib\libctru.a(gspgpu.o)
                0x0000000000102a84                gspExitEventHandler
 .text.gspWaitForEvent
                0x0000000000102ac4       0x50 C:/msys64/opt/devkitpro/libctru/lib\libctru.a(gspgpu.o)
                0x0000000000102ac4                gspWaitForEvent
 .text.gxCmdQueueInterrupt
                0x0000000000102b14        0x4 C:/msys64/opt/devkitpro/libctru/lib\libctru.a(gspgpu.o)
                0x0000000000102b14                gxCmdQueueInterrupt
 .text.gspEventThreadMain
                0x0000000000102b18      0x178 C:/msys64/opt/devkitpro/libctru/lib\libctru.a(gspgpu.o)
 .text.GSPGPU_SetBufferSwap
                0x0000000000102c90       0x6c C:/msys64/opt/devkitpro/libctru/lib\libctru.a(gspgpu.o)
                0x0000000000102c90                GSPGPU_SetBufferSwap
 .text.GSPGPU_FlushDataCache
                0x0000000000102cfc       0x4c C:/msys64/opt/devkitpro/libctru/lib\libctru.a(gspgpu.o)
                0x0000000000102cfc                GSPGPU_FlushDataCache
 .text.GSPGPU_SetLcdForceBlack
                0x0000000000102d48       0x34 C:/msys64/opt/devkitpro/libctru/lib\libctru.a(gspgpu.o)
                0x0000000000102d48                GSPGPU_SetLcdForceBlack
 .text.GSPGPU_RegisterInterruptRelayQueue
                0x0000000000102d7c       0x64 C:/msys64/opt/devkitpro/libctru/lib\libctru.a(gspgpu.o)
                0x0000000000102d7c                GSPGPU_RegisterInterruptRelayQueue
 .text.GSPGPU_UnregisterInterruptRelayQueue
                0x0000000000102de0       0x2c C:/msys64/opt/devkitpro/libctru/lib\libctru.a(gspgpu.o)
                0x0000000000102de0                GSPGPU_UnregisterInterruptRelayQueue
 .text.GSPGPU_AcquireRight
                0x0000000000102e0c       0x48 C:/msys64/opt/devkitpro/libctru/lib\libctru.a(gspgpu.o)
                0x0000000000102e0c                GSPGPU_AcquireRight
 .text.GSPGPU_ReleaseRight
                0x0000000000102e54       0x2c C:/msys64/opt/devkitpro/libctru/lib\libctru.a(gspgpu.o)
                0x0000000000102e54                GSPGPU_ReleaseRight
 .text.GSPGPU_ImportDisplayCaptureInfo
                0x0000000000102e80       0x80 C:/msys64/opt/devkitpro/libctru/lib\libctru.a(gspgpu.o)
                0x0000000000102e80                GSPGPU_ImportDisplayCaptureInfo
 .text.GSPGPU_SaveVramSysArea
                0x0000000000102f00       0x2c C:/msys64/opt/devkitpro/libctru/lib\libctru.a(gspgpu.o)
                0x0000000000102f00                GSPGPU_SaveVramSysArea
 .text.GSPGPU_RestoreVramSysArea
                0x0000000000102f2c       0x2c C:/msys64/opt/devkitpro/libctru/lib\libctru.a(gspgpu.o)
                0x0000000000102f2c                GSPGPU_RestoreVramSysArea
 .text._aptDebug
                0x0000000000102f58        0x4 C:/msys64/opt/devkitpro/libctru/lib\libctru.a(apt.o)
                0x0000000000102f58                _aptDebug
 .text.aptSendCommand
                0x0000000000102f5c      0x170 C:/msys64/opt/devkitpro/libctru/lib\libctru.a(apt.o)
                0x0000000000102f5c                aptSendCommand
 .text.aptExitProcess
                0x00000000001030cc       0x3c C:/msys64/opt/devkitpro/libctru/lib\libctru.a(apt.o)
 .text.APT_InquireNotification
                0x0000000000103108       0x50 C:/msys64/opt/devkitpro/libctru/lib\libctru.a(apt.o)
                0x0000000000103108                APT_InquireNotification
 .text.aptEventHandler
                0x0000000000103158      0x194 C:/msys64/opt/devkitpro/libctru/lib\libctru.a(apt.o)
 .text.APT_AppletUtility
                0x00000000001032ec       0x74 C:/msys64/opt/devkitpro/libctru/lib\libctru.a(apt.o)
                0x00000000001032ec                APT_AppletUtility
 .text.aptSetSleepAllowed
                0x0000000000103360       0xb0 C:/msys64/opt/devkitpro/libctru/lib\libctru.a(apt.o)
                0x0000000000103360                aptSetSleepAllowed
 .text.APT_GlanceParameter
                0x0000000000103410       0xb4 C:/msys64/opt/devkitpro/libctru/lib\libctru.a(apt.o)
                0x0000000000103410                APT_GlanceParameter
 .text.APT_ReceiveParameter
                0x00000000001034c4       0xc8 C:/msys64/opt/devkitpro/libctru/lib\libctru.a(apt.o)
                0x00000000001034c4                APT_ReceiveParameter
 .text.aptReceiveParameter.constprop.0
                0x000000000010358c       0xbc C:/msys64/opt/devkitpro/libctru/lib\libctru.a(apt.o)
 .text.aptScreenTransfer
                0x0000000000103648      0x1e0 C:/msys64/opt/devkitpro/libctru/lib\libctru.a(apt.o)
 .text.aptWaitForWakeUp
                0x0000000000103828      0x210 C:/msys64/opt/devkitpro/libctru/lib\libctru.a(apt.o)
 .text.APT_CancelParameter
                0x0000000000103a38       0x70 C:/msys64/opt/devkitpro/libctru/lib\libctru.a(apt.o)
                0x0000000000103a38                APT_CancelParameter
 .text.aptInit  0x0000000000103aa8      0x25c C:/msys64/opt/devkitpro/libctru/lib\libctru.a(apt.o)
                0x0000000000103aa8                aptInit
 .text.aptClearParamQueue
                0x0000000000103d04       0x88 C:/msys64/opt/devkitpro/libctru/lib\libctru.a(apt.o)
 .text.aptMainLoop
                0x0000000000103d8c      0x264 C:/msys64/opt/devkitpro/libctru/lib\libctru.a(apt.o)
                0x0000000000103d8c                aptMainLoop
 .text.aptExit  0x0000000000103ff0      0x254 C:/msys64/opt/devkitpro/libctru/lib\libctru.a(apt.o)
                0x0000000000103ff0                aptExit
 .text.APT_CheckNew3DS
                0x0000000000104244       0x7c C:/msys64/opt/devkitpro/libctru/lib\libctru.a(apt.o)
                0x0000000000104244                APT_CheckNew3DS
 .text.hidCheckSectionUpdateTime.part.0
                0x00000000001042c0       0x28 C:/msys64/opt/devkitpro/libctru/lib\libctru.a(hid.o)
 .text.hidExit  0x00000000001042e8       0xd0 C:/msys64/opt/devkitpro/libctru/lib\libctru.a(hid.o)
                0x00000000001042e8                hidExit
 .text.hidScanInput
                0x00000000001043b8      0x1d8 C:/msys64/opt/devkitpro/libctru/lib\libctru.a(hid.o)
                0x00000000001043b8                hidScanInput
 .text.hidKeysDown
                0x0000000000104590       0x10 C:/msys64/opt/devkitpro/libctru/lib\libctru.a(hid.o)
                0x0000000000104590                hidKeysDown
 .text.HIDUSER_GetHandles
                0x00000000001045a0       0x90 C:/msys64/opt/devkitpro/libctru/lib\libctru.a(hid.o)
                0x00000000001045a0                HIDUSER_GetHandles
 .text.hidInit  0x0000000000104630      0x1a4 C:/msys64/opt/devkitpro/libctru/lib\libctru.a(hid.o)
                0x0000000000104630                hidInit
 .text.__libctru_init
                0x00000000001047d4       0x38 C:/msys64/opt/devkitpro/libctru/lib\libctru.a(initSystem.o)
                0x00000000001047d4                __libctru_init
 .text.__libctru_nanosleep
                0x000000000010480c       0x34 C:/msys64/opt/devkitpro/libctru/lib\libctru.a(syscalls.o)
 .text.__ctru_get_reent
                0x0000000000104840       0x30 C:/msys64/opt/devkitpro/libctru/lib\libctru.a(syscalls.o)
 .text.__system_initSyscalls
                0x0000000000104870       0xfc C:/msys64/opt/devkitpro/libctru/lib\libctru.a(syscalls.o)
                0x0000000000104870                __system_initSyscalls
 .text.__system_allocateHeaps
                0x000000000010496c      0x100 C:/msys64/opt/devkitpro/libctru/lib\libctru.a(allocateHeaps.o)
                0x000000000010496c                __system_allocateHeaps
 .text.__system_initArgv
                0x0000000000104a6c       0xf0 C:/msys64/opt/devkitpro/libctru/lib\libctru.a(initArgv.o)
                0x0000000000104a6c                __system_initArgv
 .text.svcControlMemory
                0x0000000000104b5c       0x20 C:/msys64/opt/devkitpro/libctru/lib\libctru.a(svc.o)
                0x0000000000104b5c                svcControlMemory
 .text.svcExitProcess
                0x0000000000104b7c        0x8 C:/msys64/opt/devkitpro/libctru/lib\libctru.a(svc.o)
                0x0000000000104b7c                svcExitProcess
 .text.svcCreateThread
                0x0000000000104b84       0x20 C:/msys64/opt/devkitpro/libctru/lib\libctru.a(svc.o)
                0x0000000000104b84                svcCreateThread
 .text.svcExitThread
                0x0000000000104ba4        0x8 C:/msys64/opt/devkitpro/libctru/lib\libctru.a(svc.o)
                0x0000000000104ba4                svcExitThread
 .text.svcSleepThread
                0x0000000000104bac        0x8 C:/msys64/opt/devkitpro/libctru/lib\libctru.a(svc.o)
                0x0000000000104bac                svcSleepThread
 .text.svcReleaseMutex
                0x0000000000104bb4        0x8 C:/msys64/opt/devkitpro/libctru/lib\libctru.a(svc.o)
                0x0000000000104bb4                svcReleaseMutex
 .text.svcCreateEvent
                0x0000000000104bbc       0x14 C:/msys64/opt/devkitpro/libctru/lib\libctru.a(svc.o)
                0x0000000000104bbc                svcCreateEvent
 .text.svcSignalEvent
                0x0000000000104bd0        0x8 C:/msys64/opt/devkitpro/libctru/lib\libctru.a(svc.o)
                0x0000000000104bd0                svcSignalEvent
 .text.svcClearEvent
                0x0000000000104bd8        0x8 C:/msys64/opt/devkitpro/libctru/lib\libctru.a(svc.o)
                0x0000000000104bd8                svcClearEvent
 .text.svcMapMemoryBlock
                0x0000000000104be0        0x8 C:/msys64/opt/devkitpro/libctru/lib\libctru.a(svc.o)
                0x0000000000104be0                svcMapMemoryBlock
 .text.svcUnmapMemoryBlock
                0x0000000000104be8        0x8 C:/msys64/opt/devkitpro/libctru/lib\libctru.a(svc.o)
                0x0000000000104be8                svcUnmapMemoryBlock
 .text.svcCreateAddressArbiter
                0x0000000000104bf0       0x14 C:/msys64/opt/devkitpro/libctru/lib\libctru.a(svc.o)
                0x0000000000104bf0                svcCreateAddressArbiter
 .text.svcArbitrateAddress
                0x0000000000104c04       0x18 C:/msys64/opt/devkitpro/libctru/lib\libctru.a(svc.o)
                0x0000000000104c04                svcArbitrateAddress
 .text.svcCloseHandle
                0x0000000000104c1c        0x8 C:/msys64/opt/devkitpro/libctru/lib\libctru.a(svc.o)
                0x0000000000104c1c                svcCloseHandle
 .text.svcWaitSynchronization
                0x0000000000104c24        0x8 C:/msys64/opt/devkitpro/libctru/lib\libctru.a(svc.o)
                0x0000000000104c24                svcWaitSynchronization
 .text.svcWaitSynchronizationN
                0x0000000000104c2c       0x28 C:/msys64/opt/devkitpro/libctru/lib\libctru.a(svc.o)
                0x0000000000104c2c                svcWaitSynchronizationN
 .text.svcDuplicateHandle
                0x0000000000104c54       0x14 C:/msys64/opt/devkitpro/libctru/lib\libctru.a(svc.o)
                0x0000000000104c54                svcDuplicateHandle
 .text.svcGetSystemTick
                0x0000000000104c68        0x8 C:/msys64/opt/devkitpro/libctru/lib\libctru.a(svc.o)
                0x0000000000104c68                svcGetSystemTick
 .text.svcGetSystemInfo
                0x0000000000104c70       0x18 C:/msys64/opt/devkitpro/libctru/lib\libctru.a(svc.o)
                0x0000000000104c70                svcGetSystemInfo
 .text.svcConnectToPort
                0x0000000000104c88       0x14 C:/msys64/opt/devkitpro/libctru/lib\libctru.a(svc.o)
                0x0000000000104c88                svcConnectToPort
 .text.svcSendSyncRequest
                0x0000000000104c9c        0x8 C:/msys64/opt/devkitpro/libctru/lib\libctru.a(svc.o)
                0x0000000000104c9c                svcSendSyncRequest
 .text.svcBreak
                0x0000000000104ca4        0x8 C:/msys64/opt/devkitpro/libctru/lib\libctru.a(svc.o)
                0x0000000000104ca4                svcBreak
 .text._ZL21addrMapNodeComparatorPK11rbtree_nodeS1_
                0x0000000000104cac       0x24 C:/msys64/opt/devkitpro/libctru/lib\libctru.a(vram.o)
 .text._ZL21addrMapNodeDestructorP11rbtree_node
                0x0000000000104cd0        0x4 C:/msys64/opt/devkitpro/libctru/lib\libctru.a(vram.o)
 .text.vramMemAlign
                0x0000000000104cd4      0x114 C:/msys64/opt/devkitpro/libctru/lib\libctru.a(vram.o)
                0x0000000000104cd4                vramMemAlign
 .text.vramAlloc
                0x0000000000104de8        0x8 C:/msys64/opt/devkitpro/libctru/lib\libctru.a(vram.o)
                0x0000000000104de8                vramAlloc
 .text.vramFree
                0x0000000000104df0       0x54 C:/msys64/opt/devkitpro/libctru/lib\libctru.a(vram.o)
                0x0000000000104df0                vramFree
 .text._ZL21addrMapNodeComparatorPK11rbtree_nodeS1_
                0x0000000000104e44       0x24 C:/msys64/opt/devkitpro/libctru/lib\libctru.a(mappable.o)
 .text._ZL21addrMapNodeDestructorP11rbtree_node
                0x0000000000104e68        0x4 C:/msys64/opt/devkitpro/libctru/lib\libctru.a(mappable.o)
 .text.mappableAlloc
                0x0000000000104e6c       0xe8 C:/msys64/opt/devkitpro/libctru/lib\libctru.a(mappable.o)
                0x0000000000104e6c                mappableAlloc
 .text.mappableFree
                0x0000000000104f54       0x54 C:/msys64/opt/devkitpro/libctru/lib\libctru.a(mappable.o)
                0x0000000000104f54                mappableFree
 .text._ZL21addrMapNodeComparatorPK11rbtree_nodeS1_
                0x0000000000104fa8       0x24 C:/msys64/opt/devkitpro/libctru/lib\libctru.a(linear.o)
 .text._ZL21addrMapNodeDestructorP11rbtree_node
                0x0000000000104fcc        0x4 C:/msys64/opt/devkitpro/libctru/lib\libctru.a(linear.o)
 .text.linearMemAlign
                0x0000000000104fd0      0x124 C:/msys64/opt/devkitpro/libctru/lib\libctru.a(linear.o)
                0x0000000000104fd0                linearMemAlign
 .text.linearAlloc
                0x00000000001050f4        0x8 C:/msys64/opt/devkitpro/libctru/lib\libctru.a(linear.o)
                0x00000000001050f4                linearAlloc
 .text.linearFree
                0x00000000001050fc       0x54 C:/msys64/opt/devkitpro/libctru/lib\libctru.a(linear.o)
                0x00000000001050fc                linearFree
 .text._ZN7MemPool13CoalesceRightEP8MemBlock
                0x0000000000105150       0x8c C:/msys64/opt/devkitpro/libctru/lib\libctru.a(mem_pool.o)
                0x0000000000105150                MemPool::CoalesceRight(MemBlock*)
 .text._ZN7MemPool8AllocateER8MemChunkmi
                0x00000000001051dc      0x174 C:/msys64/opt/devkitpro/libctru/lib\libctru.a(mem_pool.o)
                0x00000000001051dc                MemPool::Allocate(MemChunk&, unsigned long, int)
 .text._ZN7MemPool10DeallocateERK8MemChunk
                0x0000000000105350       0xfc C:/msys64/opt/devkitpro/libctru/lib\libctru.a(mem_pool.o)
                0x0000000000105350                MemPool::Deallocate(MemChunk const&)
 .text.LightLock_Unlock.part.0
                0x000000000010544c       0x38 C:/msys64/opt/devkitpro/libctru/lib\libctru.a(synchronization.o)
 .text.__sync_init
                0x0000000000105484        0xc C:/msys64/opt/devkitpro/libctru/lib\libctru.a(synchronization.o)
                0x0000000000105484                __sync_init
 .text.__sync_fini
                0x0000000000105490       0x18 C:/msys64/opt/devkitpro/libctru/lib\libctru.a(synchronization.o)
                0x0000000000105490                __sync_fini
 .text.__sync_get_arbiter
                0x00000000001054a8       0x10 C:/msys64/opt/devkitpro/libctru/lib\libctru.a(synchronization.o)
                0x00000000001054a8                __sync_get_arbiter
 .text.LightLock_Init
                0x00000000001054b8       0x18 C:/msys64/opt/devkitpro/libctru/lib\libctru.a(synchronization.o)
                0x00000000001054b8                LightLock_Init
 .text.LightLock_Lock
                0x00000000001054d0       0x90 C:/msys64/opt/devkitpro/libctru/lib\libctru.a(synchronization.o)
                0x00000000001054d0                LightLock_Lock
 .text.LightLock_TryLock
                0x0000000000105560       0x34 C:/msys64/opt/devkitpro/libctru/lib\libctru.a(synchronization.o)
                0x0000000000105560                LightLock_TryLock
 .text.LightLock_Unlock
                0x0000000000105594       0x20 C:/msys64/opt/devkitpro/libctru/lib\libctru.a(synchronization.o)
                0x0000000000105594                LightLock_Unlock
 .text.RecursiveLock_Init
                0x00000000001055b4       0x24 C:/msys64/opt/devkitpro/libctru/lib\libctru.a(synchronization.o)
                0x00000000001055b4                RecursiveLock_Init
 .text.RecursiveLock_Lock
                0x00000000001055d8       0x30 C:/msys64/opt/devkitpro/libctru/lib\libctru.a(synchronization.o)
                0x00000000001055d8                RecursiveLock_Lock
 .text.RecursiveLock_TryLock
                0x0000000000105608       0x58 C:/msys64/opt/devkitpro/libctru/lib\libctru.a(synchronization.o)
                0x0000000000105608                RecursiveLock_TryLock
 .text.RecursiveLock_Unlock
                0x0000000000105660       0x38 C:/msys64/opt/devkitpro/libctru/lib\libctru.a(synchronization.o)
                0x0000000000105660                RecursiveLock_Unlock
 .text.LightEvent_Init
                0x0000000000105698       0x38 C:/msys64/opt/devkitpro/libctru/lib\libctru.a(synchronization.o)
                0x0000000000105698                LightEvent_Init
 .text.LightEvent_Clear
                0x00000000001056d0       0x7c C:/msys64/opt/devkitpro/libctru/lib\libctru.a(synchronization.o)
                0x00000000001056d0                LightEvent_Clear
 .text.LightEvent_Signal
                0x000000000010574c       0xdc C:/msys64/opt/devkitpro/libctru/lib\libctru.a(synchronization.o)
                0x000000000010574c                LightEvent_Signal
 .text.LightEvent_Wait
                0x0000000000105828       0xc0 C:/msys64/opt/devkitpro/libctru/lib\libctru.a(synchronization.o)
                0x0000000000105828                LightEvent_Wait
 .text.getSysTime
                0x00000000001058e8       0x58 C:/msys64/opt/devkitpro/libctru/lib\libctru.a(os.o)
 .text.__ctru_speedup_config.part.0
                0x0000000000105940       0x28 C:/msys64/opt/devkitpro/libctru/lib\libctru.a(os.o)
 .text.osGetMemRegionUsed
                0x0000000000105968       0x24 C:/msys64/opt/devkitpro/libctru/lib\libctru.a(os.o)
                0x0000000000105968                osGetMemRegionUsed
 *fill*         0x000000000010598c        0x4 
 .text.__libctru_gtod
                0x0000000000105990      0x128 C:/msys64/opt/devkitpro/libctru/lib\libctru.a(os.o)
                0x0000000000105990                __libctru_gtod
 .text.__ctru_speedup_config
                0x0000000000105ab8       0x18 C:/msys64/opt/devkitpro/libctru/lib\libctru.a(os.o)
                0x0000000000105ab8                __ctru_speedup_config
 .text.srvExit  0x0000000000105ad0       0x58 C:/msys64/opt/devkitpro/libctru/lib\libctru.a(srv.o)
                0x0000000000105ad0                srvExit
 .text.srvRegisterClient
                0x0000000000105b28       0x38 C:/msys64/opt/devkitpro/libctru/lib\libctru.a(srv.o)
                0x0000000000105b28                srvRegisterClient
 .text.srvInit  0x0000000000105b60       0xcc C:/msys64/opt/devkitpro/libctru/lib\libctru.a(srv.o)
                0x0000000000105b60                srvInit
 .text.srvGetServiceHandleDirect
                0x0000000000105c2c       0x80 C:/msys64/opt/devkitpro/libctru/lib\libctru.a(srv.o)
                0x0000000000105c2c                srvGetServiceHandleDirect
 .text.srvGetServiceHandle
                0x0000000000105cac       0x48 C:/msys64/opt/devkitpro/libctru/lib\libctru.a(srv.o)
                0x0000000000105cac                srvGetServiceHandle
 .text.threadFree.part.0
                0x0000000000105cf4       0x1c C:/msys64/opt/devkitpro/libctru/lib\libctru.a(thread.o)
 .text.threadCreate
                0x0000000000105d10      0x180 C:/msys64/opt/devkitpro/libctru/lib\libctru.a(thread.o)
                0x0000000000105d10                threadCreate
 .text.threadJoin
                0x0000000000105e90       0x24 C:/msys64/opt/devkitpro/libctru/lib\libctru.a(thread.o)
                0x0000000000105e90                threadJoin
 .text.threadExit
                0x0000000000105eb4       0x68 C:/msys64/opt/devkitpro/libctru/lib\libctru.a(thread.o)
                0x0000000000105eb4                threadExit
 .text._thread_begin
                0x0000000000105f1c       0x48 C:/msys64/opt/devkitpro/libctru/lib\libctru.a(thread.o)
 .text.irrstScanInput
                0x0000000000105f64       0xac C:/msys64/opt/devkitpro/libctru/lib\libctru.a(irrst.o)
                0x0000000000105f64                irrstScanInput
 .text.irrstKeysHeld
                0x0000000000106010       0x24 C:/msys64/opt/devkitpro/libctru/lib\libctru.a(irrst.o)
                0x0000000000106010                irrstKeysHeld
 .text.IRRST_GetHandles
                0x0000000000106034       0x50 C:/msys64/opt/devkitpro/libctru/lib\libctru.a(irrst.o)
                0x0000000000106034                IRRST_GetHandles
 .text.irrstInit
                0x0000000000106084      0x154 C:/msys64/opt/devkitpro/libctru/lib\libctru.a(irrst.o)
                0x0000000000106084                irrstInit
 .text.IRRST_Shutdown
                0x00000000001061d8       0x2c C:/msys64/opt/devkitpro/libctru/lib\libctru.a(irrst.o)
                0x00000000001061d8                IRRST_Shutdown
 .text.irrstExit
                0x0000000000106204       0xac C:/msys64/opt/devkitpro/libctru/lib\libctru.a(irrst.o)
                0x0000000000106204                irrstExit
 .text.srvPmGetSessionHandle
                0x00000000001062b0        0xc C:/msys64/opt/devkitpro/libctru/lib\libctru.a(srvpm.o)
                0x00000000001062b0                srvPmGetSessionHandle
 .text.ptmSysmInit
                0x00000000001062bc       0x74 C:/msys64/opt/devkitpro/libctru/lib\libctru.a(ptmsysm.o)
                0x00000000001062bc                ptmSysmInit
 .text.ptmSysmExit
                0x0000000000106330       0x3c C:/msys64/opt/devkitpro/libctru/lib\libctru.a(ptmsysm.o)
                0x0000000000106330                ptmSysmExit
 .text.PTMSYSM_ConfigureNew3DSCPU
                0x000000000010636c       0x34 C:/msys64/opt/devkitpro/libctru/lib\libctru.a(ptmsysm.o)
                0x000000000010636c                PTMSYSM_ConfigureNew3DSCPU
 .text.rbtree_init
                0x00000000001063a0       0x14 C:/msys64/opt/devkitpro/libctru/lib\libctru.a(rbtree_init.o)
                0x00000000001063a0                rbtree_init
 .text.do_insert
                0x00000000001063b4      0x1a4 C:/msys64/opt/devkitpro/libctru/lib\libctru.a(rbtree_insert.o)
 .text.rbtree_insert
                0x0000000000106558        0x8 C:/msys64/opt/devkitpro/libctru/lib\libctru.a(rbtree_insert.o)
                0x0000000000106558                rbtree_insert
 .text.rbtree_rotate
                0x0000000000106560       0x90 C:/msys64/opt/devkitpro/libctru/lib\libctru.a(rbtree_rotate.o)
                0x0000000000106560                rbtree_rotate
 .text.rbtree_remove
                0x00000000001065f0      0x334 C:/msys64/opt/devkitpro/libctru/lib\libctru.a(rbtree_remove.o)
                0x00000000001065f0                rbtree_remove
 .text.rbtree_find
                0x0000000000106924       0x74 C:/msys64/opt/devkitpro/libctru/lib\libctru.a(rbtree_find.o)
                0x0000000000106924                rbtree_find
 .text.__appInit
                0x0000000000106998       0x1c C:/msys64/opt/devkitpro/libctru/lib\libctru.a(appInit.o)
                0x0000000000106998                __appInit
 .text.__appExit
                0x00000000001069b4       0x1c C:/msys64/opt/devkitpro/libctru/lib\libctru.a(appExit.o)
                0x00000000001069b4                __appExit
 .text.__libctru_exit
                0x00000000001069d0       0xa0 C:/msys64/opt/devkitpro/libctru/lib\libctru.a(ctru_exit.o)
                0x00000000001069d0                __libctru_exit
 .text.envGetHandle
                0x0000000000106a70       0x84 C:/msys64/opt/devkitpro/libctru/lib\libctru.a(env.o)
                0x0000000000106a70                envGetHandle
 .text.envDestroyHandles
                0x0000000000106af4       0x4c C:/msys64/opt/devkitpro/libctru/lib\libctru.a(env.o)
                0x0000000000106af4                envDestroyHandles
 .text.sdmc_link
                0x0000000000106b40       0x14 C:/msys64/opt/devkitpro/libctru/lib\libctru.a(sdmc_dev.o)
 .text.sdmc_dirreset
                0x0000000000106b54       0x14 C:/msys64/opt/devkitpro/libctru/lib\libctru.a(sdmc_dev.o)
 .text.sdmc_chmod
                0x0000000000106b68       0x14 C:/msys64/opt/devkitpro/libctru/lib\libctru.a(sdmc_dev.o)
 .text.error_cmp
                0x0000000000106b7c       0x24 C:/msys64/opt/devkitpro/libctru/lib\libctru.a(sdmc_dev.o)
 .text.sdmc_translate_error
                0x0000000000106ba0       0x50 C:/msys64/opt/devkitpro/libctru/lib\libctru.a(sdmc_dev.o)
 .text.sdmc_fsync
                0x0000000000106bf0       0x34 C:/msys64/opt/devkitpro/libctru/lib\libctru.a(sdmc_dev.o)
 .text.sdmc_ftruncate
                0x0000000000106c24       0x54 C:/msys64/opt/devkitpro/libctru/lib\libctru.a(sdmc_dev.o)
 .text.sdmc_statvfs
                0x0000000000106c78       0xbc C:/msys64/opt/devkitpro/libctru/lib\libctru.a(sdmc_dev.o)
 .text.sdmc_dirclose
                0x0000000000106d34       0x38 C:/msys64/opt/devkitpro/libctru/lib\libctru.a(sdmc_dev.o)
 .text.sdmc_dirnext
                0x0000000000106d6c      0x13c C:/msys64/opt/devkitpro/libctru/lib\libctru.a(sdmc_dev.o)
 .text.sdmc_close
                0x0000000000106ea8       0x34 C:/msys64/opt/devkitpro/libctru/lib\libctru.a(sdmc_dev.o)
 .text.sdmc_fstat
                0x0000000000106edc       0x70 C:/msys64/opt/devkitpro/libctru/lib\libctru.a(sdmc_dev.o)
 .text.sdmc_seek
                0x0000000000106f4c       0xd4 C:/msys64/opt/devkitpro/libctru/lib\libctru.a(sdmc_dev.o)
 .text.sdmc_read
                0x0000000000107020       0x78 C:/msys64/opt/devkitpro/libctru/lib\libctru.a(sdmc_dev.o)
 .text.sdmc_write
                0x0000000000107098       0xac C:/msys64/opt/devkitpro/libctru/lib\libctru.a(sdmc_dev.o)
 .text.sdmc_utf16path
                0x0000000000107144      0x1b0 C:/msys64/opt/devkitpro/libctru/lib\libctru.a(sdmc_dev.o)
 .text.sdmc_rmdir
                0x00000000001072f4       0x74 C:/msys64/opt/devkitpro/libctru/lib\libctru.a(sdmc_dev.o)
 .text.sdmc_diropen
                0x0000000000107368       0xa4 C:/msys64/opt/devkitpro/libctru/lib\libctru.a(sdmc_dev.o)
 .text.sdmc_chdir
                0x000000000010740c       0xac C:/msys64/opt/devkitpro/libctru/lib\libctru.a(sdmc_dev.o)
 .text.sdmc_mkdir
                0x00000000001074b8       0x98 C:/msys64/opt/devkitpro/libctru/lib\libctru.a(sdmc_dev.o)
 .text.sdmc_rename
                0x0000000000107550      0x108 C:/msys64/opt/devkitpro/libctru/lib\libctru.a(sdmc_dev.o)
 .text.sdmc_unlink
                0x0000000000107658       0x74 C:/msys64/opt/devkitpro/libctru/lib\libctru.a(sdmc_dev.o)
 .text.sdmc_stat
                0x00000000001076cc      0x108 C:/msys64/opt/devkitpro/libctru/lib\libctru.a(sdmc_dev.o)
 .text.sdmc_open
                0x00000000001077d4      0x198 C:/msys64/opt/devkitpro/libctru/lib\libctru.a(sdmc_dev.o)
 .text.sdmc_fchmod
                0x000000000010796c       0x14 C:/msys64/opt/devkitpro/libctru/lib\libctru.a(sdmc_dev.o)
 .text.sdmcInit
                0x0000000000107980      0x168 C:/msys64/opt/devkitpro/libctru/lib\libctru.a(sdmc_dev.o)
                0x0000000000107980                sdmcInit
 .text.sdmcExit
                0x0000000000107ae8       0x60 C:/msys64/opt/devkitpro/libctru/lib\libctru.a(sdmc_dev.o)
                0x0000000000107ae8                sdmcExit
 .text.fsSessionForArchive.part.0
                0x0000000000107b48       0x28 C:/msys64/opt/devkitpro/libctru/lib\libctru.a(fs.o)
 .text.fsInit   0x0000000000107b70       0xc4 C:/msys64/opt/devkitpro/libctru/lib\libctru.a(fs.o)
                0x0000000000107b70                fsInit
 .text.fsExit   0x0000000000107c34       0x3c C:/msys64/opt/devkitpro/libctru/lib\libctru.a(fs.o)
                0x0000000000107c34                fsExit
 .text.fsExemptFromSession
                0x0000000000107c70       0x64 C:/msys64/opt/devkitpro/libctru/lib\libctru.a(fs.o)
                0x0000000000107c70                fsExemptFromSession
 .text.fsUnexemptFromSession
                0x0000000000107cd4       0x5c C:/msys64/opt/devkitpro/libctru/lib\libctru.a(fs.o)
                0x0000000000107cd4                fsUnexemptFromSession
 .text.FSUSER_OpenFile
                0x0000000000107d30       0xbc C:/msys64/opt/devkitpro/libctru/lib\libctru.a(fs.o)
                0x0000000000107d30                FSUSER_OpenFile
 .text.FSUSER_DeleteFile
                0x0000000000107dec       0xac C:/msys64/opt/devkitpro/libctru/lib\libctru.a(fs.o)
                0x0000000000107dec                FSUSER_DeleteFile
 .text.FSUSER_RenameFile
                0x0000000000107e98       0xe8 C:/msys64/opt/devkitpro/libctru/lib\libctru.a(fs.o)
                0x0000000000107e98                FSUSER_RenameFile
 .text.FSUSER_DeleteDirectory
                0x0000000000107f80       0xac C:/msys64/opt/devkitpro/libctru/lib\libctru.a(fs.o)
                0x0000000000107f80                FSUSER_DeleteDirectory
 .text.FSUSER_CreateFile
                0x000000000010802c       0xc4 C:/msys64/opt/devkitpro/libctru/lib\libctru.a(fs.o)
                0x000000000010802c                FSUSER_CreateFile
 .text.FSUSER_CreateDirectory
                0x00000000001080f0       0xb4 C:/msys64/opt/devkitpro/libctru/lib\libctru.a(fs.o)
                0x00000000001080f0                FSUSER_CreateDirectory
 .text.FSUSER_RenameDirectory
                0x00000000001081a4       0xe8 C:/msys64/opt/devkitpro/libctru/lib\libctru.a(fs.o)
                0x00000000001081a4                FSUSER_RenameDirectory
 .text.FSUSER_OpenDirectory
                0x000000000010828c       0xa0 C:/msys64/opt/devkitpro/libctru/lib\libctru.a(fs.o)
                0x000000000010828c                FSUSER_OpenDirectory
 .text.FSUSER_OpenArchive
                0x000000000010832c       0x98 C:/msys64/opt/devkitpro/libctru/lib\libctru.a(fs.o)
                0x000000000010832c                FSUSER_OpenArchive
 .text.FSUSER_CloseArchive
                0x00000000001083c4       0x78 C:/msys64/opt/devkitpro/libctru/lib\libctru.a(fs.o)
                0x00000000001083c4                FSUSER_CloseArchive
 .text.FSUSER_GetSdmcArchiveResource
                0x000000000010843c       0x78 C:/msys64/opt/devkitpro/libctru/lib\libctru.a(fs.o)
                0x000000000010843c                FSUSER_GetSdmcArchiveResource
 .text.FSUSER_IsSdmcWritable
                0x00000000001084b4       0x64 C:/msys64/opt/devkitpro/libctru/lib\libctru.a(fs.o)
                0x00000000001084b4                FSUSER_IsSdmcWritable
 .text.FSFILE_Read
                0x0000000000108518       0x5c C:/msys64/opt/devkitpro/libctru/lib\libctru.a(fs.o)
                0x0000000000108518                FSFILE_Read
 .text.FSFILE_Write
                0x0000000000108574       0x64 C:/msys64/opt/devkitpro/libctru/lib\libctru.a(fs.o)
                0x0000000000108574                FSFILE_Write
 .text.FSFILE_GetSize
                0x00000000001085d8       0x38 C:/msys64/opt/devkitpro/libctru/lib\libctru.a(fs.o)
                0x00000000001085d8                FSFILE_GetSize
 .text.FSFILE_SetSize
                0x0000000000108610       0x28 C:/msys64/opt/devkitpro/libctru/lib\libctru.a(fs.o)
                0x0000000000108610                FSFILE_SetSize
 .text.FSFILE_Close
                0x0000000000108638       0x3c C:/msys64/opt/devkitpro/libctru/lib\libctru.a(fs.o)
                0x0000000000108638                FSFILE_Close
 .text.FSFILE_Flush
                0x0000000000108674       0x24 C:/msys64/opt/devkitpro/libctru/lib\libctru.a(fs.o)
                0x0000000000108674                FSFILE_Flush
 .text.FSDIR_Read
                0x0000000000108698       0x54 C:/msys64/opt/devkitpro/libctru/lib\libctru.a(fs.o)
                0x0000000000108698                FSDIR_Read
 .text.FSDIR_Close
                0x00000000001086ec       0x3c C:/msys64/opt/devkitpro/libctru/lib\libctru.a(fs.o)
                0x00000000001086ec                FSDIR_Close
 .text.rbtree_node_next
                0x0000000000108728       0x50 C:/msys64/opt/devkitpro/libctru/lib\libctru.a(rbtree_iterator.o)
                0x0000000000108728                rbtree_node_next
 .text.utf16_to_utf8
                0x0000000000108778       0xe8 C:/msys64/opt/devkitpro/libctru/lib\libctru.a(utf16_to_utf8.o)
                0x0000000000108778                utf16_to_utf8
 .text.decode_utf16
                0x0000000000108860       0x60 C:/msys64/opt/devkitpro/libctru/lib\libctru.a(decode_utf16.o)
                0x0000000000108860                decode_utf16
 .text.decode_utf8
                0x00000000001088c0      0x138 C:/msys64/opt/devkitpro/libctru/lib\libctru.a(decode_utf8.o)
                0x00000000001088c0                decode_utf8
 .text.utf8_to_utf16
                0x00000000001089f8       0xc0 C:/msys64/opt/devkitpro/libctru/lib\libctru.a(utf8_to_utf16.o)
                0x00000000001089f8                utf8_to_utf16
 .text.__aeabi_read_tp
                0x0000000000108ab8        0xc C:/msys64/opt/devkitpro/libctru/lib\libctru.a(readtp.o)
                0x0000000000108ab8                __aeabi_read_tp
 .text.encode_utf16
                0x0000000000108ac4       0x68 C:/msys64/opt/devkitpro/libctru/lib\libctru.a(encode_utf16.o)
                0x0000000000108ac4                encode_utf16
 .text.encode_utf8
                0x0000000000108b2c      0x104 C:/msys64/opt/devkitpro/libctru/lib\libctru.a(encode_utf8.o)
                0x0000000000108b2c                encode_utf8
 .text.__aeabi_atexit
                0x0000000000108c30       0x10 c:/msys64/opt/devkitpro/devkitarm/bin/../lib/gcc/arm-none-eabi/9.1.0/../../../../arm-none-eabi/lib/armv6k/fpu\libstdc++.a(atexit_arm.o)
                0x0000000000108c30                __aeabi_atexit
 .text._ZdlPvj  0x0000000000108c40        0x4 c:/msys64/opt/devkitpro/devkitarm/bin/../lib/gcc/arm-none-eabi/9.1.0/../../../../arm-none-eabi/lib/armv6k/fpu\libstdc++.a(del_ops.o)
                0x0000000000108c40                operator delete(void*, unsigned int)
 .text._Znwj    0x0000000000108c44       0x5c c:/msys64/opt/devkitpro/devkitarm/bin/../lib/gcc/arm-none-eabi/9.1.0/../../../../arm-none-eabi/lib/armv6k/fpu\libstdc++.a(new_op.o)
                0x0000000000108c44                operator new(unsigned int)
 .text._ZNKSt9bad_alloc4whatEv
                0x0000000000108ca0        0xc c:/msys64/opt/devkitpro/devkitarm/bin/../lib/gcc/arm-none-eabi/9.1.0/../../../../arm-none-eabi/lib/armv6k/fpu\libstdc++.a(bad_alloc.o)
                0x0000000000108ca0                std::bad_alloc::what() const
 .text._ZNSt9bad_allocD2Ev
                0x0000000000108cac       0x20 c:/msys64/opt/devkitpro/devkitarm/bin/../lib/gcc/arm-none-eabi/9.1.0/../../../../arm-none-eabi/lib/armv6k/fpu\libstdc++.a(bad_alloc.o)
                0x0000000000108cac                std::bad_alloc::~bad_alloc()
                0x0000000000108cac                std::bad_alloc::~bad_alloc()
 .text._ZNSt9bad_allocD0Ev
                0x0000000000108ccc       0x2c c:/msys64/opt/devkitpro/devkitarm/bin/../lib/gcc/arm-none-eabi/9.1.0/../../../../arm-none-eabi/lib/armv6k/fpu\libstdc++.a(bad_alloc.o)
                0x0000000000108ccc                std::bad_alloc::~bad_alloc()
 .text._ZdlPv   0x0000000000108cf8        0x4 c:/msys64/opt/devkitpro/devkitarm/bin/../lib/gcc/arm-none-eabi/9.1.0/../../../../arm-none-eabi/lib/armv6k/fpu\libstdc++.a(del_op.o)
                0x0000000000108cf8                operator delete(void*)
 .text._ZN12_GLOBAL__N_14pool4freeEPv.constprop.0
                0x0000000000108cfc       0xd4 c:/msys64/opt/devkitpro/devkitarm/bin/../lib/gcc/arm-none-eabi/9.1.0/../../../../arm-none-eabi/lib/armv6k/fpu\libstdc++.a(eh_alloc.o)
 .text._ZN12_GLOBAL__N_14pool8allocateEj.constprop.0
                0x0000000000108dd0       0x90 c:/msys64/opt/devkitpro/devkitarm/bin/../lib/gcc/arm-none-eabi/9.1.0/../../../../arm-none-eabi/lib/armv6k/fpu\libstdc++.a(eh_alloc.o)
 .text.__cxa_allocate_exception
                0x0000000000108e60       0x44 c:/msys64/opt/devkitpro/devkitarm/bin/../lib/gcc/arm-none-eabi/9.1.0/../../../../arm-none-eabi/lib/armv6k/fpu\libstdc++.a(eh_alloc.o)
                0x0000000000108e60                __cxa_allocate_exception
 .text.__cxa_free_exception
                0x0000000000108ea4       0x30 c:/msys64/opt/devkitpro/devkitarm/bin/../lib/gcc/arm-none-eabi/9.1.0/../../../../arm-none-eabi/lib/armv6k/fpu\libstdc++.a(eh_alloc.o)
                0x0000000000108ea4                __cxa_free_exception
 .text.startup._GLOBAL__sub_I__ZN9__gnu_cxx9__freeresEv
                0x0000000000108ed4       0x40 c:/msys64/opt/devkitpro/devkitarm/bin/../lib/gcc/arm-none-eabi/9.1.0/../../../../arm-none-eabi/lib/armv6k/fpu\libstdc++.a(eh_alloc.o)
 .text._ZNSt9exceptionD2Ev
                0x0000000000108f14        0x4 c:/msys64/opt/devkitpro/devkitarm/bin/../lib/gcc/arm-none-eabi/9.1.0/../../../../arm-none-eabi/lib/armv6k/fpu\libstdc++.a(eh_exception.o)
                0x0000000000108f14                std::exception::~exception()
                0x0000000000108f14                std::exception::~exception()
 .text._ZNSt13bad_exceptionD2Ev
                0x0000000000108f18        0x4 c:/msys64/opt/devkitpro/devkitarm/bin/../lib/gcc/arm-none-eabi/9.1.0/../../../../arm-none-eabi/lib/armv6k/fpu\libstdc++.a(eh_exception.o)
                0x0000000000108f18                std::bad_exception::~bad_exception()
                0x0000000000108f18                std::bad_exception::~bad_exception()
 .text._ZNKSt13bad_exception4whatEv
                0x0000000000108f1c        0xc c:/msys64/opt/devkitpro/devkitarm/bin/../lib/gcc/arm-none-eabi/9.1.0/../../../../arm-none-eabi/lib/armv6k/fpu\libstdc++.a(eh_exception.o)
                0x0000000000108f1c                std::bad_exception::what() const
                0x0000000000108f1c                transaction clone for std::bad_exception::what() const
 .text._ZNSt13bad_exceptionD0Ev
                0x0000000000108f28       0x18 c:/msys64/opt/devkitpro/devkitarm/bin/../lib/gcc/arm-none-eabi/9.1.0/../../../../arm-none-eabi/lib/armv6k/fpu\libstdc++.a(eh_exception.o)
                0x0000000000108f28                std::bad_exception::~bad_exception()
 .text._ZN10__cxxabiv111__terminateEPFvvE
                0x0000000000108f40       0x38 c:/msys64/opt/devkitpro/devkitarm/bin/../lib/gcc/arm-none-eabi/9.1.0/../../../../arm-none-eabi/lib/armv6k/fpu\libstdc++.a(eh_terminate.o)
                0x0000000000108f40                __cxxabiv1::__terminate(void (*)())
 .text._ZSt9terminatev
                0x0000000000108f78       0x18 c:/msys64/opt/devkitpro/devkitarm/bin/../lib/gcc/arm-none-eabi/9.1.0/../../../../arm-none-eabi/lib/armv6k/fpu\libstdc++.a(eh_terminate.o)
                0x0000000000108f78                std::terminate()
 .text._ZN10__cxxabiv112__unexpectedEPFvvE
                0x0000000000108f90        0xc c:/msys64/opt/devkitpro/devkitarm/bin/../lib/gcc/arm-none-eabi/9.1.0/../../../../arm-none-eabi/lib/armv6k/fpu\libstdc++.a(eh_terminate.o)
                0x0000000000108f90                __cxxabiv1::__unexpected(void (*)())
 .text._ZSt10unexpectedv
                0x0000000000108f9c       0x18 c:/msys64/opt/devkitpro/devkitarm/bin/../lib/gcc/arm-none-eabi/9.1.0/../../../../arm-none-eabi/lib/armv6k/fpu\libstdc++.a(eh_terminate.o)
                0x0000000000108f9c                std::unexpected()
 .text._ZSt13get_terminatev
                0x0000000000108fb4       0x14 c:/msys64/opt/devkitpro/devkitarm/bin/../lib/gcc/arm-none-eabi/9.1.0/../../../../arm-none-eabi/lib/armv6k/fpu\libstdc++.a(eh_terminate.o)
                0x0000000000108fb4                std::get_terminate()
 .text._ZSt14get_unexpectedv
                0x0000000000108fc8       0x14 c:/msys64/opt/devkitpro/devkitarm/bin/../lib/gcc/arm-none-eabi/9.1.0/../../../../arm-none-eabi/lib/armv6k/fpu\libstdc++.a(eh_terminate.o)
                0x0000000000108fc8                std::get_unexpected()
 .text._ZL23__gxx_exception_cleanup19_Unwind_Reason_CodeP21_Unwind_Control_Block
                0x0000000000108fdc       0x70 c:/msys64/opt/devkitpro/devkitarm/bin/../lib/gcc/arm-none-eabi/9.1.0/../../../../arm-none-eabi/lib/armv6k/fpu\libstdc++.a(eh_throw.o)
 .text.__cxa_init_primary_exception
                0x000000000010904c       0x70 c:/msys64/opt/devkitpro/devkitarm/bin/../lib/gcc/arm-none-eabi/9.1.0/../../../../arm-none-eabi/lib/armv6k/fpu\libstdc++.a(eh_throw.o)
                0x000000000010904c                __cxa_init_primary_exception
 .text.__cxa_throw
                0x00000000001090bc       0x58 c:/msys64/opt/devkitpro/devkitarm/bin/../lib/gcc/arm-none-eabi/9.1.0/../../../../arm-none-eabi/lib/armv6k/fpu\libstdc++.a(eh_throw.o)
                0x00000000001090bc                __cxa_throw
 .text.__cxa_rethrow
                0x0000000000109114       0xb0 c:/msys64/opt/devkitpro/devkitarm/bin/../lib/gcc/arm-none-eabi/9.1.0/../../../../arm-none-eabi/lib/armv6k/fpu\libstdc++.a(eh_throw.o)
                0x0000000000109114                __cxa_rethrow
 .text._ZSt15get_new_handlerv
                0x00000000001091c4       0x14 c:/msys64/opt/devkitpro/devkitarm/bin/../lib/gcc/arm-none-eabi/9.1.0/../../../../arm-none-eabi/lib/armv6k/fpu\libstdc++.a(new_handler.o)
                0x00000000001091c4                std::get_new_handler()
 .text._ZN10__cxxabiv120__si_class_type_infoD2Ev
                0x00000000001091d8       0x20 c:/msys64/opt/devkitpro/devkitarm/bin/../lib/gcc/arm-none-eabi/9.1.0/../../../../arm-none-eabi/lib/armv6k/fpu\libstdc++.a(si_class_type_info.o)
                0x00000000001091d8                __cxxabiv1::__si_class_type_info::~__si_class_type_info()
                0x00000000001091d8                __cxxabiv1::__si_class_type_info::~__si_class_type_info()
 .text._ZN10__cxxabiv120__si_class_type_infoD0Ev
                0x00000000001091f8       0x2c c:/msys64/opt/devkitpro/devkitarm/bin/../lib/gcc/arm-none-eabi/9.1.0/../../../../arm-none-eabi/lib/armv6k/fpu\libstdc++.a(si_class_type_info.o)
                0x00000000001091f8                __cxxabiv1::__si_class_type_info::~__si_class_type_info()
 .text._ZNK10__cxxabiv120__si_class_type_info20__do_find_public_srcEiPKvPKNS_17__class_type_infoES2_
                0x0000000000109224       0x6c c:/msys64/opt/devkitpro/devkitarm/bin/../lib/gcc/arm-none-eabi/9.1.0/../../../../arm-none-eabi/lib/armv6k/fpu\libstdc++.a(si_class_type_info.o)
                0x0000000000109224                __cxxabiv1::__si_class_type_info::__do_find_public_src(int, void const*, __cxxabiv1::__class_type_info const*, void const*) const
 .text._ZNK10__cxxabiv120__si_class_type_info12__do_dyncastEiNS_17__class_type_info10__sub_kindEPKS1_PKvS4_S6_RNS1_16__dyncast_resultE
                0x0000000000109290       0xdc c:/msys64/opt/devkitpro/devkitarm/bin/../lib/gcc/arm-none-eabi/9.1.0/../../../../arm-none-eabi/lib/armv6k/fpu\libstdc++.a(si_class_type_info.o)
                0x0000000000109290                __cxxabiv1::__si_class_type_info::__do_dyncast(int, __cxxabiv1::__class_type_info::__sub_kind, __cxxabiv1::__class_type_info const*, void const*, __cxxabiv1::__class_type_info const*, void const*, __cxxabiv1::__class_type_info::__dyncast_result&) const
 .text._ZNK10__cxxabiv120__si_class_type_info11__do_upcastEPKNS_17__class_type_infoEPKvRNS1_15__upcast_resultE
                0x000000000010936c       0x44 c:/msys64/opt/devkitpro/devkitarm/bin/../lib/gcc/arm-none-eabi/9.1.0/../../../../arm-none-eabi/lib/armv6k/fpu\libstdc++.a(si_class_type_info.o)
                0x000000000010936c                __cxxabiv1::__si_class_type_info::__do_upcast(__cxxabiv1::__class_type_info const*, void const*, __cxxabiv1::__class_type_info::__upcast_result&) const
 .text._ZNSt9type_infoD2Ev
                0x00000000001093b0        0x4 c:/msys64/opt/devkitpro/devkitarm/bin/../lib/gcc/arm-none-eabi/9.1.0/../../../../arm-none-eabi/lib/armv6k/fpu\libstdc++.a(tinfo.o)
                0x00000000001093b0                std::type_info::~type_info()
                0x00000000001093b0                std::type_info::~type_info()
 .text._ZNKSt9type_info14__is_pointer_pEv
                0x00000000001093b4        0x8 c:/msys64/opt/devkitpro/devkitarm/bin/../lib/gcc/arm-none-eabi/9.1.0/../../../../arm-none-eabi/lib/armv6k/fpu\libstdc++.a(tinfo.o)
                0x00000000001093b4                std::type_info::__is_pointer_p() const
                0x00000000001093b4                std::type_info::__is_function_p() const
 .text._ZNKSt9type_infoeqERKS_
                0x00000000001093bc       0x4c c:/msys64/opt/devkitpro/devkitarm/bin/../lib/gcc/arm-none-eabi/9.1.0/../../../../arm-none-eabi/lib/armv6k/fpu\libstdc++.a(tinfo.o)
                0x00000000001093bc                std::type_info::operator==(std::type_info const&) const
 .text._ZNK10__cxxabiv117__class_type_info11__do_upcastEPKS0_PPv
                0x0000000000109408       0x5c c:/msys64/opt/devkitpro/devkitarm/bin/../lib/gcc/arm-none-eabi/9.1.0/../../../../arm-none-eabi/lib/armv6k/fpu\libstdc++.a(class_type_info.o)
                0x0000000000109408                __cxxabiv1::__class_type_info::__do_upcast(__cxxabiv1::__class_type_info const*, void**) const
 .text._ZNK10__cxxabiv117__class_type_info20__do_find_public_srcEiPKvPKS0_S2_
                0x0000000000109464       0x14 c:/msys64/opt/devkitpro/devkitarm/bin/../lib/gcc/arm-none-eabi/9.1.0/../../../../arm-none-eabi/lib/armv6k/fpu\libstdc++.a(class_type_info.o)
                0x0000000000109464                __cxxabiv1::__class_type_info::__do_find_public_src(int, void const*, __cxxabiv1::__class_type_info const*, void const*) const
 .text._ZN10__cxxabiv117__class_type_infoD2Ev
                0x0000000000109478       0x20 c:/msys64/opt/devkitpro/devkitarm/bin/../lib/gcc/arm-none-eabi/9.1.0/../../../../arm-none-eabi/lib/armv6k/fpu\libstdc++.a(class_type_info.o)
                0x0000000000109478                __cxxabiv1::__class_type_info::~__class_type_info()
                0x0000000000109478                __cxxabiv1::__class_type_info::~__class_type_info()
 .text._ZN10__cxxabiv117__class_type_infoD0Ev
                0x0000000000109498       0x2c c:/msys64/opt/devkitpro/devkitarm/bin/../lib/gcc/arm-none-eabi/9.1.0/../../../../arm-none-eabi/lib/armv6k/fpu\libstdc++.a(class_type_info.o)
                0x0000000000109498                __cxxabiv1::__class_type_info::~__class_type_info()
 .text._ZNK10__cxxabiv117__class_type_info12__do_dyncastEiNS0_10__sub_kindEPKS0_PKvS3_S5_RNS0_16__dyncast_resultE
                0x00000000001094c4       0x68 c:/msys64/opt/devkitpro/devkitarm/bin/../lib/gcc/arm-none-eabi/9.1.0/../../../../arm-none-eabi/lib/armv6k/fpu\libstdc++.a(class_type_info.o)
                0x00000000001094c4                __cxxabiv1::__class_type_info::__do_dyncast(int, __cxxabiv1::__class_type_info::__sub_kind, __cxxabiv1::__class_type_info const*, void const*, __cxxabiv1::__class_type_info const*, void const*, __cxxabiv1::__class_type_info::__dyncast_result&) const
 .text._ZNK10__cxxabiv117__class_type_info11__do_upcastEPKS0_PKvRNS0_15__upcast_resultE
                0x000000000010952c       0x2c c:/msys64/opt/devkitpro/devkitarm/bin/../lib/gcc/arm-none-eabi/9.1.0/../../../../arm-none-eabi/lib/armv6k/fpu\libstdc++.a(class_type_info.o)
                0x000000000010952c                __cxxabiv1::__class_type_info::__do_upcast(__cxxabiv1::__class_type_info const*, void const*, __cxxabiv1::__class_type_info::__upcast_result&) const
 .text._ZNK10__cxxabiv117__class_type_info10__do_catchEPKSt9type_infoPPvj
                0x0000000000109558       0x44 c:/msys64/opt/devkitpro/devkitarm/bin/../lib/gcc/arm-none-eabi/9.1.0/../../../../arm-none-eabi/lib/armv6k/fpu\libstdc++.a(class_type_info.o)
                0x0000000000109558                __cxxabiv1::__class_type_info::__do_catch(std::type_info const*, void**, unsigned int) const
 .text.__cxa_end_cleanup
                0x000000000010959c       0x10 c:/msys64/opt/devkitpro/devkitarm/bin/../lib/gcc/arm-none-eabi/9.1.0/../../../../arm-none-eabi/lib/armv6k/fpu\libstdc++.a(eh_arm.o)
                0x000000000010959c                __cxa_end_cleanup
 .text.__cxa_type_match
                0x00000000001095ac      0x138 c:/msys64/opt/devkitpro/devkitarm/bin/../lib/gcc/arm-none-eabi/9.1.0/../../../../arm-none-eabi/lib/armv6k/fpu\libstdc++.a(eh_arm.o)
                0x00000000001095ac                __cxa_type_match
 .text.__cxa_begin_cleanup
                0x00000000001096e4       0xb4 c:/msys64/opt/devkitpro/devkitarm/bin/../lib/gcc/arm-none-eabi/9.1.0/../../../../arm-none-eabi/lib/armv6k/fpu\libstdc++.a(eh_arm.o)
                0x00000000001096e4                __cxa_begin_cleanup
 .text.__gnu_end_cleanup
                0x0000000000109798       0xb4 c:/msys64/opt/devkitpro/devkitarm/bin/../lib/gcc/arm-none-eabi/9.1.0/../../../../arm-none-eabi/lib/armv6k/fpu\libstdc++.a(eh_arm.o)
                0x0000000000109798                __gnu_end_cleanup
 .text._ZN10__cxxabiv1L24__is_gxx_exception_classEPc
                0x000000000010984c       0x70 c:/msys64/opt/devkitpro/devkitarm/bin/../lib/gcc/arm-none-eabi/9.1.0/../../../../arm-none-eabi/lib/armv6k/fpu\libstdc++.a(eh_call.o)
 .text.__cxa_call_terminate
                0x00000000001098bc       0x2c c:/msys64/opt/devkitpro/devkitarm/bin/../lib/gcc/arm-none-eabi/9.1.0/../../../../arm-none-eabi/lib/armv6k/fpu\libstdc++.a(eh_call.o)
                0x00000000001098bc                __cxa_call_terminate
 .text.unlikely.__cxa_call_unexpected
                0x00000000001098e8      0x158 c:/msys64/opt/devkitpro/devkitarm/bin/../lib/gcc/arm-none-eabi/9.1.0/../../../../arm-none-eabi/lib/armv6k/fpu\libstdc++.a(eh_call.o)
                0x00000000001098e8                __cxa_call_unexpected
 .text.__cxa_begin_catch
                0x0000000000109a40       0xcc c:/msys64/opt/devkitpro/devkitarm/bin/../lib/gcc/arm-none-eabi/9.1.0/../../../../arm-none-eabi/lib/armv6k/fpu\libstdc++.a(eh_catch.o)
                0x0000000000109a40                __cxa_begin_catch
 .text.__cxa_end_catch
                0x0000000000109b0c       0xe0 c:/msys64/opt/devkitpro/devkitarm/bin/../lib/gcc/arm-none-eabi/9.1.0/../../../../arm-none-eabi/lib/armv6k/fpu\libstdc++.a(eh_catch.o)
                0x0000000000109b0c                __cxa_end_catch
 .text.__cxa_get_globals_fast
                0x0000000000109bec        0xc c:/msys64/opt/devkitpro/devkitarm/bin/../lib/gcc/arm-none-eabi/9.1.0/../../../../arm-none-eabi/lib/armv6k/fpu\libstdc++.a(eh_globals.o)
                0x0000000000109bec                __cxa_get_globals_fast
 .text.__cxa_get_globals
                0x0000000000109bf8        0xc c:/msys64/opt/devkitpro/devkitarm/bin/../lib/gcc/arm-none-eabi/9.1.0/../../../../arm-none-eabi/lib/armv6k/fpu\libstdc++.a(eh_globals.o)
                0x0000000000109bf8                __cxa_get_globals
 .text._ZL28read_encoded_value_with_basehjPKhPj
                0x0000000000109c04      0x168 c:/msys64/opt/devkitpro/devkitarm/bin/../lib/gcc/arm-none-eabi/9.1.0/../../../../arm-none-eabi/lib/armv6k/fpu\libstdc++.a(eh_personality.o)
 .text._ZL21base_of_encoded_valuehP15_Unwind_Context
                0x0000000000109d6c       0x64 c:/msys64/opt/devkitpro/devkitarm/bin/../lib/gcc/arm-none-eabi/9.1.0/../../../../arm-none-eabi/lib/armv6k/fpu\libstdc++.a(eh_personality.o)
 .text._ZL17parse_lsda_headerP15_Unwind_ContextPKhP16lsda_header_info
                0x0000000000109dd0       0xd8 c:/msys64/opt/devkitpro/devkitarm/bin/../lib/gcc/arm-none-eabi/9.1.0/../../../../arm-none-eabi/lib/armv6k/fpu\libstdc++.a(eh_personality.o)
 .text.__gxx_personality_v0
                0x0000000000109ea8      0x700 c:/msys64/opt/devkitpro/devkitarm/bin/../lib/gcc/arm-none-eabi/9.1.0/../../../../arm-none-eabi/lib/armv6k/fpu\libstdc++.a(eh_personality.o)
                0x0000000000109ea8                __gxx_personality_v0
 .text.__fixdfdi
                0x000000000010a5a8       0x38 c:/msys64/opt/devkitpro/devkitarm/bin/../lib/gcc/arm-none-eabi/9.1.0/armv6k/fpu\libgcc.a(_fixdfdi.o)
                0x000000000010a5a8                __fixdfdi
                0x000000000010a5a8                __aeabi_d2lz
 .text.__fixunsdfdi
                0x000000000010a5e0       0x40 c:/msys64/opt/devkitpro/devkitarm/bin/../lib/gcc/arm-none-eabi/9.1.0/armv6k/fpu\libgcc.a(_fixunsdfdi.o)
                0x000000000010a5e0                __fixunsdfdi
                0x000000000010a5e0                __aeabi_d2ulz
 .text.__udivmoddi4
                0x000000000010a620      0x130 c:/msys64/opt/devkitpro/devkitarm/bin/../lib/gcc/arm-none-eabi/9.1.0/armv6k/fpu\libgcc.a(_udivmoddi4.o)
                0x000000000010a620                __udivmoddi4
 .text.selfrel_offset31
                0x000000000010a750       0x18 c:/msys64/opt/devkitpro/devkitarm/bin/../lib/gcc/arm-none-eabi/9.1.0/armv6k/fpu\libgcc.a(unwind-arm.o)
 .text.search_EIT_table
                0x000000000010a768       0x8c c:/msys64/opt/devkitpro/devkitarm/bin/../lib/gcc/arm-none-eabi/9.1.0/armv6k/fpu\libgcc.a(unwind-arm.o)
 .text.__gnu_unwind_get_pr_addr
                0x000000000010a7f4       0x40 c:/msys64/opt/devkitpro/devkitarm/bin/../lib/gcc/arm-none-eabi/9.1.0/armv6k/fpu\libgcc.a(unwind-arm.o)
 .text.get_eit_entry
                0x000000000010a834      0x114 c:/msys64/opt/devkitpro/devkitarm/bin/../lib/gcc/arm-none-eabi/9.1.0/armv6k/fpu\libgcc.a(unwind-arm.o)
 .text.restore_non_core_regs
                0x000000000010a948       0x88 c:/msys64/opt/devkitpro/devkitarm/bin/../lib/gcc/arm-none-eabi/9.1.0/armv6k/fpu\libgcc.a(unwind-arm.o)
 .text._Unwind_decode_typeinfo_ptr.isra.0
                0x000000000010a9d0       0x14 c:/msys64/opt/devkitpro/devkitarm/bin/../lib/gcc/arm-none-eabi/9.1.0/armv6k/fpu\libgcc.a(unwind-arm.o)
 .text._Unwind_DebugHook
                0x000000000010a9e4        0x4 c:/msys64/opt/devkitpro/devkitarm/bin/../lib/gcc/arm-none-eabi/9.1.0/armv6k/fpu\libgcc.a(unwind-arm.o)
 .text.unwind_phase2
                0x000000000010a9e8       0x64 c:/msys64/opt/devkitpro/devkitarm/bin/../lib/gcc/arm-none-eabi/9.1.0/armv6k/fpu\libgcc.a(unwind-arm.o)
 .text.unwind_phase2_forced
                0x000000000010aa4c      0x134 c:/msys64/opt/devkitpro/devkitarm/bin/../lib/gcc/arm-none-eabi/9.1.0/armv6k/fpu\libgcc.a(unwind-arm.o)
 .text.__gnu_Unwind_RaiseException
                0x000000000010ab80       0xa4 c:/msys64/opt/devkitpro/devkitarm/bin/../lib/gcc/arm-none-eabi/9.1.0/armv6k/fpu\libgcc.a(unwind-arm.o)
                0x000000000010ab80                __gnu_Unwind_RaiseException
 .text.__gnu_Unwind_ForcedUnwind
                0x000000000010ac24       0x24 c:/msys64/opt/devkitpro/devkitarm/bin/../lib/gcc/arm-none-eabi/9.1.0/armv6k/fpu\libgcc.a(unwind-arm.o)
                0x000000000010ac24                __gnu_Unwind_ForcedUnwind
 .text.__gnu_Unwind_Resume
                0x000000000010ac48       0x74 c:/msys64/opt/devkitpro/devkitarm/bin/../lib/gcc/arm-none-eabi/9.1.0/armv6k/fpu\libgcc.a(unwind-arm.o)
                0x000000000010ac48                __gnu_Unwind_Resume
 .text.__gnu_Unwind_Resume_or_Rethrow
                0x000000000010acbc       0x20 c:/msys64/opt/devkitpro/devkitarm/bin/../lib/gcc/arm-none-eabi/9.1.0/armv6k/fpu\libgcc.a(unwind-arm.o)
                0x000000000010acbc                __gnu_Unwind_Resume_or_Rethrow
 .text._Unwind_Complete
                0x000000000010acdc        0x4 c:/msys64/opt/devkitpro/devkitarm/bin/../lib/gcc/arm-none-eabi/9.1.0/armv6k/fpu\libgcc.a(unwind-arm.o)
                0x000000000010acdc                _Unwind_Complete
 .text._Unwind_DeleteException
                0x000000000010ace0       0x18 c:/msys64/opt/devkitpro/devkitarm/bin/../lib/gcc/arm-none-eabi/9.1.0/armv6k/fpu\libgcc.a(unwind-arm.o)
                0x000000000010ace0                _Unwind_DeleteException
 .text._Unwind_VRS_Get
                0x000000000010acf8       0x64 c:/msys64/opt/devkitpro/devkitarm/bin/../lib/gcc/arm-none-eabi/9.1.0/armv6k/fpu\libgcc.a(unwind-arm.o)
                0x000000000010acf8                _Unwind_VRS_Get
 .text._Unwind_GetGR
                0x000000000010ad5c       0x2c c:/msys64/opt/devkitpro/devkitarm/bin/../lib/gcc/arm-none-eabi/9.1.0/armv6k/fpu\libgcc.a(unwind-arm.o)
 .text._Unwind_VRS_Set
                0x000000000010ad88       0x64 c:/msys64/opt/devkitpro/devkitarm/bin/../lib/gcc/arm-none-eabi/9.1.0/armv6k/fpu\libgcc.a(unwind-arm.o)
                0x000000000010ad88                _Unwind_VRS_Set
 .text._Unwind_SetGR
                0x000000000010adec       0x30 c:/msys64/opt/devkitpro/devkitarm/bin/../lib/gcc/arm-none-eabi/9.1.0/armv6k/fpu\libgcc.a(unwind-arm.o)
 .text.__gnu_Unwind_Backtrace
                0x000000000010ae1c       0xc0 c:/msys64/opt/devkitpro/devkitarm/bin/../lib/gcc/arm-none-eabi/9.1.0/armv6k/fpu\libgcc.a(unwind-arm.o)
                0x000000000010ae1c                __gnu_Unwind_Backtrace
 .text.__gnu_unwind_pr_common
                0x000000000010aedc      0x44c c:/msys64/opt/devkitpro/devkitarm/bin/../lib/gcc/arm-none-eabi/9.1.0/armv6k/fpu\libgcc.a(unwind-arm.o)
 .text.__aeabi_unwind_cpp_pr0
                0x000000000010b328        0x8 c:/msys64/opt/devkitpro/devkitarm/bin/../lib/gcc/arm-none-eabi/9.1.0/armv6k/fpu\libgcc.a(unwind-arm.o)
                0x000000000010b328                __aeabi_unwind_cpp_pr0
 .text.__aeabi_unwind_cpp_pr1
                0x000000000010b330        0x8 c:/msys64/opt/devkitpro/devkitarm/bin/../lib/gcc/arm-none-eabi/9.1.0/armv6k/fpu\libgcc.a(unwind-arm.o)
                0x000000000010b330                __aeabi_unwind_cpp_pr1
 .text.__aeabi_unwind_cpp_pr2
                0x000000000010b338        0x8 c:/msys64/opt/devkitpro/devkitarm/bin/../lib/gcc/arm-none-eabi/9.1.0/armv6k/fpu\libgcc.a(unwind-arm.o)
                0x000000000010b338                __aeabi_unwind_cpp_pr2
 .text._Unwind_VRS_Pop
                0x000000000010b340      0x3d0 c:/msys64/opt/devkitpro/devkitarm/bin/../lib/gcc/arm-none-eabi/9.1.0/armv6k/fpu\libgcc.a(unwind-arm.o)
                0x000000000010b340                _Unwind_VRS_Pop
 .text.next_unwind_byte
                0x000000000010b710       0x60 c:/msys64/opt/devkitpro/devkitarm/bin/../lib/gcc/arm-none-eabi/9.1.0/armv6k/fpu\libgcc.a(pr-support.o)
 .text._Unwind_GetGR.constprop.0
                0x000000000010b770       0x2c c:/msys64/opt/devkitpro/devkitarm/bin/../lib/gcc/arm-none-eabi/9.1.0/armv6k/fpu\libgcc.a(pr-support.o)
 .text.unwind_UCB_from_context
                0x000000000010b79c        0x4 c:/msys64/opt/devkitpro/devkitarm/bin/../lib/gcc/arm-none-eabi/9.1.0/armv6k/fpu\libgcc.a(pr-support.o)
 .text.__gnu_unwind_execute
                0x000000000010b7a0      0x3c8 c:/msys64/opt/devkitpro/devkitarm/bin/../lib/gcc/arm-none-eabi/9.1.0/armv6k/fpu\libgcc.a(pr-support.o)
                0x000000000010b7a0                __gnu_unwind_execute
 .text.__gnu_unwind_frame
                0x000000000010bb68       0x44 c:/msys64/opt/devkitpro/devkitarm/bin/../lib/gcc/arm-none-eabi/9.1.0/armv6k/fpu\libgcc.a(pr-support.o)
                0x000000000010bb68                __gnu_unwind_frame
 .text._Unwind_GetRegionStart
                0x000000000010bbac       0x10 c:/msys64/opt/devkitpro/devkitarm/bin/../lib/gcc/arm-none-eabi/9.1.0/armv6k/fpu\libgcc.a(pr-support.o)
                0x000000000010bbac                _Unwind_GetRegionStart
 .text._Unwind_GetLanguageSpecificData
                0x000000000010bbbc       0x1c c:/msys64/opt/devkitpro/devkitarm/bin/../lib/gcc/arm-none-eabi/9.1.0/armv6k/fpu\libgcc.a(pr-support.o)
                0x000000000010bbbc                _Unwind_GetLanguageSpecificData
 .text.unlikely._Unwind_GetDataRelBase
                0x000000000010bbd8        0x8 c:/msys64/opt/devkitpro/devkitarm/bin/../lib/gcc/arm-none-eabi/9.1.0/armv6k/fpu\libgcc.a(pr-support.o)
                0x000000000010bbd8                _Unwind_GetDataRelBase
 .text.unlikely._Unwind_GetTextRelBase
                0x000000000010bbe0        0x8 c:/msys64/opt/devkitpro/devkitarm/bin/../lib/gcc/arm-none-eabi/9.1.0/armv6k/fpu\libgcc.a(pr-support.o)
                0x000000000010bbe0                _Unwind_GetTextRelBase
 .text.abort    0x000000000010bbe8       0x14 c:/msys64/opt/devkitpro/devkitarm/bin/../lib/gcc/arm-none-eabi/9.1.0/../../../../arm-none-eabi/lib/armv6k/fpu\libg.a(lib_a-abort.o)
                0x000000000010bbe8                abort
 .text.bsearch  0x000000000010bbfc       0x7c c:/msys64/opt/devkitpro/devkitarm/bin/../lib/gcc/arm-none-eabi/9.1.0/../../../../arm-none-eabi/lib/armv6k/fpu\libg.a(lib_a-bsearch.o)
                0x000000000010bbfc                bsearch
 .text.__cxa_atexit
                0x000000000010bc78       0x18 c:/msys64/opt/devkitpro/devkitarm/bin/../lib/gcc/arm-none-eabi/9.1.0/../../../../arm-none-eabi/lib/armv6k/fpu\libg.a(lib_a-cxa_atexit.o)
                0x000000000010bc78                __cxa_atexit
 .text.exit     0x000000000010bc90       0x34 c:/msys64/opt/devkitpro/devkitarm/bin/../lib/gcc/arm-none-eabi/9.1.0/../../../../arm-none-eabi/lib/armv6k/fpu\libg.a(lib_a-exit.o)
                0x000000000010bc90                exit
 .text.__libc_fini_array
                0x000000000010bcc4       0x3c c:/msys64/opt/devkitpro/devkitarm/bin/../lib/gcc/arm-none-eabi/9.1.0/../../../../arm-none-eabi/lib/armv6k/fpu\libg.a(lib_a-fini.o)
                0x000000000010bcc4                __libc_fini_array
 .text.__libc_init_array
                0x000000000010bd00       0x7c c:/msys64/opt/devkitpro/devkitarm/bin/../lib/gcc/arm-none-eabi/9.1.0/../../../../arm-none-eabi/lib/armv6k/fpu\libg.a(lib_a-init.o)
                0x000000000010bd00                __libc_init_array
 .text.memalign
                0x000000000010bd7c       0x28 c:/msys64/opt/devkitpro/devkitarm/bin/../lib/gcc/arm-none-eabi/9.1.0/../../../../arm-none-eabi/lib/armv6k/fpu\libg.a(lib_a-malign.o)
                0x000000000010bd7c                memalign
 .text._memalign_r
                0x000000000010bda4      0x14c c:/msys64/opt/devkitpro/devkitarm/bin/../lib/gcc/arm-none-eabi/9.1.0/../../../../arm-none-eabi/lib/armv6k/fpu\libg.a(lib_a-malignr.o)
                0x000000000010bda4                _memalign_r
 .text.malloc   0x000000000010bef0       0x20 c:/msys64/opt/devkitpro/devkitarm/bin/../lib/gcc/arm-none-eabi/9.1.0/../../../../arm-none-eabi/lib/armv6k/fpu\libg.a(lib_a-malloc.o)
                0x000000000010bef0                malloc
 .text.free     0x000000000010bf10       0x20 c:/msys64/opt/devkitpro/devkitarm/bin/../lib/gcc/arm-none-eabi/9.1.0/../../../../arm-none-eabi/lib/armv6k/fpu\libg.a(lib_a-malloc.o)
                0x000000000010bf10                free
 .text._malloc_r
                0x000000000010bf30      0x7d0 c:/msys64/opt/devkitpro/devkitarm/bin/../lib/gcc/arm-none-eabi/9.1.0/../../../../arm-none-eabi/lib/armv6k/fpu\libg.a(lib_a-mallocr.o)
                0x000000000010bf30                _malloc_r
 .text.memchr   0x000000000010c700       0xe0 c:/msys64/opt/devkitpro/devkitarm/bin/../lib/gcc/arm-none-eabi/9.1.0/../../../../arm-none-eabi/lib/armv6k/fpu\libg.a(lib_a-memchr-stub.o)
                0x000000000010c700                memchr
 .text.memcpy   0x000000000010c7e0      0x120 c:/msys64/opt/devkitpro/devkitarm/bin/../lib/gcc/arm-none-eabi/9.1.0/../../../../arm-none-eabi/lib/armv6k/fpu\libg.a(lib_a-memcpy-stub.o)
                0x000000000010c7e0                memcpy
 .text.memset   0x000000000010c900      0x118 c:/msys64/opt/devkitpro/devkitarm/bin/../lib/gcc/arm-none-eabi/9.1.0/../../../../arm-none-eabi/lib/armv6k/fpu\libg.a(lib_a-memset.o)
                0x000000000010c900                memset
 .text.__malloc_lock
                0x000000000010ca18        0xc c:/msys64/opt/devkitpro/devkitarm/bin/../lib/gcc/arm-none-eabi/9.1.0/../../../../arm-none-eabi/lib/armv6k/fpu\libg.a(lib_a-mlock.o)
                0x000000000010ca18                __malloc_lock
 .text.__malloc_unlock
                0x000000000010ca24        0xc c:/msys64/opt/devkitpro/devkitarm/bin/../lib/gcc/arm-none-eabi/9.1.0/../../../../arm-none-eabi/lib/armv6k/fpu\libg.a(lib_a-mlock.o)
                0x000000000010ca24                __malloc_unlock
 .text._puts_r  0x000000000010ca30       0xe0 c:/msys64/opt/devkitpro/devkitarm/bin/../lib/gcc/arm-none-eabi/9.1.0/../../../../arm-none-eabi/lib/armv6k/fpu\libg.a(lib_a-puts.o)
                0x000000000010ca30                _puts_r
 .text.puts     0x000000000010cb10       0x20 c:/msys64/opt/devkitpro/devkitarm/bin/../lib/gcc/arm-none-eabi/9.1.0/../../../../arm-none-eabi/lib/armv6k/fpu\libg.a(lib_a-puts.o)
                0x000000000010cb10                puts
 .text.setvbuf  0x000000000010cb30      0x260 c:/msys64/opt/devkitpro/devkitarm/bin/../lib/gcc/arm-none-eabi/9.1.0/../../../../arm-none-eabi/lib/armv6k/fpu\libg.a(lib_a-setvbuf.o)
                0x000000000010cb30                setvbuf
 .text._raise_r
                0x000000000010cd90       0x98 c:/msys64/opt/devkitpro/devkitarm/bin/../lib/gcc/arm-none-eabi/9.1.0/../../../../arm-none-eabi/lib/armv6k/fpu\libg.a(lib_a-signal.o)
                0x000000000010cd90                _raise_r
 .text.raise    0x000000000010ce28       0x20 c:/msys64/opt/devkitpro/devkitarm/bin/../lib/gcc/arm-none-eabi/9.1.0/../../../../arm-none-eabi/lib/armv6k/fpu\libg.a(lib_a-signal.o)
                0x000000000010ce28                raise
 .text.sscanf   0x000000000010ce48       0x74 c:/msys64/opt/devkitpro/devkitarm/bin/../lib/gcc/arm-none-eabi/9.1.0/../../../../arm-none-eabi/lib/armv6k/fpu\libg.a(lib_a-sscanf.o)
                0x000000000010ce48                sscanf
 .text.__sread  0x000000000010cebc       0x3c c:/msys64/opt/devkitpro/devkitarm/bin/../lib/gcc/arm-none-eabi/9.1.0/../../../../arm-none-eabi/lib/armv6k/fpu\libg.a(lib_a-stdio.o)
                0x000000000010cebc                __sread
 .text.__seofread
                0x000000000010cef8        0x8 c:/msys64/opt/devkitpro/devkitarm/bin/../lib/gcc/arm-none-eabi/9.1.0/../../../../arm-none-eabi/lib/armv6k/fpu\libg.a(lib_a-stdio.o)
                0x000000000010cef8                __seofread
 .text.__swrite
                0x000000000010cf00       0x68 c:/msys64/opt/devkitpro/devkitarm/bin/../lib/gcc/arm-none-eabi/9.1.0/../../../../arm-none-eabi/lib/armv6k/fpu\libg.a(lib_a-stdio.o)
                0x000000000010cf00                __swrite
 .text.__sseek  0x000000000010cf68       0x58 c:/msys64/opt/devkitpro/devkitarm/bin/../lib/gcc/arm-none-eabi/9.1.0/../../../../arm-none-eabi/lib/armv6k/fpu\libg.a(lib_a-stdio.o)
                0x000000000010cf68                __sseek
 .text.__sclose
                0x000000000010cfc0        0x8 c:/msys64/opt/devkitpro/devkitarm/bin/../lib/gcc/arm-none-eabi/9.1.0/../../../../arm-none-eabi/lib/armv6k/fpu\libg.a(lib_a-stdio.o)
                0x000000000010cfc0                __sclose
 .text.strlen   0x000000000010cfc8       0x5c c:/msys64/opt/devkitpro/devkitarm/bin/../lib/gcc/arm-none-eabi/9.1.0/../../../../arm-none-eabi/lib/armv6k/fpu\libg.a(lib_a-strlen-stub.o)
                0x000000000010cfc8                strlen
 .text.strncat  0x000000000010d024       0x98 c:/msys64/opt/devkitpro/devkitarm/bin/../lib/gcc/arm-none-eabi/9.1.0/../../../../arm-none-eabi/lib/armv6k/fpu\libg.a(lib_a-strncat.o)
                0x000000000010d024                strncat
 .text.strncpy  0x000000000010d0bc       0xc0 c:/msys64/opt/devkitpro/devkitarm/bin/../lib/gcc/arm-none-eabi/9.1.0/../../../../arm-none-eabi/lib/armv6k/fpu\libg.a(lib_a-strncpy.o)
                0x000000000010d0bc                strncpy
 .text.strnlen  0x000000000010d17c       0x48 c:/msys64/opt/devkitpro/devkitarm/bin/../lib/gcc/arm-none-eabi/9.1.0/../../../../arm-none-eabi/lib/armv6k/fpu\libg.a(lib_a-strnlen.o)
                0x000000000010d17c                strnlen
 .text.get_arg  0x000000000010d1c4       0x48 c:/msys64/opt/devkitpro/devkitarm/bin/../lib/gcc/arm-none-eabi/9.1.0/../../../../arm-none-eabi/lib/armv6k/fpu\libg.a(lib_a-svfscanf.o)
 .text.__ssvfscanf_r
                0x000000000010d20c     0x2b84 c:/msys64/opt/devkitpro/devkitarm/bin/../lib/gcc/arm-none-eabi/9.1.0/../../../../arm-none-eabi/lib/armv6k/fpu\libg.a(lib_a-svfscanf.o)
                0x000000000010d20c                __ssvfscanf_r
 .text._wcrtomb_r
                0x000000000010fd90       0x54 c:/msys64/opt/devkitpro/devkitarm/bin/../lib/gcc/arm-none-eabi/9.1.0/../../../../arm-none-eabi/lib/armv6k/fpu\libg.a(lib_a-wcrtomb.o)
                0x000000000010fd90                _wcrtomb_r
 .text._wcsrtombs_r
                0x000000000010fde4       0x20 c:/msys64/opt/devkitpro/devkitarm/bin/../lib/gcc/arm-none-eabi/9.1.0/../../../../arm-none-eabi/lib/armv6k/fpu\libg.a(lib_a-wcsrtombs.o)
                0x000000000010fde4                _wcsrtombs_r
 .text.__swsetup_r
                0x000000000010fe04      0x150 c:/msys64/opt/devkitpro/devkitarm/bin/../lib/gcc/arm-none-eabi/9.1.0/../../../../arm-none-eabi/lib/armv6k/fpu\libg.a(lib_a-wsetup.o)
                0x000000000010fe04                __swsetup_r
 .text.__register_exitproc
                0x000000000010ff54       0xb0 c:/msys64/opt/devkitpro/devkitarm/bin/../lib/gcc/arm-none-eabi/9.1.0/../../../../arm-none-eabi/lib/armv6k/fpu\libg.a(lib_a-__atexit.o)
                0x000000000010ff54                __register_exitproc
 .text.__call_exitprocs
                0x0000000000110004      0x118 c:/msys64/opt/devkitpro/devkitarm/bin/../lib/gcc/arm-none-eabi/9.1.0/../../../../arm-none-eabi/lib/armv6k/fpu\libg.a(lib_a-__call_atexit.o)
                0x0000000000110004                __call_exitprocs
 .text.__sflush_r
                0x000000000011011c      0x278 c:/msys64/opt/devkitpro/devkitarm/bin/../lib/gcc/arm-none-eabi/9.1.0/../../../../arm-none-eabi/lib/armv6k/fpu\libg.a(lib_a-fflush.o)
                0x000000000011011c                __sflush_r
 .text._fflush_r
                0x0000000000110394       0x94 c:/msys64/opt/devkitpro/devkitarm/bin/../lib/gcc/arm-none-eabi/9.1.0/../../../../arm-none-eabi/lib/armv6k/fpu\libg.a(lib_a-fflush.o)
                0x0000000000110394                _fflush_r
 .text.std      0x0000000000110428       0x78 c:/msys64/opt/devkitpro/devkitarm/bin/../lib/gcc/arm-none-eabi/9.1.0/../../../../arm-none-eabi/lib/armv6k/fpu\libg.a(lib_a-findfp.o)
 .text._cleanup_r
                0x00000000001104a0        0xc c:/msys64/opt/devkitpro/devkitarm/bin/../lib/gcc/arm-none-eabi/9.1.0/../../../../arm-none-eabi/lib/armv6k/fpu\libg.a(lib_a-findfp.o)
                0x00000000001104a0                _cleanup_r
 .text.__sinit  0x00000000001104ac       0x8c c:/msys64/opt/devkitpro/devkitarm/bin/../lib/gcc/arm-none-eabi/9.1.0/../../../../arm-none-eabi/lib/armv6k/fpu\libg.a(lib_a-findfp.o)
                0x00000000001104ac                __sinit
 .text.__sfp_lock_acquire
                0x0000000000110538        0xc c:/msys64/opt/devkitpro/devkitarm/bin/../lib/gcc/arm-none-eabi/9.1.0/../../../../arm-none-eabi/lib/armv6k/fpu\libg.a(lib_a-findfp.o)
                0x0000000000110538                __sfp_lock_acquire
 .text.__sfp_lock_release
                0x0000000000110544        0xc c:/msys64/opt/devkitpro/devkitarm/bin/../lib/gcc/arm-none-eabi/9.1.0/../../../../arm-none-eabi/lib/armv6k/fpu\libg.a(lib_a-findfp.o)
                0x0000000000110544                __sfp_lock_release
 .text._malloc_trim_r
                0x0000000000110550       0xf8 c:/msys64/opt/devkitpro/devkitarm/bin/../lib/gcc/arm-none-eabi/9.1.0/../../../../arm-none-eabi/lib/armv6k/fpu\libg.a(lib_a-freer.o)
                0x0000000000110550                _malloc_trim_r
 .text._free_r  0x0000000000110648      0x2e8 c:/msys64/opt/devkitpro/devkitarm/bin/../lib/gcc/arm-none-eabi/9.1.0/../../../../arm-none-eabi/lib/armv6k/fpu\libg.a(lib_a-freer.o)
                0x0000000000110648                _free_r
 .text.__sfvwrite_r
                0x0000000000110930      0x4a4 c:/msys64/opt/devkitpro/devkitarm/bin/../lib/gcc/arm-none-eabi/9.1.0/../../../../arm-none-eabi/lib/armv6k/fpu\libg.a(lib_a-fvwrite.o)
                0x0000000000110930                __sfvwrite_r
 .text._fwalk_reent
                0x0000000000110dd4       0x70 c:/msys64/opt/devkitpro/devkitarm/bin/../lib/gcc/arm-none-eabi/9.1.0/../../../../arm-none-eabi/lib/armv6k/fpu\libg.a(lib_a-fwalk.o)
                0x0000000000110dd4                _fwalk_reent
 .text.iswspace
                0x0000000000110e44        0x8 c:/msys64/opt/devkitpro/devkitarm/bin/../lib/gcc/arm-none-eabi/9.1.0/../../../../arm-none-eabi/lib/armv6k/fpu\libg.a(lib_a-iswspace.o)
                0x0000000000110e44                iswspace
 .text._localeconv_r
                0x0000000000110e4c        0xc c:/msys64/opt/devkitpro/devkitarm/bin/../lib/gcc/arm-none-eabi/9.1.0/../../../../arm-none-eabi/lib/armv6k/fpu\libg.a(lib_a-localeconv.o)
                0x0000000000110e4c                _localeconv_r
 .text.__locale_mb_cur_max
                0x0000000000110e58       0x10 c:/msys64/opt/devkitpro/devkitarm/bin/../lib/gcc/arm-none-eabi/9.1.0/../../../../arm-none-eabi/lib/armv6k/fpu\libg.a(lib_a-locale.o)
                0x0000000000110e58                __locale_mb_cur_max
 .text.__swhatbuf_r
                0x0000000000110e68       0x94 c:/msys64/opt/devkitpro/devkitarm/bin/../lib/gcc/arm-none-eabi/9.1.0/../../../../arm-none-eabi/lib/armv6k/fpu\libg.a(lib_a-makebuf.o)
                0x0000000000110e68                __swhatbuf_r
 .text.__smakebuf_r
                0x0000000000110efc       0xf8 c:/msys64/opt/devkitpro/devkitarm/bin/../lib/gcc/arm-none-eabi/9.1.0/../../../../arm-none-eabi/lib/armv6k/fpu\libg.a(lib_a-makebuf.o)
                0x0000000000110efc                __smakebuf_r
 .text._mbrtowc_r
                0x0000000000110ff4       0x60 c:/msys64/opt/devkitpro/devkitarm/bin/../lib/gcc/arm-none-eabi/9.1.0/../../../../arm-none-eabi/lib/armv6k/fpu\libg.a(lib_a-mbrtowc.o)
                0x0000000000110ff4                _mbrtowc_r
 .text.__utf8_mbtowc
                0x0000000000111054      0x2fc c:/msys64/opt/devkitpro/devkitarm/bin/../lib/gcc/arm-none-eabi/9.1.0/../../../../arm-none-eabi/lib/armv6k/fpu\libg.a(lib_a-mbtowc_r.o)
                0x0000000000111054                __utf8_mbtowc
 .text.memmove  0x0000000000111350      0x154 c:/msys64/opt/devkitpro/devkitarm/bin/../lib/gcc/arm-none-eabi/9.1.0/../../../../arm-none-eabi/lib/armv6k/fpu\libg.a(lib_a-memmove.o)
                0x0000000000111350                memmove
 .text.realloc  0x00000000001114a4       0x28 c:/msys64/opt/devkitpro/devkitarm/bin/../lib/gcc/arm-none-eabi/9.1.0/../../../../arm-none-eabi/lib/armv6k/fpu\libg.a(lib_a-realloc.o)
                0x00000000001114a4                realloc
 .text._realloc_r
                0x00000000001114cc      0x4bc c:/msys64/opt/devkitpro/devkitarm/bin/../lib/gcc/arm-none-eabi/9.1.0/../../../../arm-none-eabi/lib/armv6k/fpu\libg.a(lib_a-reallocr.o)
                0x00000000001114cc                _realloc_r
 .text.__sccl   0x0000000000111988       0xe8 c:/msys64/opt/devkitpro/devkitarm/bin/../lib/gcc/arm-none-eabi/9.1.0/../../../../arm-none-eabi/lib/armv6k/fpu\libg.a(lib_a-sccl.o)
                0x0000000000111988                __sccl
 .text.nanf     0x0000000000111a70        0xc c:/msys64/opt/devkitpro/devkitarm/bin/../lib/gcc/arm-none-eabi/9.1.0/../../../../arm-none-eabi/lib/armv6k/fpu\libg.a(lib_a-sf_nan.o)
                0x0000000000111a70                nanf
 .text.sprintf  0x0000000000111a7c       0x64 c:/msys64/opt/devkitpro/devkitarm/bin/../lib/gcc/arm-none-eabi/9.1.0/../../../../arm-none-eabi/lib/armv6k/fpu\libg.a(lib_a-sprintf.o)
                0x0000000000111a7c                sprintf
 .text.stpncpy  0x0000000000111ae0       0xb8 c:/msys64/opt/devkitpro/devkitarm/bin/../lib/gcc/arm-none-eabi/9.1.0/../../../../arm-none-eabi/lib/armv6k/fpu\libg.a(lib_a-stpncpy.o)
                0x0000000000111ae0                stpncpy
 .text.strchr   0x0000000000111b98      0x144 c:/msys64/opt/devkitpro/devkitarm/bin/../lib/gcc/arm-none-eabi/9.1.0/../../../../arm-none-eabi/lib/armv6k/fpu\libg.a(lib_a-strchr.o)
                0x0000000000111b98                strchr
 .text.strncmp  0x0000000000111cdc       0xec c:/msys64/opt/devkitpro/devkitarm/bin/../lib/gcc/arm-none-eabi/9.1.0/../../../../arm-none-eabi/lib/armv6k/fpu\libg.a(lib_a-strncmp.o)
                0x0000000000111cdc                strncmp
 .text.sulp     0x0000000000111dc8       0x54 c:/msys64/opt/devkitpro/devkitarm/bin/../lib/gcc/arm-none-eabi/9.1.0/../../../../arm-none-eabi/lib/armv6k/fpu\libg.a(lib_a-strtod.o)
 *fill*         0x0000000000111e1c        0x4 
 .text._strtod_l
                0x0000000000111e20     0x1414 c:/msys64/opt/devkitpro/devkitarm/bin/../lib/gcc/arm-none-eabi/9.1.0/../../../../arm-none-eabi/lib/armv6k/fpu\libg.a(lib_a-strtod.o)
                0x0000000000111e20                _strtod_l
 .text._strtod_r
                0x0000000000113234        0xc c:/msys64/opt/devkitpro/devkitarm/bin/../lib/gcc/arm-none-eabi/9.1.0/../../../../arm-none-eabi/lib/armv6k/fpu\libg.a(lib_a-strtod.o)
                0x0000000000113234                _strtod_r
 .text._strtoll_l.isra.0
                0x0000000000113240      0x23c c:/msys64/opt/devkitpro/devkitarm/bin/../lib/gcc/arm-none-eabi/9.1.0/../../../../arm-none-eabi/lib/armv6k/fpu\libg.a(lib_a-strtoll.o)
 .text._strtoll_r
                0x000000000011347c        0x4 c:/msys64/opt/devkitpro/devkitarm/bin/../lib/gcc/arm-none-eabi/9.1.0/../../../../arm-none-eabi/lib/armv6k/fpu\libg.a(lib_a-strtoll.o)
                0x000000000011347c                _strtoll_r
 .text._strtol_l.isra.0
                0x0000000000113480      0x1b4 c:/msys64/opt/devkitpro/devkitarm/bin/../lib/gcc/arm-none-eabi/9.1.0/../../../../arm-none-eabi/lib/armv6k/fpu\libg.a(lib_a-strtol.o)
 .text._strtol_r
                0x0000000000113634        0x4 c:/msys64/opt/devkitpro/devkitarm/bin/../lib/gcc/arm-none-eabi/9.1.0/../../../../arm-none-eabi/lib/armv6k/fpu\libg.a(lib_a-strtol.o)
                0x0000000000113634                _strtol_r
 .text._strtoull_l.isra.0