Archive member included to satisfy reference by file (symbol)

C:/msys64/opt/devkitpro/libctru/lib\libctru.a(console.o)
                              main.o (consoleInit)
C:/msys64/opt/devkitpro/libctru/lib\libctru.a(gfx.o)
                              C:/msys64/opt/devkitpro/libctru/lib\libctru.a(console.o) (gfxSetScreenFormat)
C:/msys64/opt/devkitpro/libctru/lib\libctru.a(gx.o)
                              C:/msys64/opt/devkitpro/libctru/lib\libctru.a(gfx.o) (gxCmdBuf)
C:/msys64/opt/devkitpro/libctru/lib\libctru.a(gspgpu.o)
                              C:/msys64/opt/devkitpro/libctru/lib\libctru.a(gfx.o) (gspInit)
C:/msys64/opt/devkitpro/libctru/lib\libctru.a(apt.o)
                              main.o (aptMainLoop)
C:/msys64/opt/devkitpro/libctru/lib\libctru.a(hid.o)
                              main.o (hidScanInput)
C:/msys64/opt/devkitpro/libctru/lib\libctru.a(initSystem.o)
                              C:/msys64/opt/devkitpro/libctru/lib\libctru.a(apt.o) (__system_retAddr)
C:/msys64/opt/devkitpro/libctru/lib\libctru.a(syscalls.o)
                              C:/msys64/opt/devkitpro/libctru/lib\libctru.a(initSystem.o) (__system_initSyscalls)
C:/msys64/opt/devkitpro/libctru/lib\libctru.a(allocateHeaps.o)
                              C:/msys64/opt/devkitpro/libctru/lib\libctru.a(initSystem.o) (__system_allocateHeaps)
C:/msys64/opt/devkitpro/libctru/lib\libctru.a(initArgv.o)
                              C:/msys64/opt/devkitpro/libctru/lib\libctru.a(initSystem.o) (__system_initArgv)
C:/msys64/opt/devkitpro/libctru/lib\libctru.a(svc.o)
                              C:/msys64/opt/devkitpro/libctru/lib\libctru.a(allocateHeaps.o) (svcControlMemory)
C:/msys64/opt/devkitpro/libctru/lib\libctru.a(stack_adjust.o)
                              c:/msys64/opt/devkitpro/devkitarm/bin/../lib/gcc/arm-none-eabi/9.1.0/../../../../arm-none-eabi/lib/armv6k/fpu/3dsx_crt0.o (initSystem)
C:/msys64/opt/devkitpro/libctru/lib\libctru.a(default_font.bin.o)
                              C:/msys64/opt/devkitpro/libctru/lib\libctru.a(console.o) (default_font_bin)
C:/msys64/opt/devkitpro/libctru/lib\libctru.a(vram.o)
                              C:/msys64/opt/devkitpro/libctru/lib\libctru.a(gfx.o) (vramAlloc)
C:/msys64/opt/devkitpro/libctru/lib\libctru.a(mappable.o)
                              C:/msys64/opt/devkitpro/libctru/lib\libctru.a(gfx.o) (mappableAlloc)
C:/msys64/opt/devkitpro/libctru/lib\libctru.a(linear.o)
                              C:/msys64/opt/devkitpro/libctru/lib\libctru.a(gfx.o) (linearAlloc)
C:/msys64/opt/devkitpro/libctru/lib\libctru.a(mem_pool.o)
                              C:/msys64/opt/devkitpro/libctru/lib\libctru.a(vram.o) (MemPool::Allocate(MemChunk&, unsigned long, int))
C:/msys64/opt/devkitpro/libctru/lib\libctru.a(synchronization.o)
                              C:/msys64/opt/devkitpro/libctru/lib\libctru.a(initSystem.o) (__sync_init)
C:/msys64/opt/devkitpro/libctru/lib\libctru.a(os.o)
                              C:/msys64/opt/devkitpro/libctru/lib\libctru.a(allocateHeaps.o) (osGetMemRegionUsed)
C:/msys64/opt/devkitpro/libctru/lib\libctru.a(srv.o)
                              C:/msys64/opt/devkitpro/libctru/lib\libctru.a(apt.o) (srvInit)
C:/msys64/opt/devkitpro/libctru/lib\libctru.a(thread.o)
                              C:/msys64/opt/devkitpro/libctru/lib\libctru.a(gspgpu.o) (threadCreate)
C:/msys64/opt/devkitpro/libctru/lib\libctru.a(irrst.o)
                              C:/msys64/opt/devkitpro/libctru/lib\libctru.a(hid.o) (irrstScanInput)
C:/msys64/opt/devkitpro/libctru/lib\libctru.a(srvpm.o)
                              C:/msys64/opt/devkitpro/libctru/lib\libctru.a(srv.o) (srvPmGetSessionHandle)
C:/msys64/opt/devkitpro/libctru/lib\libctru.a(ptmsysm.o)
                              C:/msys64/opt/devkitpro/libctru/lib\libctru.a(os.o) (ptmSysmInit)
C:/msys64/opt/devkitpro/libctru/lib\libctru.a(rbtree_init.o)
                              C:/msys64/opt/devkitpro/libctru/lib\libctru.a(vram.o) (rbtree_init)
C:/msys64/opt/devkitpro/libctru/lib\libctru.a(rbtree_insert.o)
                              C:/msys64/opt/devkitpro/libctru/lib\libctru.a(vram.o) (rbtree_insert)
C:/msys64/opt/devkitpro/libctru/lib\libctru.a(rbtree_rotate.o)
                              C:/msys64/opt/devkitpro/libctru/lib\libctru.a(rbtree_insert.o) (rbtree_rotate)
C:/msys64/opt/devkitpro/libctru/lib\libctru.a(rbtree_remove.o)
                              C:/msys64/opt/devkitpro/libctru/lib\libctru.a(vram.o) (rbtree_remove)
C:/msys64/opt/devkitpro/libctru/lib\libctru.a(rbtree_find.o)
                              C:/msys64/opt/devkitpro/libctru/lib\libctru.a(vram.o) (rbtree_find)
C:/msys64/opt/devkitpro/libctru/lib\libctru.a(appInit.o)
                              C:/msys64/opt/devkitpro/libctru/lib\libctru.a(stack_adjust.o) (__appInit)
C:/msys64/opt/devkitpro/libctru/lib\libctru.a(appExit.o)
[...]
Memory Configuration

Name             Origin             Length             Attributes
*default*        0x0000000000000000 0xffffffffffffffff

Linker script and memory map

                0x0000000000100000                PROVIDE (__start__ = 0x100000)
                0x0000000000100000                . = __start__

.text           0x0000000000100000    0x1bbf0
 *(.crt0)
 .crt0          0x0000000000100000       0x94 c:/msys64/opt/devkitpro/devkitarm/bin/../lib/gcc/arm-none-eabi/9.1.0/../../../../arm-none-eabi/lib/armv6k/fpu/3dsx_crt0.o
                0x0000000000100000                _start
                0x0000000000100008                __service_ptr
                0x000000000010000c                __apt_appid
                0x0000000000100010                __heap_size
                0x0000000000100014                __linear_heap_size
                0x0000000000100018                __system_arglist
                0x000000000010001c                __system_runflags
 *(.init)
 .init          0x0000000000100094        0xc c:/msys64/opt/devkitpro/devkitarm/bin/../lib/gcc/arm-none-eabi/9.1.0/armv6k/fpu/crti.o
                0x0000000000100094                _init
 .init          0x00000000001000a0        0xc c:/msys64/opt/devkitpro/devkitarm/bin/../lib/gcc/arm-none-eabi/9.1.0/armv6k/fpu/crtn.o
                0x00000000001000ac                . = ALIGN (0x4)
 *(.text)
 .text          0x00000000001000ac       0x64 C:/msys64/opt/devkitpro/libctru/lib\libctru.a(stack_adjust.o)
                0x00000000001000ac                initSystem
                0x00000000001000f0                __ctru_exit
 .text          0x0000000000100110      0x240 c:/msys64/opt/devkitpro/devkitarm/bin/../lib/gcc/arm-none-eabi/9.1.0/armv6k/fpu\libgcc.a(_divsi3.o)
                0x0000000000100110                __divsi3
                0x0000000000100110                __aeabi_idiv
                0x0000000000100330                __aeabi_idivmod
 .text          0x0000000000100350        0x4 c:/msys64/opt/devkitpro/devkitarm/bin/../lib/gcc/arm-none-eabi/9.1.0/armv6k/fpu\libgcc.a(_dvmd_tls.o)
                0x0000000000100350                __aeabi_idiv0
                0x0000000000100350                __aeabi_ldiv0
 .text          0x0000000000100354       0x3c c:/msys64/opt/devkitpro/devkitarm/bin/../lib/gcc/arm-none-eabi/9.1.0/armv6k/fpu\libgcc.a(_aeabi_uldivmod.o)
                0x0000000000100354                __aeabi_uldivmod
 .text          0x0000000000100390      0x1a8 c:/msys64/opt/devkitpro/devkitarm/bin/../lib/gcc/arm-none-eabi/9.1.0/armv6k/fpu\libgcc.a(libunwind.o)
                0x0000000000100390                __restore_core_regs
                0x0000000000100390                restore_core_regs
                0x00000000001003a4                __gnu_Unwind_Restore_VFP
                0x00000000001003ac                __gnu_Unwind_Save_VFP
                0x00000000001003b4                __gnu_Unwind_Restore_VFP_D
                0x00000000001003bc                __gnu_Unwind_Save_VFP_D
                0x00000000001003c4                __gnu_Unwind_Restore_VFP_D_16_to_31
                0x00000000001003cc                __gnu_Unwind_Save_VFP_D_16_to_31
                0x00000000001003d4                __gnu_Unwind_Restore_WMMXD
                0x0000000000100418                __gnu_Unwind_Save_WMMXD
                0x000000000010045c                __gnu_Unwind_Restore_WMMXC
                0x0000000000100470                __gnu_Unwind_Save_WMMXC
                0x0000000000100484                ___Unwind_RaiseException
                0x0000000000100484                _Unwind_RaiseException
                0x00000000001004a8                _Unwind_Resume
                0x00000000001004a8                ___Unwind_Resume
                0x00000000001004cc                _Unwind_Resume_or_Rethrow
                0x00000000001004cc                ___Unwind_Resume_or_Rethrow
                0x00000000001004f0                _Unwind_ForcedUnwind
                0x00000000001004f0                ___Unwind_ForcedUnwind
                0x0000000000100514                ___Unwind_Backtrace
                0x0000000000100514                _Unwind_Backtrace
 *fill*         0x0000000000100538        0x8 
 .text          0x0000000000100540      0x390 c:/msys64/opt/devkitpro/devkitarm/bin/../lib/gcc/arm-none-eabi/9.1.0/../../../../arm-none-eabi/lib/armv6k/fpu\libg.a(lib_a-strcmp.o)
                0x0000000000100548                strcmp
 .text          0x00000000001008d0      0x20c c:/msys64/opt/devkitpro/devkitarm/bin/../lib/gcc/arm-none-eabi/9.1.0/armv6k/fpu\libgcc.a(_udivsi3.o)
                0x00000000001008d0                __aeabi_uidiv
                0x00000000001008d0                __udivsi3
                0x0000000000100abc                __aeabi_uidivmod
 .text          0x0000000000100adc      0x3c0 c:/msys64/opt/devkitpro/devkitarm/bin/../lib/gcc/arm-none-eabi/9.1.0/armv6k/fpu\libgcc.a(_arm_addsubdf3.o)
                0x0000000000100adc                __aeabi_drsub
                0x0000000000100ae4                __aeabi_dsub
                0x0000000000100ae4                __subdf3
                0x0000000000100ae8                __aeabi_dadd
                0x0000000000100ae8                __adddf3
                0x0000000000100d94                __floatunsidf
                0x0000000000100d94                __aeabi_ui2d
                0x0000000000100db8                __floatsidf
                0x0000000000100db8                __aeabi_i2d
                0x0000000000100de0                __aeabi_f2d
                0x0000000000100de0                __extendsfdf2
                0x0000000000100e28                __floatundidf
                0x0000000000100e28                __aeabi_ul2d
                0x0000000000100e3c                __floatdidf
                0x0000000000100e3c                __aeabi_l2d
 *(.text.*)
 .text.deregister_tm_clones
                0x0000000000100e9c       0x2c c:/msys64/opt/devkitpro/devkitarm/bin/../lib/gcc/arm-none-eabi/9.1.0/armv6k/fpu/crtbegin.o
 .text.register_tm_clones
                0x0000000000100ec8       0x38 c:/msys64/opt/devkitpro/devkitarm/bin/../lib/gcc/arm-none-eabi/9.1.0/armv6k/fpu/crtbegin.o
 .text.__do_global_dtors_aux
                0x0000000000100f00       0x44 c:/msys64/opt/devkitpro/devkitarm/bin/../lib/gcc/arm-none-eabi/9.1.0/armv6k/fpu/crtbegin.o
 .text.frame_dummy
                0x0000000000100f44       0x34 c:/msys64/opt/devkitpro/devkitarm/bin/../lib/gcc/arm-none-eabi/9.1.0/armv6k/fpu/crtbegin.o
 .text.startup.main
                0x0000000000100f78       0x88 main.o
                0x0000000000100f78                main
 .text._ZNSt14_Function_base13_Base_managerIN7DaycareUlPKcE_EE10_M_managerERSt9_Any_dataRKS6_St18_Manager_operation
                0x0000000000101000       0x10 save.o
 .text._ZNSt14_Function_base13_Base_managerIN7DaycareUlPKcE0_EE10_M_managerERSt9_Any_dataRKS6_St18_Manager_operation
                0x0000000000101010       0x10 save.o
 .text._ZNSt5arrayISt8functionIFSt10unique_ptrIN7Daycare4SaveESt14default_deleteIS3_EEPKcEELj2EED2Ev
                0x0000000000101020       0x48 save.o
                0x0000000000101020                std::array<std::function<std::unique_ptr<Daycare::Save, std::default_delete<Daycare::Save> > (char const*)>, 2u>::~array()
                0x0000000000101020                std::array<std::function<std::unique_ptr<Daycare::Save, std::default_delete<Daycare::Save> > (char const*)>, 2u>::~array()
 .text._ZNSt17_Function_handlerIFSt10unique_ptrIN7Daycare4SaveESt14default_deleteIS2_EEPKcENS1_UlS7_E_EE9_M_invokeERKSt9_Any_dataOS7_
                0x0000000000101068       0x28 save.o
 .text._ZNSt17_Function_handlerIFSt10unique_ptrIN7Daycare4SaveESt14default_deleteIS2_EEPKcENS1_UlS7_E0_EE9_M_invokeERKSt9_Any_dataOS7_
                0x0000000000101090       0x28 save.o
 .text.startup._GLOBAL__sub_I__ZN7Daycare5savesE
                0x00000000001010b8       0x4c save.o
 .text.consoleDrawChar
                0x0000000000101104      0x1b8 C:/msys64/opt/devkitpro/libctru/lib\libctru.a(console.o)
                0x0000000000101104                consoleDrawChar
 .text.consolePrintChar
                0x00000000001012bc      0x124 C:/msys64/opt/devkitpro/libctru/lib\libctru.a(console.o)
                0x00000000001012bc                consolePrintChar
 .text.consoleCls
                0x00000000001013e0      0x15c C:/msys64/opt/devkitpro/libctru/lib\libctru.a(console.o)
 .text.consoleInit
                0x000000000010153c      0x104 C:/msys64/opt/devkitpro/libctru/lib\libctru.a(console.o)
                0x000000000010153c                consoleInit
 .text.consoleClearLine
                0x0000000000101640      0x10c C:/msys64/opt/devkitpro/libctru/lib\libctru.a(console.o)
 .text.newRow   0x000000000010174c       0xc4 C:/msys64/opt/devkitpro/libctru/lib\libctru.a(console.o)
 .text.con_write
                0x0000000000101810      0x7cc C:/msys64/opt/devkitpro/libctru/lib\libctru.a(console.o)
                0x0000000000101810                con_write
 .text.gfxSetFramebufferInfo.part.0
                0x0000000000101fdc       0x8c C:/msys64/opt/devkitpro/libctru/lib\libctru.a(gfx.o)
 .text.gfxSetFramebufferInfo
                0x0000000000102068       0x6c C:/msys64/opt/devkitpro/libctru/lib\libctru.a(gfx.o)
 .text.gfxGetFramebuffer.part.0
                0x00000000001020d4       0x58 C:/msys64/opt/devkitpro/libctru/lib\libctru.a(gfx.o)
 .text.__get_bytes_per_pixel
                0x000000000010212c       0x18 C:/msys64/opt/devkitpro/libctru/lib\libctru.a(gfx.o)
                0x000000000010212c                __get_bytes_per_pixel
 .text.gfxSetScreenFormat
                0x0000000000102144      0x184 C:/msys64/opt/devkitpro/libctru/lib\libctru.a(gfx.o)
                0x0000000000102144                gfxSetScreenFormat
 .text.gfxSetDoubleBuffering
                0x00000000001022c8       0x10 C:/msys64/opt/devkitpro/libctru/lib\libctru.a(gfx.o)
                0x00000000001022c8                gfxSetDoubleBuffering
 .text.gfxInit  0x00000000001022d8      0x214 C:/msys64/opt/devkitpro/libctru/lib\libctru.a(gfx.o)
                0x00000000001022d8                gfxInit
 .text.gfxInitDefault
                0x00000000001024ec       0x10 C:/msys64/opt/devkitpro/libctru/lib\libctru.a(gfx.o)
                0x00000000001024ec                gfxInitDefault
 .text.gfxExit  0x00000000001024fc       0xe0 C:/msys64/opt/devkitpro/libctru/lib\libctru.a(gfx.o)
                0x00000000001024fc                gfxExit
 .text.gfxGetFramebuffer
                0x00000000001025dc       0x64 C:/msys64/opt/devkitpro/libctru/lib\libctru.a(gfx.o)
                0x00000000001025dc                gfxGetFramebuffer
 .text.gfxFlushBuffers
                0x0000000000102640       0xcc C:/msys64/opt/devkitpro/libctru/lib\libctru.a(gfx.o)
                0x0000000000102640                gfxFlushBuffers
 .text.gfxConfigScreen
                0x000000000010270c       0xf4 C:/msys64/opt/devkitpro/libctru/lib\libctru.a(gfx.o)
                0x000000000010270c                gfxConfigScreen
 .text.gfxSwapBuffers
                0x0000000000102800       0x20 C:/msys64/opt/devkitpro/libctru/lib\libctru.a(gfx.o)
                0x0000000000102800                gfxSwapBuffers
 .text.gfxSwapBuffersGpu
                0x0000000000102820       0x20 C:/msys64/opt/devkitpro/libctru/lib\libctru.a(gfx.o)
                0x0000000000102820                gfxSwapBuffersGpu
 .text.gspInit  0x0000000000102840       0x74 C:/msys64/opt/devkitpro/libctru/lib\libctru.a(gspgpu.o)
                0x0000000000102840                gspInit
 .text.gspExit  0x00000000001028b4       0x3c C:/msys64/opt/devkitpro/libctru/lib\libctru.a(gspgpu.o)
                0x00000000001028b4                gspExit
 .text.gspInitEventHandler
                0x00000000001028f0       0xa4 C:/msys64/opt/devkitpro/libctru/lib\libctru.a(gspgpu.o)
                0x00000000001028f0                gspInitEventHandler
 .text.gspExitEventHandler
                0x0000000000102994       0x40 C:/msys64/opt/devkitpro/libctru/lib\libctru.a(gspgpu.o)
                0x0000000000102994                gspExitEventHandler
 .text.gspWaitForEvent
                0x00000000001029d4       0x50 C:/msys64/opt/devkitpro/libctru/lib\libctru.a(gspgpu.o)
                0x00000000001029d4                gspWaitForEvent
 .text.gxCmdQueueInterrupt
                0x0000000000102a24        0x4 C:/msys64/opt/devkitpro/libctru/lib\libctru.a(gspgpu.o)
                0x0000000000102a24                gxCmdQueueInterrupt
 .text.gspEventThreadMain
                0x0000000000102a28      0x178 C:/msys64/opt/devkitpro/libctru/lib\libctru.a(gspgpu.o)
 .text.GSPGPU_SetBufferSwap
                0x0000000000102ba0       0x6c C:/msys64/opt/devkitpro/libctru/lib\libctru.a(gspgpu.o)
                0x0000000000102ba0                GSPGPU_SetBufferSwap
 .text.GSPGPU_FlushDataCache
                0x0000000000102c0c       0x4c C:/msys64/opt/devkitpro/libctru/lib\libctru.a(gspgpu.o)
                0x0000000000102c0c                GSPGPU_FlushDataCache
 .text.GSPGPU_SetLcdForceBlack
                0x0000000000102c58       0x34 C:/msys64/opt/devkitpro/libctru/lib\libctru.a(gspgpu.o)
                0x0000000000102c58                GSPGPU_SetLcdForceBlack
 .text.GSPGPU_RegisterInterruptRelayQueue
                0x0000000000102c8c       0x64 C:/msys64/opt/devkitpro/libctru/lib\libctru.a(gspgpu.o)
                0x0000000000102c8c                GSPGPU_RegisterInterruptRelayQueue
 .text.GSPGPU_UnregisterInterruptRelayQueue
                0x0000000000102cf0       0x2c C:/msys64/opt/devkitpro/libctru/lib\libctru.a(gspgpu.o)
                0x0000000000102cf0                GSPGPU_UnregisterInterruptRelayQueue
 .text.GSPGPU_AcquireRight
                0x0000000000102d1c       0x48 C:/msys64/opt/devkitpro/libctru/lib\libctru.a(gspgpu.o)
                0x0000000000102d1c                GSPGPU_AcquireRight
 .text.GSPGPU_ReleaseRight
                0x0000000000102d64       0x2c C:/msys64/opt/devkitpro/libctru/lib\libctru.a(gspgpu.o)
                0x0000000000102d64                GSPGPU_ReleaseRight
 .text.GSPGPU_ImportDisplayCaptureInfo
                0x0000000000102d90       0x80 C:/msys64/opt/devkitpro/libctru/lib\libctru.a(gspgpu.o)
                0x0000000000102d90                GSPGPU_ImportDisplayCaptureInfo
 .text.GSPGPU_SaveVramSysArea
                0x0000000000102e10       0x2c C:/msys64/opt/devkitpro/libctru/lib\libctru.a(gspgpu.o)
                0x0000000000102e10                GSPGPU_SaveVramSysArea
 .text.GSPGPU_RestoreVramSysArea
                0x0000000000102e3c       0x2c C:/msys64/opt/devkitpro/libctru/lib\libctru.a(gspgpu.o)
                0x0000000000102e3c                GSPGPU_RestoreVramSysArea
 .text._aptDebug
                0x0000000000102e68        0x4 C:/msys64/opt/devkitpro/libctru/lib\libctru.a(apt.o)
                0x0000000000102e68                _aptDebug
 .text.aptSendCommand
                0x0000000000102e6c      0x170 C:/msys64/opt/devkitpro/libctru/lib\libctru.a(apt.o)
                0x0000000000102e6c                aptSendCommand
 .text.aptExitProcess
                0x0000000000102fdc       0x3c C:/msys64/opt/devkitpro/libctru/lib\libctru.a(apt.o)
 .text.APT_InquireNotification
                0x0000000000103018       0x50 C:/msys64/opt/devkitpro/libctru/lib\libctru.a(apt.o)
                0x0000000000103018                APT_InquireNotification
 .text.aptEventHandler
                0x0000000000103068      0x194 C:/msys64/opt/devkitpro/libctru/lib\libctru.a(apt.o)
 .text.APT_AppletUtility
                0x00000000001031fc       0x74 C:/msys64/opt/devkitpro/libctru/lib\libctru.a(apt.o)
                0x00000000001031fc                APT_AppletUtility
 .text.aptSetSleepAllowed
                0x0000000000103270       0xb0 C:/msys64/opt/devkitpro/libctru/lib\libctru.a(apt.o)
                0x0000000000103270                aptSetSleepAllowed
 .text.APT_GlanceParameter
                0x0000000000103320       0xb4 C:/msys64/opt/devkitpro/libctru/lib\libctru.a(apt.o)
                0x0000000000103320                APT_GlanceParameter
 .text.APT_ReceiveParameter
                0x00000000001033d4       0xc8 C:/msys64/opt/devkitpro/libctru/lib\libctru.a(apt.o)
                0x00000000001033d4                APT_ReceiveParameter
 .text.aptReceiveParameter.constprop.0
                0x000000000010349c       0xbc C:/msys64/opt/devkitpro/libctru/lib\libctru.a(apt.o)
 .text.aptScreenTransfer
                0x0000000000103558      0x1e0 C:/msys64/opt/devkitpro/libctru/lib\libctru.a(apt.o)
 .text.aptWaitForWakeUp
                0x0000000000103738      0x210 C:/msys64/opt/devkitpro/libctru/lib\libctru.a(apt.o)
 .text.APT_CancelParameter
                0x0000000000103948       0x70 C:/msys64/opt/devkitpro/libctru/lib\libctru.a(apt.o)
                0x0000000000103948                APT_CancelParameter
 .text.aptInit  0x00000000001039b8      0x25c C:/msys64/opt/devkitpro/libctru/lib\libctru.a(apt.o)
                0x00000000001039b8                aptInit
 .text.aptClearParamQueue
                0x0000000000103c14       0x88 C:/msys64/opt/devkitpro/libctru/lib\libctru.a(apt.o)
 .text.aptMainLoop
                0x0000000000103c9c      0x264 C:/msys64/opt/devkitpro/libctru/lib\libctru.a(apt.o)
                0x0000000000103c9c                aptMainLoop
 .text.aptExit  0x0000000000103f00      0x254 C:/msys64/opt/devkitpro/libctru/lib\libctru.a(apt.o)
                0x0000000000103f00                aptExit
 .text.APT_CheckNew3DS
                0x0000000000104154       0x7c C:/msys64/opt/devkitpro/libctru/lib\libctru.a(apt.o)
                0x0000000000104154                APT_CheckNew3DS
 .text.hidCheckSectionUpdateTime.part.0
                0x00000000001041d0       0x28 C:/msys64/opt/devkitpro/libctru/lib\libctru.a(hid.o)
 .text.hidExit  0x00000000001041f8       0xd0 C:/msys64/opt/devkitpro/libctru/lib\libctru.a(hid.o)
                0x00000000001041f8                hidExit
 .text.hidScanInput
                0x00000000001042c8      0x1d8 C:/msys64/opt/devkitpro/libctru/lib\libctru.a(hid.o)
                0x00000000001042c8                hidScanInput
 .text.hidKeysDown
                0x00000000001044a0       0x10 C:/msys64/opt/devkitpro/libctru/lib\libctru.a(hid.o)
                0x00000000001044a0                hidKeysDown
 .text.HIDUSER_GetHandles
                0x00000000001044b0       0x90 C:/msys64/opt/devkitpro/libctru/lib\libctru.a(hid.o)
                0x00000000001044b0                HIDUSER_GetHandles
 .text.hidInit  0x0000000000104540      0x1a4 C:/msys64/opt/devkitpro/libctru/lib\libctru.a(hid.o)
                0x0000000000104540                hidInit
 .text.__libctru_init
                0x00000000001046e4       0x38 C:/msys64/opt/devkitpro/libctru/lib\libctru.a(initSystem.o)
                0x00000000001046e4                __libctru_init
 .text.__libctru_nanosleep
                0x000000000010471c       0x34 C:/msys64/opt/devkitpro/libctru/lib\libctru.a(syscalls.o)
 .text.__ctru_get_reent
                0x0000000000104750       0x30 C:/msys64/opt/devkitpro/libctru/lib\libctru.a(syscalls.o)
 .text.__system_initSyscalls
                0x0000000000104780       0xfc C:/msys64/opt/devkitpro/libctru/lib\libctru.a(syscalls.o)
                0x0000000000104780                __system_initSyscalls
 .text.__system_allocateHeaps
                0x000000000010487c      0x100 C:/msys64/opt/devkitpro/libctru/lib\libctru.a(allocateHeaps.o)
                0x000000000010487c                __system_allocateHeaps
 .text.__system_initArgv
                0x000000000010497c       0xf0 C:/msys64/opt/devkitpro/libctru/lib\libctru.a(initArgv.o)
                0x000000000010497c                __system_initArgv
 .text.svcControlMemory
                0x0000000000104a6c       0x20 C:/msys64/opt/devkitpro/libctru/lib\libctru.a(svc.o)
                0x0000000000104a6c                svcControlMemory
 .text.svcExitProcess
                0x0000000000104a8c        0x8 C:/msys64/opt/devkitpro/libctru/lib\libctru.a(svc.o)
                0x0000000000104a8c                svcExitProcess
 .text.svcCreateThread
                0x0000000000104a94       0x20 C:/msys64/opt/devkitpro/libctru/lib\libctru.a(svc.o)
                0x0000000000104a94                svcCreateThread
 .text.svcExitThread
                0x0000000000104ab4        0x8 C:/msys64/opt/devkitpro/libctru/lib\libctru.a(svc.o)
                0x0000000000104ab4                svcExitThread
 .text.svcSleepThread
                0x0000000000104abc        0x8 C:/msys64/opt/devkitpro/libctru/lib\libctru.a(svc.o)
                0x0000000000104abc                svcSleepThread
 .text.svcReleaseMutex
                0x0000000000104ac4        0x8 C:/msys64/opt/devkitpro/libctru/lib\libctru.a(svc.o)
                0x0000000000104ac4                svcReleaseMutex
 .text.svcCreateEvent
                0x0000000000104acc       0x14 C:/msys64/opt/devkitpro/libctru/lib\libctru.a(svc.o)
                0x0000000000104acc                svcCreateEvent
 .text.svcSignalEvent
                0x0000000000104ae0        0x8 C:/msys64/opt/devkitpro/libctru/lib\libctru.a(svc.o)
                0x0000000000104ae0                svcSignalEvent
 .text.svcClearEvent
                0x0000000000104ae8        0x8 C:/msys64/opt/devkitpro/libctru/lib\libctru.a(svc.o)
                0x0000000000104ae8                svcClearEvent
 .text.svcMapMemoryBlock
                0x0000000000104af0        0x8 C:/msys64/opt/devkitpro/libctru/lib\libctru.a(svc.o)
                0x0000000000104af0                svcMapMemoryBlock
 .text.svcUnmapMemoryBlock
                0x0000000000104af8        0x8 C:/msys64/opt/devkitpro/libctru/lib\libctru.a(svc.o)
                0x0000000000104af8                svcUnmapMemoryBlock
 .text.svcCreateAddressArbiter
                0x0000000000104b00       0x14 C:/msys64/opt/devkitpro/libctru/lib\libctru.a(svc.o)
                0x0000000000104b00                svcCreateAddressArbiter
 .text.svcArbitrateAddress
                0x0000000000104b14       0x18 C:/msys64/opt/devkitpro/libctru/lib\libctru.a(svc.o)
                0x0000000000104b14                svcArbitrateAddress
 .text.svcCloseHandle
                0x0000000000104b2c        0x8 C:/msys64/opt/devkitpro/libctru/lib\libctru.a(svc.o)
                0x0000000000104b2c                svcCloseHandle
 .text.svcWaitSynchronization
                0x0000000000104b34        0x8 C:/msys64/opt/devkitpro/libctru/lib\libctru.a(svc.o)
                0x0000000000104b34                svcWaitSynchronization
 .text.svcWaitSynchronizationN
                0x0000000000104b3c       0x28 C:/msys64/opt/devkitpro/libctru/lib\libctru.a(svc.o)
                0x0000000000104b3c                svcWaitSynchronizationN
 .text.svcDuplicateHandle
                0x0000000000104b64       0x14 C:/msys64/opt/devkitpro/libctru/lib\libctru.a(svc.o)
                0x0000000000104b64                svcDuplicateHandle
 .text.svcGetSystemTick
                0x0000000000104b78        0x8 C:/msys64/opt/devkitpro/libctru/lib\libctru.a(svc.o)
                0x0000000000104b78                svcGetSystemTick
 .text.svcGetSystemInfo
                0x0000000000104b80       0x18 C:/msys64/opt/devkitpro/libctru/lib\libctru.a(svc.o)
                0x0000000000104b80                svcGetSystemInfo
 .text.svcConnectToPort
                0x0000000000104b98       0x14 C:/msys64/opt/devkitpro/libctru/lib\libctru.a(svc.o)
                0x0000000000104b98                svcConnectToPort
 .text.svcSendSyncRequest
                0x0000000000104bac        0x8 C:/msys64/opt/devkitpro/libctru/lib\libctru.a(svc.o)
                0x0000000000104bac                svcSendSyncRequest
 .text.svcBreak
                0x0000000000104bb4        0x8 C:/msys64/opt/devkitpro/libctru/lib\libctru.a(svc.o)
                0x0000000000104bb4                svcBreak
 .text._ZL21addrMapNodeComparatorPK11rbtree_nodeS1_
                0x0000000000104bbc       0x24 C:/msys64/opt/devkitpro/libctru/lib\libctru.a(vram.o)
 .text._ZL21addrMapNodeDestructorP11rbtree_node
                0x0000000000104be0        0x4 C:/msys64/opt/devkitpro/libctru/lib\libctru.a(vram.o)
 .text.vramMemAlign
                0x0000000000104be4      0x114 C:/msys64/opt/devkitpro/libctru/lib\libctru.a(vram.o)
                0x0000000000104be4                vramMemAlign
 .text.vramAlloc
                0x0000000000104cf8        0x8 C:/msys64/opt/devkitpro/libctru/lib\libctru.a(vram.o)
                0x0000000000104cf8                vramAlloc
 .text.vramFree
                0x0000000000104d00       0x54 C:/msys64/opt/devkitpro/libctru/lib\libctru.a(vram.o)
                0x0000000000104d00                vramFree
 .text._ZL21addrMapNodeComparatorPK11rbtree_nodeS1_
                0x0000000000104d54       0x24 C:/msys64/opt/devkitpro/libctru/lib\libctru.a(mappable.o)
 .text._ZL21addrMapNodeDestructorP11rbtree_node
                0x0000000000104d78        0x4 C:/msys64/opt/devkitpro/libctru/lib\libctru.a(mappable.o)
 .text.mappableAlloc
                0x0000000000104d7c       0xe8 C:/msys64/opt/devkitpro/libctru/lib\libctru.a(mappable.o)
                0x0000000000104d7c                mappableAlloc
 .text.mappableFree
                0x0000000000104e64       0x54 C:/msys64/opt/devkitpro/libctru/lib\libctru.a(mappable.o)
                0x0000000000104e64                mappableFree
 .text._ZL21addrMapNodeComparatorPK11rbtree_nodeS1_
                0x0000000000104eb8       0x24 C:/msys64/opt/devkitpro/libctru/lib\libctru.a(linear.o)
 .text._ZL21addrMapNodeDestructorP11rbtree_node
                0x0000000000104edc        0x4 C:/msys64/opt/devkitpro/libctru/lib\libctru.a(linear.o)
 .text.linearMemAlign
                0x0000000000104ee0      0x124 C:/msys64/opt/devkitpro/libctru/lib\libctru.a(linear.o)
                0x0000000000104ee0                linearMemAlign
 .text.linearAlloc
                0x0000000000105004        0x8 C:/msys64/opt/devkitpro/libctru/lib\libctru.a(linear.o)
                0x0000000000105004                linearAlloc
 .text.linearFree
                0x000000000010500c       0x54 C:/msys64/opt/devkitpro/libctru/lib\libctru.a(linear.o)
                0x000000000010500c                linearFree
 .text._ZN7MemPool13CoalesceRightEP8MemBlock
                0x0000000000105060       0x8c C:/msys64/opt/devkitpro/libctru/lib\libctru.a(mem_pool.o)
                0x0000000000105060                MemPool::CoalesceRight(MemBlock*)
 .text._ZN7MemPool8AllocateER8MemChunkmi
                0x00000000001050ec      0x174 C:/msys64/opt/devkitpro/libctru/lib\libctru.a(mem_pool.o)
                0x00000000001050ec                MemPool::Allocate(MemChunk&, unsigned long, int)
 .text._ZN7MemPool10DeallocateERK8MemChunk
                0x0000000000105260       0xfc C:/msys64/opt/devkitpro/libctru/lib\libctru.a(mem_pool.o)
                0x0000000000105260                MemPool::Deallocate(MemChunk const&)
 .text.LightLock_Unlock.part.0
                0x000000000010535c       0x38 C:/msys64/opt/devkitpro/libctru/lib\libctru.a(synchronization.o)
 .text.__sync_init
                0x0000000000105394        0xc C:/msys64/opt/devkitpro/libctru/lib\libctru.a(synchronization.o)
                0x0000000000105394                __sync_init
 .text.__sync_fini
                0x00000000001053a0       0x18 C:/msys64/opt/devkitpro/libctru/lib\libctru.a(synchronization.o)
                0x00000000001053a0                __sync_fini
 .text.__sync_get_arbiter
                0x00000000001053b8       0x10 C:/msys64/opt/devkitpro/libctru/lib\libctru.a(synchronization.o)
                0x00000000001053b8                __sync_get_arbiter
 .text.LightLock_Init
                0x00000000001053c8       0x18 C:/msys64/opt/devkitpro/libctru/lib\libctru.a(synchronization.o)
                0x00000000001053c8                LightLock_Init
 .text.LightLock_Lock
                0x00000000001053e0       0x90 C:/msys64/opt/devkitpro/libctru/lib\libctru.a(synchronization.o)
                0x00000000001053e0                LightLock_Lock
 .text.LightLock_TryLock
                0x0000000000105470       0x34 C:/msys64/opt/devkitpro/libctru/lib\libctru.a(synchronization.o)
                0x0000000000105470                LightLock_TryLock
 .text.LightLock_Unlock
                0x00000000001054a4       0x20 C:/msys64/opt/devkitpro/libctru/lib\libctru.a(synchronization.o)
                0x00000000001054a4                LightLock_Unlock
 .text.RecursiveLock_Init
                0x00000000001054c4       0x24 C:/msys64/opt/devkitpro/libctru/lib\libctru.a(synchronization.o)
                0x00000000001054c4                RecursiveLock_Init
 .text.RecursiveLock_Lock
                0x00000000001054e8       0x30 C:/msys64/opt/devkitpro/libctru/lib\libctru.a(synchronization.o)
                0x00000000001054e8                RecursiveLock_Lock
 .text.RecursiveLock_TryLock
                0x0000000000105518       0x58 C:/msys64/opt/devkitpro/libctru/lib\libctru.a(synchronization.o)
                0x0000000000105518                RecursiveLock_TryLock
 .text.RecursiveLock_Unlock
                0x0000000000105570       0x38 C:/msys64/opt/devkitpro/libctru/lib\libctru.a(synchronization.o)
                0x0000000000105570                RecursiveLock_Unlock
 .text.LightEvent_Init
                0x00000000001055a8       0x38 C:/msys64/opt/devkitpro/libctru/lib\libctru.a(synchronization.o)
                0x00000000001055a8                LightEvent_Init
 .text.LightEvent_Clear
                0x00000000001055e0       0x7c C:/msys64/opt/devkitpro/libctru/lib\libctru.a(synchronization.o)
                0x00000000001055e0                LightEvent_Clear
 .text.LightEvent_Signal
                0x000000000010565c       0xdc C:/msys64/opt/devkitpro/libctru/lib\libctru.a(synchronization.o)
                0x000000000010565c                LightEvent_Signal
 .text.LightEvent_Wait
                0x0000000000105738       0xc0 C:/msys64/opt/devkitpro/libctru/lib\libctru.a(synchronization.o)
                0x0000000000105738                LightEvent_Wait
 .text.getSysTime
                0x00000000001057f8       0x58 C:/msys64/opt/devkitpro/libctru/lib\libctru.a(os.o)
 .text.__ctru_speedup_config.part.0
                0x0000000000105850       0x28 C:/msys64/opt/devkitpro/libctru/lib\libctru.a(os.o)
 .text.osGetMemRegionUsed
                0x0000000000105878       0x24 C:/msys64/opt/devkitpro/libctru/lib\libctru.a(os.o)
                0x0000000000105878                osGetMemRegionUsed
 *fill*         0x000000000010589c        0x4 
 .text.__libctru_gtod
                0x00000000001058a0      0x128 C:/msys64/opt/devkitpro/libctru/lib\libctru.a(os.o)
                0x00000000001058a0                __libctru_gtod
 .text.__ctru_speedup_config
                0x00000000001059c8       0x18 C:/msys64/opt/devkitpro/libctru/lib\libctru.a(os.o)
                0x00000000001059c8                __ctru_speedup_config
 .text.srvExit  0x00000000001059e0       0x58 C:/msys64/opt/devkitpro/libctru/lib\libctru.a(srv.o)
                0x00000000001059e0                srvExit
 .text.srvRegisterClient
                0x0000000000105a38       0x38 C:/msys64/opt/devkitpro/libctru/lib\libctru.a(srv.o)
                0x0000000000105a38                srvRegisterClient
 .text.srvInit  0x0000000000105a70       0xcc C:/msys64/opt/devkitpro/libctru/lib\libctru.a(srv.o)
                0x0000000000105a70                srvInit
 .text.srvGetServiceHandleDirect
                0x0000000000105b3c       0x80 C:/msys64/opt/devkitpro/libctru/lib\libctru.a(srv.o)
                0x0000000000105b3c                srvGetServiceHandleDirect
 .text.srvGetServiceHandle
                0x0000000000105bbc       0x48 C:/msys64/opt/devkitpro/libctru/lib\libctru.a(srv.o)
                0x0000000000105bbc                srvGetServiceHandle
 .text.threadFree.part.0
                0x0000000000105c04       0x1c C:/msys64/opt/devkitpro/libctru/lib\libctru.a(thread.o)
 .text.threadCreate
                0x0000000000105c20      0x180 C:/msys64/opt/devkitpro/libctru/lib\libctru.a(thread.o)
                0x0000000000105c20                threadCreate
 .text.threadJoin
                0x0000000000105da0       0x24 C:/msys64/opt/devkitpro/libctru/lib\libctru.a(thread.o)
                0x0000000000105da0                threadJoin
 .text.threadExit
                0x0000000000105dc4       0x68 C:/msys64/opt/devkitpro/libctru/lib\libctru.a(thread.o)
                0x0000000000105dc4                threadExit
 .text._thread_begin
                0x0000000000105e2c       0x48 C:/msys64/opt/devkitpro/libctru/lib\libctru.a(thread.o)
 .text.irrstScanInput
                0x0000000000105e74       0xac C:/msys64/opt/devkitpro/libctru/lib\libctru.a(irrst.o)
                0x0000000000105e74                irrstScanInput
 .text.irrstKeysHeld
                0x0000000000105f20       0x24 C:/msys64/opt/devkitpro/libctru/lib\libctru.a(irrst.o)
                0x0000000000105f20                irrstKeysHeld
 .text.IRRST_GetHandles
                0x0000000000105f44       0x50 C:/msys64/opt/devkitpro/libctru/lib\libctru.a(irrst.o)
                0x0000000000105f44                IRRST_GetHandles
 .text.irrstInit
                0x0000000000105f94      0x154 C:/msys64/opt/devkitpro/libctru/lib\libctru.a(irrst.o)
                0x0000000000105f94                irrstInit
 .text.IRRST_Shutdown
                0x00000000001060e8       0x2c C:/msys64/opt/devkitpro/libctru/lib\libctru.a(irrst.o)
                0x00000000001060e8                IRRST_Shutdown
 .text.irrstExit
                0x0000000000106114       0xac C:/msys64/opt/devkitpro/libctru/lib\libctru.a(irrst.o)
                0x0000000000106114                irrstExit
 .text.srvPmGetSessionHandle
                0x00000000001061c0        0xc C:/msys64/opt/devkitpro/libctru/lib\libctru.a(srvpm.o)
                0x00000000001061c0                srvPmGetSessionHandle
 .text.ptmSysmInit
                0x00000000001061cc       0x74 C:/msys64/opt/devkitpro/libctru/lib\libctru.a(ptmsysm.o)
                0x00000000001061cc                ptmSysmInit
 .text.ptmSysmExit
                0x0000000000106240       0x3c C:/msys64/opt/devkitpro/libctru/lib\libctru.a(ptmsysm.o)
                0x0000000000106240                ptmSysmExit
 .text.PTMSYSM_ConfigureNew3DSCPU
                0x000000000010627c       0x34 C:/msys64/opt/devkitpro/libctru/lib\libctru.a(ptmsysm.o)
                0x000000000010627c                PTMSYSM_ConfigureNew3DSCPU
 .text.rbtree_init
                0x00000000001062b0       0x14 C:/msys64/opt/devkitpro/libctru/lib\libctru.a(rbtree_init.o)
                0x00000000001062b0                rbtree_init
 .text.do_insert
                0x00000000001062c4      0x1a4 C:/msys64/opt/devkitpro/libctru/lib\libctru.a(rbtree_insert.o)
 .text.rbtree_insert
                0x0000000000106468        0x8 C:/msys64/opt/devkitpro/libctru/lib\libctru.a(rbtree_insert.o)
                0x0000000000106468                rbtree_insert
 .text.rbtree_rotate
                0x0000000000106470       0x90 C:/msys64/opt/devkitpro/libctru/lib\libctru.a(rbtree_rotate.o)
                0x0000000000106470                rbtree_rotate
 .text.rbtree_remove
                0x0000000000106500      0x334 C:/msys64/opt/devkitpro/libctru/lib\libctru.a(rbtree_remove.o)
                0x0000000000106500                rbtree_remove
 .text.rbtree_find
                0x0000000000106834       0x74 C:/msys64/opt/devkitpro/libctru/lib\libctru.a(rbtree_find.o)
                0x0000000000106834                rbtree_find
 .text.__appInit
                0x00000000001068a8       0x1c C:/msys64/opt/devkitpro/libctru/lib\libctru.a(appInit.o)
                0x00000000001068a8                __appInit
 .text.__appExit
                0x00000000001068c4       0x1c C:/msys64/opt/devkitpro/libctru/lib\libctru.a(appExit.o)
                0x00000000001068c4                __appExit
 .text.__libctru_exit
                0x00000000001068e0       0xa0 C:/msys64/opt/devkitpro/libctru/lib\libctru.a(ctru_exit.o)
                0x00000000001068e0                __libctru_exit
 .text.envGetHandle
                0x0000000000106980       0x84 C:/msys64/opt/devkitpro/libctru/lib\libctru.a(env.o)
                0x0000000000106980                envGetHandle
 .text.envDestroyHandles
                0x0000000000106a04       0x4c C:/msys64/opt/devkitpro/libctru/lib\libctru.a(env.o)
                0x0000000000106a04                envDestroyHandles
 .text.sdmc_link
                0x0000000000106a50       0x14 C:/msys64/opt/devkitpro/libctru/lib\libctru.a(sdmc_dev.o)
 .text.sdmc_dirreset
                0x0000000000106a64       0x14 C:/msys64/opt/devkitpro/libctru/lib\libctru.a(sdmc_dev.o)
 .text.sdmc_chmod
                0x0000000000106a78       0x14 C:/msys64/opt/devkitpro/libctru/lib\libctru.a(sdmc_dev.o)
 .text.error_cmp
                0x0000000000106a8c       0x24 C:/msys64/opt/devkitpro/libctru/lib\libctru.a(sdmc_dev.o)
 .text.sdmc_translate_error
                0x0000000000106ab0       0x50 C:/msys64/opt/devkitpro/libctru/lib\libctru.a(sdmc_dev.o)
 .text.sdmc_fsync
                0x0000000000106b00       0x34 C:/msys64/opt/devkitpro/libctru/lib\libctru.a(sdmc_dev.o)
 .text.sdmc_ftruncate
                0x0000000000106b34       0x54 C:/msys64/opt/devkitpro/libctru/lib\libctru.a(sdmc_dev.o)
 .text.sdmc_statvfs
                0x0000000000106b88       0xbc C:/msys64/opt/devkitpro/libctru/lib\libctru.a(sdmc_dev.o)
 .text.sdmc_dirclose
                0x0000000000106c44       0x38 C:/msys64/opt/devkitpro/libctru/lib\libctru.a(sdmc_dev.o)
 .text.sdmc_dirnext
                0x0000000000106c7c      0x13c C:/msys64/opt/devkitpro/libctru/lib\libctru.a(sdmc_dev.o)
 .text.sdmc_close
                0x0000000000106db8       0x34 C:/msys64/opt/devkitpro/libctru/lib\libctru.a(sdmc_dev.o)
 .text.sdmc_fstat
                0x0000000000106dec       0x70 C:/msys64/opt/devkitpro/libctru/lib\libctru.a(sdmc_dev.o)
 .text.sdmc_seek
                0x0000000000106e5c       0xd4 C:/msys64/opt/devkitpro/libctru/lib\libctru.a(sdmc_dev.o)
 .text.sdmc_read
                0x0000000000106f30       0x78 C:/msys64/opt/devkitpro/libctru/lib\libctru.a(sdmc_dev.o)
 .text.sdmc_write
                0x0000000000106fa8       0xac C:/msys64/opt/devkitpro/libctru/lib\libctru.a(sdmc_dev.o)
 .text.sdmc_utf16path
                0x0000000000107054      0x1b0 C:/msys64/opt/devkitpro/libctru/lib\libctru.a(sdmc_dev.o)
 .text.sdmc_rmdir
                0x0000000000107204       0x74 C:/msys64/opt/devkitpro/libctru/lib\libctru.a(sdmc_dev.o)
 .text.sdmc_diropen
                0x0000000000107278       0xa4 C:/msys64/opt/devkitpro/libctru/lib\libctru.a(sdmc_dev.o)
 .text.sdmc_chdir
                0x000000000010731c       0xac C:/msys64/opt/devkitpro/libctru/lib\libctru.a(sdmc_dev.o)
 .text.sdmc_mkdir
                0x00000000001073c8       0x98 C:/msys64/opt/devkitpro/libctru/lib\libctru.a(sdmc_dev.o)
 .text.sdmc_rename
                0x0000000000107460      0x108 C:/msys64/opt/devkitpro/libctru/lib\libctru.a(sdmc_dev.o)
 .text.sdmc_unlink
                0x0000000000107568       0x74 C:/msys64/opt/devkitpro/libctru/lib\libctru.a(sdmc_dev.o)
 .text.sdmc_stat
                0x00000000001075dc      0x108 C:/msys64/opt/devkitpro/libctru/lib\libctru.a(sdmc_dev.o)
 .text.sdmc_open
                0x00000000001076e4      0x198 C:/msys64/opt/devkitpro/libctru/lib\libctru.a(sdmc_dev.o)
 .text.sdmc_fchmod
                0x000000000010787c       0x14 C:/msys64/opt/devkitpro/libctru/lib\libctru.a(sdmc_dev.o)
 .text.sdmcInit
                0x0000000000107890      0x168 C:/msys64/opt/devkitpro/libctru/lib\libctru.a(sdmc_dev.o)
                0x0000000000107890                sdmcInit
 .text.sdmcExit
                0x00000000001079f8       0x60 C:/msys64/opt/devkitpro/libctru/lib\libctru.a(sdmc_dev.o)
                0x00000000001079f8                sdmcExit
 .text.fsSessionForArchive.part.0
                0x0000000000107a58       0x28 C:/msys64/opt/devkitpro/libctru/lib\libctru.a(fs.o)
 .text.fsInit   0x0000000000107a80       0xc4 C:/msys64/opt/devkitpro/libctru/lib\libctru.a(fs.o)
                0x0000000000107a80                fsInit
 .text.fsExit   0x0000000000107b44       0x3c C:/msys64/opt/devkitpro/libctru/lib\libctru.a(fs.o)
                0x0000000000107b44                fsExit
 .text.fsExemptFromSession
                0x0000000000107b80       0x64 C:/msys64/opt/devkitpro/libctru/lib\libctru.a(fs.o)
                0x0000000000107b80                fsExemptFromSession
 .text.fsUnexemptFromSession
                0x0000000000107be4       0x5c C:/msys64/opt/devkitpro/libctru/lib\libctru.a(fs.o)
                0x0000000000107be4                fsUnexemptFromSession
 .text.FSUSER_OpenFile
                0x0000000000107c40       0xbc C:/msys64/opt/devkitpro/libctru/lib\libctru.a(fs.o)
                0x0000000000107c40                FSUSER_OpenFile
 .text.FSUSER_DeleteFile
                0x0000000000107cfc       0xac C:/msys64/opt/devkitpro/libctru/lib\libctru.a(fs.o)
                0x0000000000107cfc                FSUSER_DeleteFile
 .text.FSUSER_RenameFile
                0x0000000000107da8       0xe8 C:/msys64/opt/devkitpro/libctru/lib\libctru.a(fs.o)
                0x0000000000107da8                FSUSER_RenameFile
 .text.FSUSER_DeleteDirectory
                0x0000000000107e90       0xac C:/msys64/opt/devkitpro/libctru/lib\libctru.a(fs.o)
                0x0000000000107e90                FSUSER_DeleteDirectory
 .text.FSUSER_CreateFile
                0x0000000000107f3c       0xc4 C:/msys64/opt/devkitpro/libctru/lib\libctru.a(fs.o)
                0x0000000000107f3c                FSUSER_CreateFile
 .text.FSUSER_CreateDirectory
                0x0000000000108000       0xb4 C:/msys64/opt/devkitpro/libctru/lib\libctru.a(fs.o)
                0x0000000000108000                FSUSER_CreateDirectory
 .text.FSUSER_RenameDirectory
                0x00000000001080b4       0xe8 C:/msys64/opt/devkitpro/libctru/lib\libctru.a(fs.o)
                0x00000000001080b4                FSUSER_RenameDirectory
 .text.FSUSER_OpenDirectory
                0x000000000010819c       0xa0 C:/msys64/opt/devkitpro/libctru/lib\libctru.a(fs.o)
                0x000000000010819c                FSUSER_OpenDirectory
 .text.FSUSER_OpenArchive
                0x000000000010823c       0x98 C:/msys64/opt/devkitpro/libctru/lib\libctru.a(fs.o)
                0x000000000010823c                FSUSER_OpenArchive
 .text.FSUSER_CloseArchive
                0x00000000001082d4       0x78 C:/msys64/opt/devkitpro/libctru/lib\libctru.a(fs.o)
                0x00000000001082d4                FSUSER_CloseArchive
 .text.FSUSER_GetSdmcArchiveResource
                0x000000000010834c       0x78 C:/msys64/opt/devkitpro/libctru/lib\libctru.a(fs.o)
                0x000000000010834c                FSUSER_GetSdmcArchiveResource
 .text.FSUSER_IsSdmcWritable
                0x00000000001083c4       0x64 C:/msys64/opt/devkitpro/libctru/lib\libctru.a(fs.o)
                0x00000000001083c4                FSUSER_IsSdmcWritable
 .text.FSFILE_Read
                0x0000000000108428       0x5c C:/msys64/opt/devkitpro/libctru/lib\libctru.a(fs.o)
                0x0000000000108428                FSFILE_Read
 .text.FSFILE_Write
                0x0000000000108484       0x64 C:/msys64/opt/devkitpro/libctru/lib\libctru.a(fs.o)
                0x0000000000108484                FSFILE_Write
 .text.FSFILE_GetSize
                0x00000000001084e8       0x38 C:/msys64/opt/devkitpro/libctru/lib\libctru.a(fs.o)
                0x00000000001084e8                FSFILE_GetSize
 .text.FSFILE_SetSize
                0x0000000000108520       0x28 C:/msys64/opt/devkitpro/libctru/lib\libctru.a(fs.o)
                0x0000000000108520                FSFILE_SetSize
 .text.FSFILE_Close
                0x0000000000108548       0x3c C:/msys64/opt/devkitpro/libctru/lib\libctru.a(fs.o)
                0x0000000000108548                FSFILE_Close
 .text.FSFILE_Flush
                0x0000000000108584       0x24 C:/msys64/opt/devkitpro/libctru/lib\libctru.a(fs.o)
                0x0000000000108584                FSFILE_Flush
 .text.FSDIR_Read
                0x00000000001085a8       0x54 C:/msys64/opt/devkitpro/libctru/lib\libctru.a(fs.o)
                0x00000000001085a8                FSDIR_Read
 .text.FSDIR_Close
                0x00000000001085fc       0x3c C:/msys64/opt/devkitpro/libctru/lib\libctru.a(fs.o)
                0x00000000001085fc                FSDIR_Close
 .text.rbtree_node_next
                0x0000000000108638       0x50 C:/msys64/opt/devkitpro/libctru/lib\libctru.a(rbtree_iterator.o)
                0x0000000000108638                rbtree_node_next
 .text.utf16_to_utf8
                0x0000000000108688       0xe8 C:/msys64/opt/devkitpro/libctru/lib\libctru.a(utf16_to_utf8.o)
                0x0000000000108688                utf16_to_utf8
 .text.decode_utf16
                0x0000000000108770       0x60 C:/msys64/opt/devkitpro/libctru/lib\libctru.a(decode_utf16.o)
                0x0000000000108770                decode_utf16
 .text.decode_utf8
                0x00000000001087d0      0x138 C:/msys64/opt/devkitpro/libctru/lib\libctru.a(decode_utf8.o)
                0x00000000001087d0                decode_utf8
 .text.utf8_to_utf16
                0x0000000000108908       0xc0 C:/msys64/opt/devkitpro/libctru/lib\libctru.a(utf8_to_utf16.o)
                0x0000000000108908                utf8_to_utf16
 .text.__aeabi_read_tp
                0x00000000001089c8        0xc C:/msys64/opt/devkitpro/libctru/lib\libctru.a(readtp.o)
                0x00000000001089c8                __aeabi_read_tp
 .text.encode_utf16
                0x00000000001089d4       0x68 C:/msys64/opt/devkitpro/libctru/lib\libctru.a(encode_utf16.o)
                0x00000000001089d4                encode_utf16
 .text.encode_utf8
                0x0000000000108a3c      0x104 C:/msys64/opt/devkitpro/libctru/lib\libctru.a(encode_utf8.o)
                0x0000000000108a3c                encode_utf8
 .text.__aeabi_atexit
                0x0000000000108b40       0x10 c:/msys64/opt/devkitpro/devkitarm/bin/../lib/gcc/arm-none-eabi/9.1.0/../../../../arm-none-eabi/lib/armv6k/fpu\libstdc++.a(atexit_arm.o)
                0x0000000000108b40                __aeabi_atexit
 .text._Znwj    0x0000000000108b50       0x5c c:/msys64/opt/devkitpro/devkitarm/bin/../lib/gcc/arm-none-eabi/9.1.0/../../../../arm-none-eabi/lib/armv6k/fpu\libstdc++.a(new_op.o)
                0x0000000000108b50                operator new(unsigned int)
 .text._ZNKSt9bad_alloc4whatEv
                0x0000000000108bac        0xc c:/msys64/opt/devkitpro/devkitarm/bin/../lib/gcc/arm-none-eabi/9.1.0/../../../../arm-none-eabi/lib/armv6k/fpu\libstdc++.a(bad_alloc.o)
                0x0000000000108bac                std::bad_alloc::what() const
 .text._ZNSt9bad_allocD2Ev
                0x0000000000108bb8       0x20 c:/msys64/opt/devkitpro/devkitarm/bin/../lib/gcc/arm-none-eabi/9.1.0/../../../../arm-none-eabi/lib/armv6k/fpu\libstdc++.a(bad_alloc.o)
                0x0000000000108bb8                std::bad_alloc::~bad_alloc()
                0x0000000000108bb8                std::bad_alloc::~bad_alloc()
 .text._ZNSt9bad_allocD0Ev
                0x0000000000108bd8       0x2c c:/msys64/opt/devkitpro/devkitarm/bin/../lib/gcc/arm-none-eabi/9.1.0/../../../../arm-none-eabi/lib/armv6k/fpu\libstdc++.a(bad_alloc.o)
                0x0000000000108bd8                std::bad_alloc::~bad_alloc()
 .text._ZdlPvj  0x0000000000108c04        0x4 c:/msys64/opt/devkitpro/devkitarm/bin/../lib/gcc/arm-none-eabi/9.1.0/../../../../arm-none-eabi/lib/armv6k/fpu\libstdc++.a(del_ops.o)
                0x0000000000108c04                operator delete(void*, unsigned int)
 .text._ZN12_GLOBAL__N_14pool4freeEPv.constprop.0
                0x0000000000108c08       0xd4 c:/msys64/opt/devkitpro/devkitarm/bin/../lib/gcc/arm-none-eabi/9.1.0/../../../../arm-none-eabi/lib/armv6k/fpu\libstdc++.a(eh_alloc.o)
 .text._ZN12_GLOBAL__N_14pool8allocateEj.constprop.0
                0x0000000000108cdc       0x90 c:/msys64/opt/devkitpro/devkitarm/bin/../lib/gcc/arm-none-eabi/9.1.0/../../../../arm-none-eabi/lib/armv6k/fpu\libstdc++.a(eh_alloc.o)
 .text.__cxa_allocate_exception
                0x0000000000108d6c       0x44 c:/msys64/opt/devkitpro/devkitarm/bin/../lib/gcc/arm-none-eabi/9.1.0/../../../../arm-none-eabi/lib/armv6k/fpu\libstdc++.a(eh_alloc.o)
                0x0000000000108d6c                __cxa_allocate_exception
 .text.__cxa_free_exception
                0x0000000000108db0       0x30 c:/msys64/opt/devkitpro/devkitarm/bin/../lib/gcc/arm-none-eabi/9.1.0/../../../../arm-none-eabi/lib/armv6k/fpu\libstdc++.a(eh_alloc.o)
                0x0000000000108db0                __cxa_free_exception
 .text.startup._GLOBAL__sub_I__ZN9__gnu_cxx9__freeresEv
                0x0000000000108de0       0x40 c:/msys64/opt/devkitpro/devkitarm/bin/../lib/gcc/arm-none-eabi/9.1.0/../../../../arm-none-eabi/lib/armv6k/fpu\libstdc++.a(eh_alloc.o)
 .text._ZNSt9exceptionD2Ev
                0x0000000000108e20        0x4 c:/msys64/opt/devkitpro/devkitarm/bin/../lib/gcc/arm-none-eabi/9.1.0/../../../../arm-none-eabi/lib/armv6k/fpu\libstdc++.a(eh_exception.o)
                0x0000000000108e20                std::exception::~exception()
                0x0000000000108e20                std::exception::~exception()
 .text._ZNSt13bad_exceptionD2Ev
                0x0000000000108e24        0x4 c:/msys64/opt/devkitpro/devkitarm/bin/../lib/gcc/arm-none-eabi/9.1.0/../../../../arm-none-eabi/lib/armv6k/fpu\libstdc++.a(eh_exception.o)
                0x0000000000108e24                std::bad_exception::~bad_exception()
                0x0000000000108e24                std::bad_exception::~bad_exception()
 .text._ZNKSt13bad_exception4whatEv
                0x0000000000108e28        0xc c:/msys64/opt/devkitpro/devkitarm/bin/../lib/gcc/arm-none-eabi/9.1.0/../../../../arm-none-eabi/lib/armv6k/fpu\libstdc++.a(eh_exception.o)
                0x0000000000108e28                std::bad_exception::what() const
                0x0000000000108e28                transaction clone for std::bad_exception::what() const
 .text._ZNSt13bad_exceptionD0Ev
                0x0000000000108e34       0x18 c:/msys64/opt/devkitpro/devkitarm/bin/../lib/gcc/arm-none-eabi/9.1.0/../../../../arm-none-eabi/lib/armv6k/fpu\libstdc++.a(eh_exception.o)
                0x0000000000108e34                std::bad_exception::~bad_exception()
 .text._ZN10__cxxabiv111__terminateEPFvvE
                0x0000000000108e4c       0x38 c:/msys64/opt/devkitpro/devkitarm/bin/../lib/gcc/arm-none-eabi/9.1.0/../../../../arm-none-eabi/lib/armv6k/fpu\libstdc++.a(eh_terminate.o)
                0x0000000000108e4c                __cxxabiv1::__terminate(void (*)())
 .text._ZSt9terminatev
                0x0000000000108e84       0x18 c:/msys64/opt/devkitpro/devkitarm/bin/../lib/gcc/arm-none-eabi/9.1.0/../../../../arm-none-eabi/lib/armv6k/fpu\libstdc++.a(eh_terminate.o)
                0x0000000000108e84                std::terminate()
 .text._ZN10__cxxabiv112__unexpectedEPFvvE
                0x0000000000108e9c        0xc c:/msys64/opt/devkitpro/devkitarm/bin/../lib/gcc/arm-none-eabi/9.1.0/../../../../arm-none-eabi/lib/armv6k/fpu\libstdc++.a(eh_terminate.o)
                0x0000000000108e9c                __cxxabiv1::__unexpected(void (*)())
 .text._ZSt10unexpectedv
                0x0000000000108ea8       0x18 c:/msys64/opt/devkitpro/devkitarm/bin/../lib/gcc/arm-none-eabi/9.1.0/../../../../arm-none-eabi/lib/armv6k/fpu\libstdc++.a(eh_terminate.o)
                0x0000000000108ea8                std::unexpected()
 .text._ZSt13get_terminatev
                0x0000000000108ec0       0x14 c:/msys64/opt/devkitpro/devkitarm/bin/../lib/gcc/arm-none-eabi/9.1.0/../../../../arm-none-eabi/lib/armv6k/fpu\libstdc++.a(eh_terminate.o)
                0x0000000000108ec0                std::get_terminate()
 .text._ZSt14get_unexpectedv
                0x0000000000108ed4       0x14 c:/msys64/opt/devkitpro/devkitarm/bin/../lib/gcc/arm-none-eabi/9.1.0/../../../../arm-none-eabi/lib/armv6k/fpu\libstdc++.a(eh_terminate.o)
                0x0000000000108ed4                std::get_unexpected()
 .text._ZL23__gxx_exception_cleanup19_Unwind_Reason_CodeP21_Unwind_Control_Block
                0x0000000000108ee8       0x70 c:/msys64/opt/devkitpro/devkitarm/bin/../lib/gcc/arm-none-eabi/9.1.0/../../../../arm-none-eabi/lib/armv6k/fpu\libstdc++.a(eh_throw.o)
 .text.__cxa_init_primary_exception
                0x0000000000108f58       0x70 c:/msys64/opt/devkitpro/devkitarm/bin/../lib/gcc/arm-none-eabi/9.1.0/../../../../arm-none-eabi/lib/armv6k/fpu\libstdc++.a(eh_throw.o)
                0x0000000000108f58                __cxa_init_primary_exception
 .text.__cxa_throw
                0x0000000000108fc8       0x58 c:/msys64/opt/devkitpro/devkitarm/bin/../lib/gcc/arm-none-eabi/9.1.0/../../../../arm-none-eabi/lib/armv6k/fpu\libstdc++.a(eh_throw.o)
                0x0000000000108fc8                __cxa_throw
 .text.__cxa_rethrow
                0x0000000000109020       0xb0 c:/msys64/opt/devkitpro/devkitarm/bin/../lib/gcc/arm-none-eabi/9.1.0/../../../../arm-none-eabi/lib/armv6k/fpu\libstdc++.a(eh_throw.o)
                0x0000000000109020                __cxa_rethrow
 .text._ZSt15get_new_handlerv
                0x00000000001090d0       0x14 c:/msys64/opt/devkitpro/devkitarm/bin/../lib/gcc/arm-none-eabi/9.1.0/../../../../arm-none-eabi/lib/armv6k/fpu\libstdc++.a(new_handler.o)
                0x00000000001090d0                std::get_new_handler()
 .text._ZN10__cxxabiv120__si_class_type_infoD2Ev
                0x00000000001090e4       0x20 c:/msys64/opt/devkitpro/devkitarm/bin/../lib/gcc/arm-none-eabi/9.1.0/../../../../arm-none-eabi/lib/armv6k/fpu\libstdc++.a(si_class_type_info.o)
                0x00000000001090e4                __cxxabiv1::__si_class_type_info::~__si_class_type_info()
                0x00000000001090e4                __cxxabiv1::__si_class_type_info::~__si_class_type_info()
 .text._ZN10__cxxabiv120__si_class_type_infoD0Ev
                0x0000000000109104       0x2c c:/msys64/opt/devkitpro/devkitarm/bin/../lib/gcc/arm-none-eabi/9.1.0/../../../../arm-none-eabi/lib/armv6k/fpu\libstdc++.a(si_class_type_info.o)
                0x0000000000109104                __cxxabiv1::__si_class_type_info::~__si_class_type_info()
 .text._ZNK10__cxxabiv120__si_class_type_info20__do_find_public_srcEiPKvPKNS_17__class_type_infoES2_
                0x0000000000109130       0x6c c:/msys64/opt/devkitpro/devkitarm/bin/../lib/gcc/arm-none-eabi/9.1.0/../../../../arm-none-eabi/lib/armv6k/fpu\libstdc++.a(si_class_type_info.o)
                0x0000000000109130                __cxxabiv1::__si_class_type_info::__do_find_public_src(int, void const*, __cxxabiv1::__class_type_info const*, void const*) const
 .text._ZNK10__cxxabiv120__si_class_type_info12__do_dyncastEiNS_17__class_type_info10__sub_kindEPKS1_PKvS4_S6_RNS1_16__dyncast_resultE
                0x000000000010919c       0xdc c:/msys64/opt/devkitpro/devkitarm/bin/../lib/gcc/arm-none-eabi/9.1.0/../../../../arm-none-eabi/lib/armv6k/fpu\libstdc++.a(si_class_type_info.o)
                0x000000000010919c                __cxxabiv1::__si_class_type_info::__do_dyncast(int, __cxxabiv1::__class_type_info::__sub_kind, __cxxabiv1::__class_type_info const*, void const*, __cxxabiv1::__class_type_info const*, void const*, __cxxabiv1::__class_type_info::__dyncast_result&) const
 .text._ZNK10__cxxabiv120__si_class_type_info11__do_upcastEPKNS_17__class_type_infoEPKvRNS1_15__upcast_resultE
                0x0000000000109278       0x44 c:/msys64/opt/devkitpro/devkitarm/bin/../lib/gcc/arm-none-eabi/9.1.0/../../../../arm-none-eabi/lib/armv6k/fpu\libstdc++.a(si_class_type_info.o)
                0x0000000000109278                __cxxabiv1::__si_class_type_info::__do_upcast(__cxxabiv1::__class_type_info const*, void const*, __cxxabiv1::__class_type_info::__upcast_result&) const
 .text._ZNSt9type_infoD2Ev
                0x00000000001092bc        0x4 c:/msys64/opt/devkitpro/devkitarm/bin/../lib/gcc/arm-none-eabi/9.1.0/../../../../arm-none-eabi/lib/armv6k/fpu\libstdc++.a(tinfo.o)
                0x00000000001092bc                std::type_info::~type_info()
                0x00000000001092bc                std::type_info::~type_info()
 .text._ZNKSt9type_info14__is_pointer_pEv
                0x00000000001092c0        0x8 c:/msys64/opt/devkitpro/devkitarm/bin/../lib/gcc/arm-none-eabi/9.1.0/../../../../arm-none-eabi/lib/armv6k/fpu\libstdc++.a(tinfo.o)
                0x00000000001092c0                std::type_info::__is_pointer_p() const
                0x00000000001092c0                std::type_info::__is_function_p() const
 .text._ZNKSt9type_infoeqERKS_
                0x00000000001092c8       0x4c c:/msys64/opt/devkitpro/devkitarm/bin/../lib/gcc/arm-none-eabi/9.1.0/../../../../arm-none-eabi/lib/armv6k/fpu\libstdc++.a(tinfo.o)
                0x00000000001092c8                std::type_info::operator==(std::type_info const&) const
 .text._ZNK10__cxxabiv117__class_type_info11__do_upcastEPKS0_PPv
                0x0000000000109314       0x5c c:/msys64/opt/devkitpro/devkitarm/bin/../lib/gcc/arm-none-eabi/9.1.0/../../../../arm-none-eabi/lib/armv6k/fpu\libstdc++.a(class_type_info.o)
                0x0000000000109314                __cxxabiv1::__class_type_info::__do_upcast(__cxxabiv1::__class_type_info const*, void**) const
 .text._ZNK10__cxxabiv117__class_type_info20__do_find_public_srcEiPKvPKS0_S2_
                0x0000000000109370       0x14 c:/msys64/opt/devkitpro/devkitarm/bin/../lib/gcc/arm-none-eabi/9.1.0/../../../../arm-none-eabi/lib/armv6k/fpu\libstdc++.a(class_type_info.o)
                0x0000000000109370                __cxxabiv1::__class_type_info::__do_find_public_src(int, void const*, __cxxabiv1::__class_type_info const*, void const*) const
 .text._ZN10__cxxabiv117__class_type_infoD2Ev
                0x0000000000109384       0x20 c:/msys64/opt/devkitpro/devkitarm/bin/../lib/gcc/arm-none-eabi/9.1.0/../../../../arm-none-eabi/lib/armv6k/fpu\libstdc++.a(class_type_info.o)
                0x0000000000109384                __cxxabiv1::__class_type_info::~__class_type_info()
                0x0000000000109384                __cxxabiv1::__class_type_info::~__class_type_info()
 .text._ZN10__cxxabiv117__class_type_infoD0Ev
                0x00000000001093a4       0x2c c:/msys64/opt/devkitpro/devkitarm/bin/../lib/gcc/arm-none-eabi/9.1.0/../../../../arm-none-eabi/lib/armv6k/fpu\libstdc++.a(class_type_info.o)
                0x00000000001093a4                __cxxabiv1::__class_type_info::~__class_type_info()
 .text._ZNK10__cxxabiv117__class_type_info12__do_dyncastEiNS0_10__sub_kindEPKS0_PKvS3_S5_RNS0_16__dyncast_resultE
                0x00000000001093d0       0x68 c:/msys64/opt/devkitpro/devkitarm/bin/../lib/gcc/arm-none-eabi/9.1.0/../../../../arm-none-eabi/lib/armv6k/fpu\libstdc++.a(class_type_info.o)
                0x00000000001093d0                __cxxabiv1::__class_type_info::__do_dyncast(int, __cxxabiv1::__class_type_info::__sub_kind, __cxxabiv1::__class_type_info const*, void const*, __cxxabiv1::__class_type_info const*, void const*, __cxxabiv1::__class_type_info::__dyncast_result&) const
 .text._ZNK10__cxxabiv117__class_type_info11__do_upcastEPKS0_PKvRNS0_15__upcast_resultE
                0x0000000000109438       0x2c c:/msys64/opt/devkitpro/devkitarm/bin/../lib/gcc/arm-none-eabi/9.1.0/../../../../arm-none-eabi/lib/armv6k/fpu\libstdc++.a(class_type_info.o)
                0x0000000000109438                __cxxabiv1::__class_type_info::__do_upcast(__cxxabiv1::__class_type_info const*, void const*, __cxxabiv1::__class_type_info::__upcast_result&) const
 .text._ZNK10__cxxabiv117__class_type_info10__do_catchEPKSt9type_infoPPvj
                0x0000000000109464       0x44 c:/msys64/opt/devkitpro/devkitarm/bin/../lib/gcc/arm-none-eabi/9.1.0/../../../../arm-none-eabi/lib/armv6k/fpu\libstdc++.a(class_type_info.o)
                0x0000000000109464                __cxxabiv1::__class_type_info::__do_catch(std::type_info const*, void**, unsigned int) const
 .text._ZdlPv   0x00000000001094a8        0x4 c:/msys64/opt/devkitpro/devkitarm/bin/../lib/gcc/arm-none-eabi/9.1.0/../../../../arm-none-eabi/lib/armv6k/fpu\libstdc++.a(del_op.o)
                0x00000000001094a8                operator delete(void*)
 .text.__cxa_end_cleanup
                0x00000000001094ac       0x10 c:/msys64/opt/devkitpro/devkitarm/bin/../lib/gcc/arm-none-eabi/9.1.0/../../../../arm-none-eabi/lib/armv6k/fpu\libstdc++.a(eh_arm.o)
                0x00000000001094ac                __cxa_end_cleanup
 .text.__cxa_type_match
                0x00000000001094bc      0x138 c:/msys64/opt/devkitpro/devkitarm/bin/../lib/gcc/arm-none-eabi/9.1.0/../../../../arm-none-eabi/lib/armv6k/fpu\libstdc++.a(eh_arm.o)
                0x00000000001094bc                __cxa_type_match
 .text.__cxa_begin_cleanup
                0x00000000001095f4       0xb4 c:/msys64/opt/devkitpro/devkitarm/bin/../lib/gcc/arm-none-eabi/9.1.0/../../../../arm-none-eabi/lib/armv6k/fpu\libstdc++.a(eh_arm.o)
                0x00000000001095f4                __cxa_begin_cleanup
 .text.__gnu_end_cleanup
                0x00000000001096a8       0xb4 c:/msys64/opt/devkitpro/devkitarm/bin/../lib/gcc/arm-none-eabi/9.1.0/../../../../arm-none-eabi/lib/armv6k/fpu\libstdc++.a(eh_arm.o)
                0x00000000001096a8                __gnu_end_cleanup
 .text._ZN10__cxxabiv1L24__is_gxx_exception_classEPc
                0x000000000010975c       0x70 c:/msys64/opt/devkitpro/devkitarm/bin/../lib/gcc/arm-none-eabi/9.1.0/../../../../arm-none-eabi/lib/armv6k/fpu\libstdc++.a(eh_call.o)
 .text.__cxa_call_terminate
                0x00000000001097cc       0x2c c:/msys64/opt/devkitpro/devkitarm/bin/../lib/gcc/arm-none-eabi/9.1.0/../../../../arm-none-eabi/lib/armv6k/fpu\libstdc++.a(eh_call.o)
                0x00000000001097cc                __cxa_call_terminate
 .text.unlikely.__cxa_call_unexpected
                0x00000000001097f8      0x158 c:/msys64/opt/devkitpro/devkitarm/bin/../lib/gcc/arm-none-eabi/9.1.0/../../../../arm-none-eabi/lib/armv6k/fpu\libstdc++.a(eh_call.o)
                0x00000000001097f8                __cxa_call_unexpected
 .text.__cxa_begin_catch
                0x0000000000109950       0xcc c:/msys64/opt/devkitpro/devkitarm/bin/../lib/gcc/arm-none-eabi/9.1.0/../../../../arm-none-eabi/lib/armv6k/fpu\libstdc++.a(eh_catch.o)
                0x0000000000109950                __cxa_begin_catch
 .text.__cxa_end_catch
                0x0000000000109a1c       0xe0 c:/msys64/opt/devkitpro/devkitarm/bin/../lib/gcc/arm-none-eabi/9.1.0/../../../../arm-none-eabi/lib/armv6k/fpu\libstdc++.a(eh_catch.o)
                0x0000000000109a1c                __cxa_end_catch
 .text.__cxa_get_globals_fast
                0x0000000000109afc        0xc c:/msys64/opt/devkitpro/devkitarm/bin/../lib/gcc/arm-none-eabi/9.1.0/../../../../arm-none-eabi/lib/armv6k/fpu\libstdc++.a(eh_globals.o)
                0x0000000000109afc                __cxa_get_globals_fast
 .text.__cxa_get_globals
                0x0000000000109b08        0xc c:/msys64/opt/devkitpro/devkitarm/bin/../lib/gcc/arm-none-eabi/9.1.0/../../../../arm-none-eabi/lib/armv6k/fpu\libstdc++.a(eh_globals.o)
                0x0000000000109b08                __cxa_get_globals
 .text._ZL28read_encoded_value_with_basehjPKhPj
                0x0000000000109b14      0x168 c:/msys64/opt/devkitpro/devkitarm/bin/../lib/gcc/arm-none-eabi/9.1.0/../../../../arm-none-eabi/lib/armv6k/fpu\libstdc++.a(eh_personality.o)
 .text._ZL21base_of_encoded_valuehP15_Unwind_Context
                0x0000000000109c7c       0x64 c:/msys64/opt/devkitpro/devkitarm/bin/../lib/gcc/arm-none-eabi/9.1.0/../../../../arm-none-eabi/lib/armv6k/fpu\libstdc++.a(eh_personality.o)
 .text._ZL17parse_lsda_headerP15_Unwind_ContextPKhP16lsda_header_info
                0x0000000000109ce0       0xd8 c:/msys64/opt/devkitpro/devkitarm/bin/../lib/gcc/arm-none-eabi/9.1.0/../../../../arm-none-eabi/lib/armv6k/fpu\libstdc++.a(eh_personality.o)
 .text.__gxx_personality_v0
                0x0000000000109db8      0x700 c:/msys64/opt/devkitpro/devkitarm/bin/../lib/gcc/arm-none-eabi/9.1.0/../../../../arm-none-eabi/lib/armv6k/fpu\libstdc++.a(eh_personality.o)
                0x0000000000109db8                __gxx_personality_v0
 .text.__fixdfdi
                0x000000000010a4b8       0x38 c:/msys64/opt/devkitpro/devkitarm/bin/../lib/gcc/arm-none-eabi/9.1.0/armv6k/fpu\libgcc.a(_fixdfdi.o)
                0x000000000010a4b8                __fixdfdi
                0x000000000010a4b8                __aeabi_d2lz
 .text.__fixunsdfdi
                0x000000000010a4f0       0x40 c:/msys64/opt/devkitpro/devkitarm/bin/../lib/gcc/arm-none-eabi/9.1.0/armv6k/fpu\libgcc.a(_fixunsdfdi.o)
                0x000000000010a4f0                __fixunsdfdi
                0x000000000010a4f0                __aeabi_d2ulz
 .text.__udivmoddi4
                0x000000000010a530      0x130 c:/msys64/opt/devkitpro/devkitarm/bin/../lib/gcc/arm-none-eabi/9.1.0/armv6k/fpu\libgcc.a(_udivmoddi4.o)
                0x000000000010a530                __udivmoddi4
 .text.selfrel_offset31
                0x000000000010a660       0x18 c:/msys64/opt/devkitpro/devkitarm/bin/../lib/gcc/arm-none-eabi/9.1.0/armv6k/fpu\libgcc.a(unwind-arm.o)
 .text.search_EIT_table
                0x000000000010a678       0x8c c:/msys64/opt/devkitpro/devkitarm/bin/../lib/gcc/arm-none-eabi/9.1.0/armv6k/fpu\libgcc.a(unwind-arm.o)
 .text.__gnu_unwind_get_pr_addr
                0x000000000010a704       0x40 c:/msys64/opt/devkitpro/devkitarm/bin/../lib/gcc/arm-none-eabi/9.1.0/armv6k/fpu\libgcc.a(unwind-arm.o)
 .text.get_eit_entry
                0x000000000010a744      0x114 c:/msys64/opt/devkitpro/devkitarm/bin/../lib/gcc/arm-none-eabi/9.1.0/armv6k/fpu\libgcc.a(unwind-arm.o)
 .text.restore_non_core_regs
                0x000000000010a858       0x88 c:/msys64/opt/devkitpro/devkitarm/bin/../lib/gcc/arm-none-eabi/9.1.0/armv6k/fpu\libgcc.a(unwind-arm.o)
 .text._Unwind_decode_typeinfo_ptr.isra.0
                0x000000000010a8e0       0x14 c:/msys64/opt/devkitpro/devkitarm/bin/../lib/gcc/arm-none-eabi/9.1.0/armv6k/fpu\libgcc.a(unwind-arm.o)
 .text._Unwind_DebugHook
                0x000000000010a8f4        0x4 c:/msys64/opt/devkitpro/devkitarm/bin/../lib/gcc/arm-none-eabi/9.1.0/armv6k/fpu\libgcc.a(unwind-arm.o)
 .text.unwind_phase2
                0x000000000010a8f8       0x64 c:/msys64/opt/devkitpro/devkitarm/bin/../lib/gcc/arm-none-eabi/9.1.0/armv6k/fpu\libgcc.a(unwind-arm.o)
 .text.unwind_phase2_forced
                0x000000000010a95c      0x134 c:/msys64/opt/devkitpro/devkitarm/bin/../lib/gcc/arm-none-eabi/9.1.0/armv6k/fpu\libgcc.a(unwind-arm.o)
 .text.__gnu_Unwind_RaiseException
                0x000000000010aa90       0xa4 c:/msys64/opt/devkitpro/devkitarm/bin/../lib/gcc/arm-none-eabi/9.1.0/armv6k/fpu\libgcc.a(unwind-arm.o)
                0x000000000010aa90                __gnu_Unwind_RaiseException
 .text.__gnu_Unwind_ForcedUnwind
                0x000000000010ab34       0x24 c:/msys64/opt/devkitpro/devkitarm/bin/../lib/gcc/arm-none-eabi/9.1.0/armv6k/fpu\libgcc.a(unwind-arm.o)
                0x000000000010ab34                __gnu_Unwind_ForcedUnwind
 .text.__gnu_Unwind_Resume
                0x000000000010ab58       0x74 c:/msys64/opt/devkitpro/devkitarm/bin/../lib/gcc/arm-none-eabi/9.1.0/armv6k/fpu\libgcc.a(unwind-arm.o)
                0x000000000010ab58                __gnu_Unwind_Resume
 .text.__gnu_Unwind_Resume_or_Rethrow
                0x000000000010abcc       0x20 c:/msys64/opt/devkitpro/devkitarm/bin/../lib/gcc/arm-none-eabi/9.1.0/armv6k/fpu\libgcc.a(unwind-arm.o)
                0x000000000010abcc                __gnu_Unwind_Resume_or_Rethrow
 .text._Unwind_Complete
                0x000000000010abec        0x4 c:/msys64/opt/devkitpro/devkitarm/bin/../lib/gcc/arm-none-eabi/9.1.0/armv6k/fpu\libgcc.a(unwind-arm.o)
                0x000000000010abec                _Unwind_Complete
 .text._Unwind_DeleteException
                0x000000000010abf0       0x18 c:/msys64/opt/devkitpro/devkitarm/bin/../lib/gcc/arm-none-eabi/9.1.0/armv6k/fpu\libgcc.a(unwind-arm.o)
                0x000000000010abf0                _Unwind_DeleteException
 .text._Unwind_VRS_Get
                0x000000000010ac08       0x64 c:/msys64/opt/devkitpro/devkitarm/bin/../lib/gcc/arm-none-eabi/9.1.0/armv6k/fpu\libgcc.a(unwind-arm.o)
                0x000000000010ac08                _Unwind_VRS_Get
 .text._Unwind_GetGR
                0x000000000010ac6c       0x2c c:/msys64/opt/devkitpro/devkitarm/bin/../lib/gcc/arm-none-eabi/9.1.0/armv6k/fpu\libgcc.a(unwind-arm.o)
 .text._Unwind_VRS_Set
                0x000000000010ac98       0x64 c:/msys64/opt/devkitpro/devkitarm/bin/../lib/gcc/arm-none-eabi/9.1.0/armv6k/fpu\libgcc.a(unwind-arm.o)
                0x000000000010ac98                _Unwind_VRS_Set
 .text._Unwind_SetGR
                0x000000000010acfc       0x30 c:/msys64/opt/devkitpro/devkitarm/bin/../lib/gcc/arm-none-eabi/9.1.0/armv6k/fpu\libgcc.a(unwind-arm.o)
 .text.__gnu_Unwind_Backtrace
                0x000000000010ad2c       0xc0 c:/msys64/opt/devkitpro/devkitarm/bin/../lib/gcc/arm-none-eabi/9.1.0/armv6k/fpu\libgcc.a(unwind-arm.o)
                0x000000000010ad2c                __gnu_Unwind_Backtrace
 .text.__gnu_unwind_pr_common
                0x000000000010adec      0x44c c:/msys64/opt/devkitpro/devkitarm/bin/../lib/gcc/arm-none-eabi/9.1.0/armv6k/fpu\libgcc.a(unwind-arm.o)
 .text.__aeabi_unwind_cpp_pr0
                0x000000000010b238        0x8 c:/msys64/opt/devkitpro/devkitarm/bin/../lib/gcc/arm-none-eabi/9.1.0/armv6k/fpu\libgcc.a(unwind-arm.o)
                0x000000000010b238                __aeabi_unwind_cpp_pr0
 .text.__aeabi_unwind_cpp_pr1
                0x000000000010b240        0x8 c:/msys64/opt/devkitpro/devkitarm/bin/../lib/gcc/arm-none-eabi/9.1.0/armv6k/fpu\libgcc.a(unwind-arm.o)
                0x000000000010b240                __aeabi_unwind_cpp_pr1
 .text.__aeabi_unwind_cpp_pr2
                0x000000000010b248        0x8 c:/msys64/opt/devkitpro/devkitarm/bin/../lib/gcc/arm-none-eabi/9.1.0/armv6k/fpu\libgcc.a(unwind-arm.o)
                0x000000000010b248                __aeabi_unwind_cpp_pr2
 .text._Unwind_VRS_Pop
                0x000000000010b250      0x3d0 c:/msys64/opt/devkitpro/devkitarm/bin/../lib/gcc/arm-none-eabi/9.1.0/armv6k/fpu\libgcc.a(unwind-arm.o)
                0x000000000010b250                _Unwind_VRS_Pop
 .text.next_unwind_byte
                0x000000000010b620       0x60 c:/msys64/opt/devkitpro/devkitarm/bin/../lib/gcc/arm-none-eabi/9.1.0/armv6k/fpu\libgcc.a(pr-support.o)
 .text._Unwind_GetGR.constprop.0
                0x000000000010b680       0x2c c:/msys64/opt/devkitpro/devkitarm/bin/../lib/gcc/arm-none-eabi/9.1.0/armv6k/fpu\libgcc.a(pr-support.o)
 .text.unwind_UCB_from_context
                0x000000000010b6ac        0x4 c:/msys64/opt/devkitpro/devkitarm/bin/../lib/gcc/arm-none-eabi/9.1.0/armv6k/fpu\libgcc.a(pr-support.o)
 .text.__gnu_unwind_execute
                0x000000000010b6b0      0x3c8 c:/msys64/opt/devkitpro/devkitarm/bin/../lib/gcc/arm-none-eabi/9.1.0/armv6k/fpu\libgcc.a(pr-support.o)
                0x000000000010b6b0                __gnu_unwind_execute
 .text.__gnu_unwind_frame
                0x000000000010ba78       0x44 c:/msys64/opt/devkitpro/devkitarm/bin/../lib/gcc/arm-none-eabi/9.1.0/armv6k/fpu\libgcc.a(pr-support.o)
                0x000000000010ba78                __gnu_unwind_frame
 .text._Unwind_GetRegionStart
                0x000000000010babc       0x10 c:/msys64/opt/devkitpro/devkitarm/bin/../lib/gcc/arm-none-eabi/9.1.0/armv6k/fpu\libgcc.a(pr-support.o)
                0x000000000010babc                _Unwind_GetRegionStart
 .text._Unwind_GetLanguageSpecificData
                0x000000000010bacc       0x1c c:/msys64/opt/devkitpro/devkitarm/bin/../lib/gcc/arm-none-eabi/9.1.0/armv6k/fpu\libgcc.a(pr-support.o)
                0x000000000010bacc                _Unwind_GetLanguageSpecificData
 .text.unlikely._Unwind_GetDataRelBase
                0x000000000010bae8        0x8 c:/msys64/opt/devkitpro/devkitarm/bin/../lib/gcc/arm-none-eabi/9.1.0/armv6k/fpu\libgcc.a(pr-support.o)
                0x000000000010bae8                _Unwind_GetDataRelBase
 .text.unlikely._Unwind_GetTextRelBase
                0x000000000010baf0        0x8 c:/msys64/opt/devkitpro/devkitarm/bin/../lib/gcc/arm-none-eabi/9.1.0/armv6k/fpu\libgcc.a(pr-support.o)
                0x000000000010baf0                _Unwind_GetTextRelBase
 .text.abort    0x000000000010baf8       0x14 c:/msys64/opt/devkitpro/devkitarm/bin/../lib/gcc/arm-none-eabi/9.1.0/../../../../arm-none-eabi/lib/armv6k/fpu\libg.a(lib_a-abort.o)
                0x000000000010baf8                abort
 .text.bsearch  0x000000000010bb0c       0x7c c:/msys64/opt/devkitpro/devkitarm/bin/../lib/gcc/arm-none-eabi/9.1.0/../../../../arm-none-eabi/lib/armv6k/fpu\libg.a(lib_a-bsearch.o)
                0x000000000010bb0c                bsearch
 .text.__cxa_atexit
                0x000000000010bb88       0x18 c:/msys64/opt/devkitpro/devkitarm/bin/../lib/gcc/arm-none-eabi/9.1.0/../../../../arm-none-eabi/lib/armv6k/fpu\libg.a(lib_a-cxa_atexit.o)
                0x000000000010bb88                __cxa_atexit
 .text.exit     0x000000000010bba0       0x34 c:/msys64/opt/devkitpro/devkitarm/bin/../lib/gcc/arm-none-eabi/9.1.0/../../../../arm-none-eabi/lib/armv6k/fpu\libg.a(lib_a-exit.o)
                0x000000000010bba0                exit
 .text.__libc_fini_array
                0x000000000010bbd4       0x3c c:/msys64/opt/devkitpro/devkitarm/bin/../lib/gcc/arm-none-eabi/9.1.0/../../../../arm-none-eabi/lib/armv6k/fpu\libg.a(lib_a-fini.o)
                0x000000000010bbd4                __libc_fini_array
 .text.__libc_init_array
                0x000000000010bc10       0x7c c:/msys64/opt/devkitpro/devkitarm/bin/../lib/gcc/arm-none-eabi/9.1.0/../../../../arm-none-eabi/lib/armv6k/fpu\libg.a(lib_a-init.o)
                0x000000000010bc10                __libc_init_array
 .text.memalign
                0x000000000010bc8c       0x28 c:/msys64/opt/devkitpro/devkitarm/bin/../lib/gcc/arm-none-eabi/9.1.0/../../../../arm-none-eabi/lib/armv6k/fpu\libg.a(lib_a-malign.o)
                0x000000000010bc8c                memalign
 .text._memalign_r
                0x000000000010bcb4      0x14c c:/msys64/opt/devkitpro/devkitarm/bin/../lib/gcc/arm-none-eabi/9.1.0/../../../../arm-none-eabi/lib/armv6k/fpu\libg.a(lib_a-malignr.o)
                0x000000000010bcb4                _memalign_r
 .text.malloc   0x000000000010be00       0x20 c:/msys64/opt/devkitpro/devkitarm/bin/../lib/gcc/arm-none-eabi/9.1.0/../../../../arm-none-eabi/lib/armv6k/fpu\libg.a(lib_a-malloc.o)
                0x000000000010be00                malloc
 .text.free     0x000000000010be20       0x20 c:/msys64/opt/devkitpro/devkitarm/bin/../lib/gcc/arm-none-eabi/9.1.0/../../../../arm-none-eabi/lib/armv6k/fpu\libg.a(lib_a-malloc.o)
                0x000000000010be20                free
 .text._malloc_r
                0x000000000010be40      0x7d0 c:/msys64/opt/devkitpro/devkitarm/bin/../lib/gcc/arm-none-eabi/9.1.0/../../../../arm-none-eabi/lib/armv6k/fpu\libg.a(lib_a-mallocr.o)
                0x000000000010be40                _malloc_r
 .text.memchr   0x000000000010c610       0xe0 c:/msys64/opt/devkitpro/devkitarm/bin/../lib/gcc/arm-none-eabi/9.1.0/../../../../arm-none-eabi/lib/armv6k/fpu\libg.a(lib_a-memchr-stub.o)
                0x000000000010c610                memchr
 .text.memcpy   0x000000000010c6f0      0x120 c:/msys64/opt/devkitpro/devkitarm/bin/../lib/gcc/arm-none-eabi/9.1.0/../../../../arm-none-eabi/lib/armv6k/fpu\libg.a(lib_a-memcpy-stub.o)
                0x000000000010c6f0                memcpy
 .text.memset   0x000000000010c810      0x118 c:/msys64/opt/devkitpro/devkitarm/bin/../lib/gcc/arm-none-eabi/9.1.0/../../../../arm-none-eabi/lib/armv6k/fpu\libg.a(lib_a-memset.o)
                0x000000000010c810                memset
 .text.__malloc_lock
                0x000000000010c928        0xc c:/msys64/opt/devkitpro/devkitarm/bin/../lib/gcc/arm-none-eabi/9.1.0/../../../../arm-none-eabi/lib/armv6k/fpu\libg.a(lib_a-mlock.o)
                0x000000000010c928                __malloc_lock
 .text.__malloc_unlock
                0x000000000010c934        0xc c:/msys64/opt/devkitpro/devkitarm/bin/../lib/gcc/arm-none-eabi/9.1.0/../../../../arm-none-eabi/lib/armv6k/fpu\libg.a(lib_a-mlock.o)
                0x000000000010c934                __malloc_unlock
 .text._puts_r  0x000000000010c940       0xe0 c:/msys64/opt/devkitpro/devkitarm/bin/../lib/gcc/arm-none-eabi/9.1.0/../../../../arm-none-eabi/lib/armv6k/fpu\libg.a(lib_a-puts.o)
                0x000000000010c940                _puts_r
 .text.puts     0x000000000010ca20       0x20 c:/msys64/opt/devkitpro/devkitarm/bin/../lib/gcc/arm-none-eabi/9.1.0/../../../../arm-none-eabi/lib/armv6k/fpu\libg.a(lib_a-puts.o)
                0x000000000010ca20                puts
 .text.setvbuf  0x000000000010ca40      0x260 c:/msys64/opt/devkitpro/devkitarm/bin/../lib/gcc/arm-none-eabi/9.1.0/../../../../arm-none-eabi/lib/armv6k/fpu\libg.a(lib_a-setvbuf.o)
                0x000000000010ca40                setvbuf
 .text._raise_r
                0x000000000010cca0       0x98 c:/msys64/opt/devkitpro/devkitarm/bin/../lib/gcc/arm-none-eabi/9.1.0/../../../../arm-none-eabi/lib/armv6k/fpu\libg.a(lib_a-signal.o)
                0x000000000010cca0                _raise_r
 .text.raise    0x000000000010cd38       0x20 c:/msys64/opt/devkitpro/devkitarm/bin/../lib/gcc/arm-none-eabi/9.1.0/../../../../arm-none-eabi/lib/armv6k/fpu\libg.a(lib_a-signal.o)
                0x000000000010cd38                raise
 .text.sscanf   0x000000000010cd58       0x74 c:/msys64/opt/devkitpro/devkitarm/bin/../lib/gcc/arm-none-eabi/9.1.0/../../../../arm-none-eabi/lib/armv6k/fpu\libg.a(lib_a-sscanf.o)
                0x000000000010cd58                sscanf
 .text.__sread  0x000000000010cdcc       0x3c c:/msys64/opt/devkitpro/devkitarm/bin/../lib/gcc/arm-none-eabi/9.1.0/../../../../arm-none-eabi/lib/armv6k/fpu\libg.a(lib_a-stdio.o)
                0x000000000010cdcc                __sread
 .text.__seofread
                0x000000000010ce08        0x8 c:/msys64/opt/devkitpro/devkitarm/bin/../lib/gcc/arm-none-eabi/9.1.0/../../../../arm-none-eabi/lib/armv6k/fpu\libg.a(lib_a-stdio.o)
                0x000000000010ce08                __seofread
 .text.__swrite
                0x000000000010ce10       0x68 c:/msys64/opt/devkitpro/devkitarm/bin/../lib/gcc/arm-none-eabi/9.1.0/../../../../arm-none-eabi/lib/armv6k/fpu\libg.a(lib_a-stdio.o)
                0x000000000010ce10                __swrite
 .text.__sseek  0x000000000010ce78       0x58 c:/msys64/opt/devkitpro/devkitarm/bin/../lib/gcc/arm-none-eabi/9.1.0/../../../../arm-none-eabi/lib/armv6k/fpu\libg.a(lib_a-stdio.o)
                0x000000000010ce78                __sseek
 .text.__sclose
                0x000000000010ced0        0x8 c:/msys64/opt/devkitpro/devkitarm/bin/../lib/gcc/arm-none-eabi/9.1.0/../../../../arm-none-eabi/lib/armv6k/fpu\libg.a(lib_a-stdio.o)
                0x000000000010ced0                __sclose
 .text.strlen   0x000000000010ced8       0x5c c:/msys64/opt/devkitpro/devkitarm/bin/../lib/gcc/arm-none-eabi/9.1.0/../../../../arm-none-eabi/lib/armv6k/fpu\libg.a(lib_a-strlen-stub.o)
                0x000000000010ced8                strlen
 .text.strncat  0x000000000010cf34       0x98 c:/msys64/opt/devkitpro/devkitarm/bin/../lib/gcc/arm-none-eabi/9.1.0/../../../../arm-none-eabi/lib/armv6k/fpu\libg.a(lib_a-strncat.o)
                0x000000000010cf34                strncat
 .text.strncpy  0x000000000010cfcc       0xc0 c:/msys64/opt/devkitpro/devkitarm/bin/../lib/gcc/arm-none-eabi/9.1.0/../../../../arm-none-eabi/lib/armv6k/fpu\libg.a(lib_a-strncpy.o)
                0x000000000010cfcc                strncpy
 .text.strnlen  0x000000000010d08c       0x48 c:/msys64/opt/devkitpro/devkitarm/bin/../lib/gcc/arm-none-eabi/9.1.0/../../../../arm-none-eabi/lib/armv6k/fpu\libg.a(lib_a-strnlen.o)
                0x000000000010d08c                strnlen
 .text.get_arg  0x000000000010d0d4       0x48 c:/msys64/opt/devkitpro/devkitarm/bin/../lib/gcc/arm-none-eabi/9.1.0/../../../../arm-none-eabi/lib/armv6k/fpu\libg.a(lib_a-svfscanf.o)
 .text.__ssvfscanf_r
                0x000000000010d11c     0x2b84 c:/msys64/opt/devkitpro/devkitarm/bin/../lib/gcc/arm-none-eabi/9.1.0/../../../../arm-none-eabi/lib/armv6k/fpu\libg.a(lib_a-svfscanf.o)
                0x000000000010d11c                __ssvfscanf_r
 .text._wcrtomb_r
                0x000000000010fca0       0x54 c:/msys64/opt/devkitpro/devkitarm/bin/../lib/gcc/arm-none-eabi/9.1.0/../../../../arm-none-eabi/lib/armv6k/fpu\libg.a(lib_a-wcrtomb.o)
                0x000000000010fca0                _wcrtomb_r
 .text._wcsrtombs_r
                0x000000000010fcf4       0x20 c:/msys64/opt/devkitpro/devkitarm/bin/../lib/gcc/arm-none-eabi/9.1.0/../../../../arm-none-eabi/lib/armv6k/fpu\libg.a(lib_a-wcsrtombs.o)
                0x000000000010fcf4                _wcsrtombs_r
 .text.__swsetup_r
                0x000000000010fd14      0x150 c:/msys64/opt/devkitpro/devkitarm/bin/../lib/gcc/arm-none-eabi/9.1.0/../../../../arm-none-eabi/lib/armv6k/fpu\libg.a(lib_a-wsetup.o)
                0x000000000010fd14                __swsetup_r
 .text.__register_exitproc
                0x000000000010fe64       0xb0 c:/msys64/opt/devkitpro/devkitarm/bin/../lib/gcc/arm-none-eabi/9.1.0/../../../../arm-none-eabi/lib/armv6k/fpu\libg.a(lib_a-__atexit.o)
                0x000000000010fe64                __register_exitproc
 .text.__call_exitprocs
                0x000000000010ff14      0x118 c:/msys64/opt/devkitpro/devkitarm/bin/../lib/gcc/arm-none-eabi/9.1.0/../../../../arm-none-eabi/lib/armv6k/fpu\libg.a(lib_a-__call_atexit.o)
                0x000000000010ff14                __call_exitprocs
 .text.__sflush_r
                0x000000000011002c      0x278 c:/msys64/opt/devkitpro/devkitarm/bin/../lib/gcc/arm-none-eabi/9.1.0/../../../../arm-none-eabi/lib/armv6k/fpu\libg.a(lib_a-fflush.o)
                0x000000000011002c                __sflush_r
 .text._fflush_r
                0x00000000001102a4       0x94 c:/msys64/opt/devkitpro/devkitarm/bin/../lib/gcc/arm-none-eabi/9.1.0/../../../../arm-none-eabi/lib/armv6k/fpu\libg.a(lib_a-fflush.o)
                0x00000000001102a4                _fflush_r
 .text.std      0x0000000000110338       0x78 c:/msys64/opt/devkitpro/devkitarm/bin/../lib/gcc/arm-none-eabi/9.1.0/../../../../arm-none-eabi/lib/armv6k/fpu\libg.a(lib_a-findfp.o)
 .text._cleanup_r
                0x00000000001103b0        0xc c:/msys64/opt/devkitpro/devkitarm/bin/../lib/gcc/arm-none-eabi/9.1.0/../../../../arm-none-eabi/lib/armv6k/fpu\libg.a(lib_a-findfp.o)
                0x00000000001103b0                _cleanup_r
 .text.__sinit  0x00000000001103bc       0x8c c:/msys64/opt/devkitpro/devkitarm/bin/../lib/gcc/arm-none-eabi/9.1.0/../../../../arm-none-eabi/lib/armv6k/fpu\libg.a(lib_a-findfp.o)
                0x00000000001103bc                __sinit
 .text.__sfp_lock_acquire
                0x0000000000110448        0xc c:/msys64/opt/devkitpro/devkitarm/bin/../lib/gcc/arm-none-eabi/9.1.0/../../../../arm-none-eabi/lib/armv6k/fpu\libg.a(lib_a-findfp.o)
                0x0000000000110448                __sfp_lock_acquire
 .text.__sfp_lock_release
                0x0000000000110454        0xc c:/msys64/opt/devkitpro/devkitarm/bin/../lib/gcc/arm-none-eabi/9.1.0/../../../../arm-none-eabi/lib/armv6k/fpu\libg.a(lib_a-findfp.o)
                0x0000000000110454                __sfp_lock_release
 .text._malloc_trim_r
                0x0000000000110460       0xf8 c:/msys64/opt/devkitpro/devkitarm/bin/../lib/gcc/arm-none-eabi/9.1.0/../../../../arm-none-eabi/lib/armv6k/fpu\libg.a(lib_a-freer.o)
                0x0000000000110460                _malloc_trim_r
 .text._free_r  0x0000000000110558      0x2e8 c:/msys64/opt/devkitpro/devkitarm/bin/../lib/gcc/arm-none-eabi/9.1.0/../../../../arm-none-eabi/lib/armv6k/fpu\libg.a(lib_a-freer.o)
                0x0000000000110558                _free_r
 .text.__sfvwrite_r
                0x0000000000110840      0x4a4 c:/msys64/opt/devkitpro/devkitarm/bin/../lib/gcc/arm-none-eabi/9.1.0/../../../../arm-none-eabi/lib/armv6k/fpu\libg.a(lib_a-fvwrite.o)
                0x0000000000110840                __sfvwrite_r
 .text._fwalk_reent
                0x0000000000110ce4       0x70 c:/msys64/opt/devkitpro/devkitarm/bin/../lib/gcc/arm-none-eabi/9.1.0/../../../../arm-none-eabi/lib/armv6k/fpu\libg.a(lib_a-fwalk.o)
                0x0000000000110ce4                _fwalk_reent
 .text.iswspace
                0x0000000000110d54        0x8 c:/msys64/opt/devkitpro/devkitarm/bin/../lib/gcc/arm-none-eabi/9.1.0/../../../../arm-none-eabi/lib/armv6k/fpu\libg.a(lib_a-iswspace.o)
                0x0000000000110d54                iswspace
 .text._localeconv_r
                0x0000000000110d5c        0xc c:/msys64/opt/devkitpro/devkitarm/bin/../lib/gcc/arm-none-eabi/9.1.0/../../../../arm-none-eabi/lib/armv6k/fpu\libg.a(lib_a-localeconv.o)
                0x0000000000110d5c                _localeconv_r
 .text.__locale_mb_cur_max
                0x0000000000110d68       0x10 c:/msys64/opt/devkitpro/devkitarm/bin/../lib/gcc/arm-none-eabi/9.1.0/../../../../arm-none-eabi/lib/armv6k/fpu\libg.a(lib_a-locale.o)
                0x0000000000110d68                __locale_mb_cur_max
 .text.__swhatbuf_r
                0x0000000000110d78       0x94 c:/msys64/opt/devkitpro/devkitarm/bin/../lib/gcc/arm-none-eabi/9.1.0/../../../../arm-none-eabi/lib/armv6k/fpu\libg.a(lib_a-makebuf.o)
                0x0000000000110d78                __swhatbuf_r
 .text.__smakebuf_r
                0x0000000000110e0c       0xf8 c:/msys64/opt/devkitpro/devkitarm/bin/../lib/gcc/arm-none-eabi/9.1.0/../../../../arm-none-eabi/lib/armv6k/fpu\libg.a(lib_a-makebuf.o)
                0x0000000000110e0c                __smakebuf_r
 .text._mbrtowc_r
                0x0000000000110f04       0x60 c:/msys64/opt/devkitpro/devkitarm/bin/../lib/gcc/arm-none-eabi/9.1.0/../../../../arm-none-eabi/lib/armv6k/fpu\libg.a(lib_a-mbrtowc.o)
                0x0000000000110f04                _mbrtowc_r
 .text.__utf8_mbtowc
                0x0000000000110f64      0x2fc c:/msys64/opt/devkitpro/devkitarm/bin/../lib/gcc/arm-none-eabi/9.1.0/../../../../arm-none-eabi/lib/armv6k/fpu\libg.a(lib_a-mbtowc_r.o)
                0x0000000000110f64                __utf8_mbtowc
 .text.memmove  0x0000000000111260      0x154 c:/msys64/opt/devkitpro/devkitarm/bin/../lib/gcc/arm-none-eabi/9.1.0/../../../../arm-none-eabi/lib/armv6k/fpu\libg.a(lib_a-memmove.o)
                0x0000000000111260                memmove
 .text.realloc  0x00000000001113b4       0x28 c:/msys64/opt/devkitpro/devkitarm/bin/../lib/gcc/arm-none-eabi/9.1.0/../../../../arm-none-eabi/lib/armv6k/fpu\libg.a(lib_a-realloc.o)
                0x00000000001113b4                realloc
 .text._realloc_r
                0x00000000001113dc      0x4bc c:/msys64/opt/devkitpro/devkitarm/bin/../lib/gcc/arm-none-eabi/9.1.0/../../../../arm-none-eabi/lib/armv6k/fpu\libg.a(lib_a-reallocr.o)
                0x00000000001113dc                _realloc_r
 .text.__sccl   0x0000000000111898       0xe8 c:/msys64/opt/devkitpro/devkitarm/bin/../lib/gcc/arm-none-eabi/9.1.0/../../../../arm-none-eabi/lib/armv6k/fpu\libg.a(lib_a-sccl.o)
                0x0000000000111898                __sccl
 .text.nanf     0x0000000000111980        0xc c:/msys64/opt/devkitpro/devkitarm/bin/../lib/gcc/arm-none-eabi/9.1.0/../../../../arm-none-eabi/lib/armv6k/fpu\libg.a(lib_a-sf_nan.o)
                0x0000000000111980                nanf
 .text.sprintf  0x000000000011198c       0x64 c:/msys64/opt/devkitpro/devkitarm/bin/../lib/gcc/arm-none-eabi/9.1.0/../../../../arm-none-eabi/lib/armv6k/fpu\libg.a(lib_a-sprintf.o)
                0x000000000011198c                sprintf
 .text.stpncpy  0x00000000001119f0       0xb8 c:/msys64/opt/devkitpro/devkitarm/bin/../lib/gcc/arm-none-eabi/9.1.0/../../../../arm-none-eabi/lib/armv6k/fpu\libg.a(lib_a-stpncpy.o)
                0x00000000001119f0                stpncpy
 .text.strchr   0x0000000000111aa8      0x144 c:/msys64/opt/devkitpro/devkitarm/bin/../lib/gcc/arm-none-eabi/9.1.0/../../../../arm-none-eabi/lib/armv6k/fpu\libg.a(lib_a-strchr.o)
                0x0000000000111aa8                strchr
 .text.strncmp  0x0000000000111bec       0xec c:/msys64/opt/devkitpro/devkitarm/bin/../lib/gcc/arm-none-eabi/9.1.0/../../../../arm-none-eabi/lib/armv6k/fpu\libg.a(lib_a-strncmp.o)
                0x0000000000111bec                strncmp
 .text.sulp     0x0000000000111cd8       0x54 c:/msys64/opt/devkitpro/devkitarm/bin/../lib/gcc/arm-none-eabi/9.1.0/../../../../arm-none-eabi/lib/armv6k/fpu\libg.a(lib_a-strtod.o)
 *fill*         0x0000000000111d2c        0x4 
 .text._strtod_l
                0x0000000000111d30     0x1414 c:/msys64/opt/devkitpro/devkitarm/bin/../lib/gcc/arm-none-eabi/9.1.0/../../../../arm-none-eabi/lib/armv6k/fpu\libg.a(lib_a-strtod.o)
                0x0000000000111d30                _strtod_l
 .text._strtod_r
                0x0000000000113144        0xc c:/msys64/opt/devkitpro/devkitarm/bin/../lib/gcc/arm-none-eabi/9.1.0/../../../../arm-none-eabi/lib/armv6k/fpu\libg.a(lib_a-strtod.o)
                0x0000000000113144                _strtod_r
 .text._strtoll_l.isra.0
                0x0000000000113150      0x23c c:/msys64/opt/devkitpro/devkitarm/bin/../lib/gcc/arm-none-eabi/9.1.0/../../../../arm-none-eabi/lib/armv6k/fpu\libg.a(lib_a-strtoll.o)
 .text._strtoll_r
                0x000000000011338c        0x4 c:/msys64/opt/devkitpro/devkitarm/bin/../lib/gcc/arm-none-eabi/9.1.0/../../../../arm-none-eabi/lib/armv6k/fpu\libg.a(lib_a-strtoll.o)
                0x000000000011338c                _strtoll_r
 .text._strtol_l.isra.0
                0x0000000000113390      0x1b4 c:/msys64/opt/devkitpro/devkitarm/bin/../lib/gcc/arm-none-eabi/9.1.0/../../../../arm-none-eabi/lib/armv6k/fpu\libg.a(lib_a-strtol.o)
 .text._strtol_r
                0x0000000000113544        0x4 c:/msys64/opt/devkitpro/devkitarm/bin/../lib/gcc/arm-none-eabi/9.1.0/../../../../arm-none-eabi/lib/armv6k/fpu\libg.a(lib_a-strtol.o)
                0x0000000000113544                _strtol_r
 .text._strtoull_l.isra.0
                0x0000000000113548      0x24c c:/msys64/opt/devkitpro/devkitarm/bin/../lib/gcc/arm-none-eabi/9.1.0/../../../../arm-none-eabi/lib/armv6k/fpu\libg.a(lib_a-strtoull.o)
 .text._strtoull_r
                0x0000000000113794        0x4 c:/msys64/opt/devkitpro/devkitarm/bin/../lib/gcc/arm-none-eabi/9.1.0/../../../../arm-none-eabi/lib/armv6k/fpu\libg.a(lib_a-strtoull.o)
                0x0000000000113794                _strtoull_r
 .text._strtoul_l.isra.0
                0x0000000000113798      0x1c8 c:/msys64/opt/devkitpro/devkitarm/bin/../lib/gcc/arm-none-eabi/9.1.0/../../../../arm-none-eabi/lib/armv6k/fpu\libg.a(lib_a-strtoul.o)
 .text._strtoul_r
                0x0000000000113960        0x4 c:/msys64/opt/devkitpro/devkitarm/bin/../lib/gcc/arm-none-eabi/9.1.0/../../../../arm-none-eabi/lib/armv6k/fpu\libg.a(lib_a-strtoul.o)
                0x0000000000113960                _strtoul_r
 .text.__ssprint_r
                0x0000000000113964      0x188 c:/msys64/opt/devkitpro/devkitarm/bin/../lib/gcc/arm-none-eabi/9.1.0/../../../../arm-none-eabi/lib/armv6k/fpu\libg.a(lib_a-svfiprintf.o)
                0x0000000000113964                __ssprint_r
 .text._sungetc_r
                0x0000000000113aec       0xe0 c:/msys64/opt/devkitpro/devkitarm/bin/../lib/gcc/arm-none-eabi/9.1.0/../../../../arm-none-eabi/lib/armv6k/fpu\libg.a(lib_a-svfiscanf.o)
                0x0000000000113aec                _sungetc_r
 .text.__ssrefill_r
                0x0000000000113bcc       0x6c c:/msys64/opt/devkitpro/devkitarm/bin/../lib/gcc/arm-none-eabi/9.1.0/../../../../arm-none-eabi/lib/armv6k/fpu\libg.a(lib_a-svfiscanf.o)
                0x0000000000113bcc                __ssrefill_r
 .text._sfread_r
                0x0000000000113c38       0xc8 c:/msys64/opt/devkitpro/devkitarm/bin/../lib/gcc/arm-none-eabi/9.1.0/../../../../arm-none-eabi/lib/armv6k/fpu\libg.a(lib_a-svfiscanf.o)
                0x0000000000113c38                _sfread_r
 .text.get_arg  0x0000000000113d00      0x650 c:/msys64/opt/devkitpro/devkitarm/bin/../lib/gcc/arm-none-eabi/9.1.0/../../../../arm-none-eabi/lib/armv6k/fpu\libg.a(lib_a-svfprintf.o)
 .text._svfprintf_r
                0x0000000000114350     0x3814 c:/msys64/opt/devkitpro/devkitarm/bin/../lib/gcc/arm-none-eabi/9.1.0/../../../../arm-none-eabi/lib/armv6k/fpu\libg.a(lib_a-svfprintf.o)
                0x0000000000114350                _svfprintf_r
 .text.__submore
                0x0000000000117b64       0xa8 c:/msys64/opt/devkitpro/devkitarm/bin/../lib/gcc/arm-none-eabi/9.1.0/../../../../arm-none-eabi/lib/armv6k/fpu\libg.a(lib_a-ungetc.o)
                0x0000000000117b64                __submore
 .text._wcsnrtombs_l